 num     #instances         #bytes  class name
----------------------------------------------
   1:      43366538     3367675144  [B
   2:      58065247     2787131856  java.nio.HeapByteBuffer
   3:       3071997     1987415064  [I
   4:      10241093     1563924440  [C
   5:      20834726      833389040  org.apache.cassandra.db.PreHashedDecoratedKey
   6:      20964092      745634320  [J
   7:      13921749      668243952  [Lorg.apache.cassandra.db.ClusteringPrefix$Kind;
   8:      24320594      603161864  [Ljava.nio.ByteBuffer;
   9:      24337612      584102688  org.apache.cassandra.db.BufferClustering
  10:      20938916      502533984  org.apache.cassandra.dht.Murmur3Partitioner$LongToken
  11:      10414668      333269376  org.apache.cassandra.db.rows.BTreeRow
  12:       6962411      278496440  org.apache.cassandra.io.sstable.IndexInfo
  13:       6952447      278097880  org.apache.cassandra.db.rows.UnfilteredSerializer$$Lambda$97/413498766
  14:       6232964      249318560  org.apache.cassandra.db.rows.BufferCell
  15:       6971188      223078016  java.util.RandomAccessSubList
  16:       4356121      183000648  [Ljava.lang.Object;
  17:       7534951      180838824  org.apache.cassandra.db.DeletionTime
  18:       7506074      180145776  org.apache.cassandra.db.rows.Row$Deletion
  19:       7103266      170478384  java.util.Arrays$ArrayList
  20:       6945649      166695576  org.apache.cassandra.db.rows.BTreeRow$$Lambda$186/1213494664
  21:       4754352      114104448  java.lang.String
  22:       6981329      111701264  org.apache.cassandra.utils.WrappedInt
  23:       6966969      111471504  org.apache.cassandra.db.rows.BTreeRow$$Lambda$99/2044584373
  24:       2761040       66264960  org.apache.cassandra.db.LivenessInfo
  25:        700169       44810816  java.util.regex.Matcher
  26:        783716       43888096  io.prometheus.jmx.shaded.org.eclipse.jetty.io.ByteArrayBuffer
  27:        852433       34097320  java.util.TreeMap$Entry
  28:       1393620       33446880  java.lang.StringBuilder
  29:        529210       25402080  java.util.HashMap
  30:        258159       25306816  [Ljava.util.HashMap$Node;
  31:        981364       23552736  java.util.concurrent.ConcurrentSkipListMap$Node
  32:        498114       19924560  java.util.LinkedHashMap$Entry
  33:        603383       19308256  org.apache.cassandra.db.rows.EncodingStats
  34:        598232       19143424  org.apache.cassandra.db.partitions.AbstractBTreePartition$Holder
  35:        581160       18597120  org.apache.cassandra.db.partitions.AtomicBTreePartition
  36:        767025       18408600  java.util.concurrent.ConcurrentLinkedQueue$Node
  37:        706897       16965528  java.lang.Long
  38:        273163       15297128  org.apache.cassandra.utils.memory.BufferPool$Chunk
  39:        453799       14521568  java.util.HashMap$Node
  40:        584081       14017944  org.apache.cassandra.db.BufferDecoratedKey
  41:        564912       13557888  org.apache.cassandra.db.Columns
  42:        563718       13529232  org.apache.cassandra.db.PartitionColumns
  43:        186431       13423032  java.util.regex.Pattern
  44:        510359       12248616  java.util.concurrent.ConcurrentLinkedQueue
  45:        509394       12225456  org.apache.cassandra.dht.LocalPartitioner$LocalToken
  46:        254116       12197568  org.apache.cassandra.utils.concurrent.OpOrder$Group
  47:        250798       12038304  java.util.TreeMap
  48:        186356       10435936  [Ljava.util.regex.Pattern$GroupHead;
  49:        384181        9220344  java.util.concurrent.ConcurrentSkipListMap$Index
  50:        372346        8936304  java.util.regex.Pattern$Slice
  51:        132979        8520360  [Ljava.util.Hashtable$Entry;
  52:        265881        8508192  java.util.Vector
  53:        508966        8143456  org.apache.cassandra.utils.concurrent.WaitQueue
  54:        497404        7958464  org.apache.cassandra.db.rows.CellPath$SingleItemCellPath
  55:        111667        7146688  org.apache.cassandra.utils.btree.BTreeSearchIterator
  56:        147942        7101216  java.util.concurrent.ConcurrentHashMap$TreeNode
  57:        221360        7083520  java.io.File
  58:        166160        6646400  java.security.ProtectionDomain
  59:        272843        6548232  java.util.ArrayList
  60:        132963        6382224  java.util.Hashtable
  61:        109408        6126848  java.util.LinkedHashMap
  62:        247665        5943960  javax.management.openmbean.CompositeDataSupport
  63:        147814        5912560  javax.management.MBeanPermission
  64:        171151        5476832  java.util.regex.Pattern$BnM
  65:        166141        5316512  java.security.CodeSource
  66:          7893        5307240  [D
  67:         40068        5128704  sun.nio.fs.UnixFileAttributes
  68:         87697        4209456  sun.nio.cs.US_ASCII$Decoder
  69:        247985        3967760  java.util.TreeMap$KeySet
  70:        148188        3556512  java.lang.StringBuffer
  71:         33183        3451032  sun.rmi.server.LoaderHandler$Loader
  72:         48845        3126080  java.nio.DirectByteBuffer
  73:         93296        2985472  sun.nio.fs.UnixPath
  74:        185866        2973856  java.util.regex.Pattern$Dot
  75:         88712        2838784  java.util.LinkedList
  76:         88008        2816256  java.util.LinkedList$ListItr
  77:        113733        2729592  java.util.Collections$UnmodifiableRandomAccessList
  78:         33483        2680208  [Ljava.util.WeakHashMap$Entry;
  79:        166582        2665312  java.lang.Integer
  80:        166160        2658560  [Ljava.security.Principal;
  81:        166160        2658560  java.security.ProtectionDomain$Key
  82:        109646        2631504  java.lang.Double
  83:        106618        2558832  javax.management.ObjectName$Property
  84:        159672        2554752  java.util.HashSet
  85:         33190        2389680  javax.management.remote.rmi.RMIConnectionImpl$CombinedClassLoader
  86:         33190        2389680  javax.management.remote.rmi.RMIConnectionImpl$CombinedClassLoader$ClassLoaderWrapper
  87:         33182        2389104  com.sun.jmx.remote.util.OrderClassLoaders
  88:         93945        2254680  org.apache.cassandra.utils.Pair
  89:         68958        2206656  java.util.concurrent.ConcurrentHashMap$Node
  90:         54166        2166640  java.util.ArrayList$SubList
  91:         38374        2148944  sun.nio.cs.UTF_8$Encoder
  92:         66417        2125344  java.security.Permissions
  93:         11335        2095200  [Lcom.codahale.metrics.WeightedSnapshot$WeightedSample;
  94:         42269        2028912  org.apache.cassandra.io.sstable.Descriptor
  95:         42268        2028864  org.apache.cassandra.io.sstable.format.big.BigFormat$BigVersion
  96:         68324        2025352  [Ljavax.management.ObjectName$Property;
  97:         61270        1960640  java.util.ArrayList$Itr
  98:         80547        1933128  org.apache.cassandra.db.rows.ComplexColumnData
  99:         62566        1926056  [Ljava.lang.String;
 100:         79804        1915296  org.apache.cassandra.service.QueryState
 101:         74019        1776456  java.util.concurrent.ConcurrentLinkedDeque$Node
 102:         23418        1686096  java.util.concurrent.ScheduledThreadPoolExecutor$ScheduledFutureTask
 103:         40229        1609160  java.util.ArrayList$SubList$1
 104:         33477        1606896  java.util.WeakHashMap
 105:         49858        1595456  java.io.FilePermission
 106:         33187        1592976  sun.misc.URLClassPath
 107:         88026        1408416  java.util.LinkedHashMap$LinkedEntrySet
 108:         42800        1369600  java.nio.file.FileTreeWalker$Event
 109:         33545        1341800  javax.management.ObjectName
 110:         33397        1335880  java.security.AccessControlContext
 111:         33219        1328760  java.util.HashMap$KeyIterator
 112:         33183        1327320  sun.rmi.server.LoaderHandler$LoaderEntry
 113:           849        1317312  [Ljava.util.concurrent.ConcurrentHashMap$Node;
 114:         32423        1296920  org.apache.cassandra.utils.concurrent.Ref$State
 115:         47122        1130928  org.apache.cassandra.metrics.DecayingEstimatedHistogramReservoir$EstimatedHistogramReservoirSnapshot
 116:         45469        1091256  java.io.ExpiringCache$Entry
 117:         33801        1081632  java.lang.ref.ReferenceQueue
 118:         33457        1070624  org.apache.cassandra.db.LivenessInfo$ExpiringLivenessInfo
 119:         33221        1063072  java.security.BasicPermissionCollection
 120:         33206        1062592  java.util.PropertyPermission
 121:         33195        1062240  java.util.Stack
 122:          9360        1041384  java.lang.Class
 123:         41826        1003824  java.util.ArrayDeque
 124:         39568         949632  sun.nio.fs.UnixFileAttributeViews$Basic
 125:         29479         943328  org.apache.cassandra.cache.ChunkCache$Key
 126:         39105         938520  [Lorg.apache.cassandra.io.sstable.format.SSTableFormat$Type;
 127:         38936         934464  javax.management.ObjectInstance
 128:          1055         928240  [Lio.netty.util.Recycler$DefaultHandle;
 129:         22989         919560  com.github.benmanes.caffeine.cache.NodeFactory$SStMW
 130:         27344         875008  java.util.AbstractList$ListItr
 131:         15433         864248  javax.management.MBeanServerNotification
 132:          8288         859400  [S
 133:         34507         828168  sun.rmi.server.LoaderHandler$LoaderKey
 134:          1248         818688  io.netty.util.internal.shaded.org.jctools.queues.MpscArrayQueue
 135:         33815         811560  org.apache.cassandra.dht.Token$KeyBound
 136:         33307         799584  [Ljava.security.ProtectionDomain;
 137:         33279         798696  java.lang.RuntimePermission
 138:         49907         798512  java.util.concurrent.atomic.AtomicInteger
 139:         49829         797264  java.io.FilePermission$1
 140:         33184         796416  java.util.PropertyPermissionCollection
 141:         32423         778152  org.apache.cassandra.utils.concurrent.Ref
 142:         19197         737240  [Ljavax.management.MBeanAttributeInfo;
 143:         22989         735648  org.apache.cassandra.cache.ChunkCache$Buffer
 144:         30354         728496  com.sun.jmx.remote.internal.ArrayNotificationBuffer$NamedNotification
 145:         14921         716208  javax.management.Notification
 146:         29645         711480  org.apache.cassandra.db.MutableDeletionInfo
 147:         41940         671040  java.util.HashMap$Values
 148:         27344         656256  java.util.SubList$1
 149:         26741         641784  java.util.concurrent.Executors$RunnableAdapter
 150:         40068         641088  sun.nio.fs.UnixFileAttributes$UnixAsBasicFileAttributes
 151:         19698         630336  java.util.concurrent.locks.AbstractQueuedSynchronizer$Node
 152:         19185         613920  sun.misc.FDBigInteger
 153:         19009         608288  com.codahale.metrics.WeightedSnapshot$WeightedSample
 154:         25339         608136  java.util.EnumMap$EntryIterator$Entry
 155:         18756         600192  io.prometheus.jmx.shaded.io.prometheus.client.Collector$MetricFamilySamples$Sample
 156:          4100         557600  com.googlecode.concurrentlinkedhashmap.ConcurrentLinkedHashMap$PaddedAtomicReference
 157:         33803         540848  java.lang.ref.ReferenceQueue$Lock
 158:         21512         516288  org.apache.cassandra.db.ClusteringBound
 159:         21391         513384  org.apache.cassandra.dht.Range
 160:         21093         506232  java.util.concurrent.ConcurrentLinkedDeque
 161:         21093         506232  org.apache.cassandra.utils.concurrent.Ref$GlobalState
 162:         12132         485280  org.apache.cassandra.db.lifecycle.View
 163:         14996         479872  org.apache.cassandra.cql3.ColumnIdentifier
 164:         19685         472440  org.apache.cassandra.cache.KeyCacheKey
 165:         19532         468768  [Lorg.apache.cassandra.dht.Range;
 166:         18942         454608  javax.management.openmbean.TabularDataSupport
 167:         11222         448880  org.apache.cassandra.db.rows.UnfilteredSerializer$$Lambda$120/1120957990
 168:         27755         444080  java.lang.Object
 169:         10945         437800  org.apache.cassandra.db.rows.BTreeRow$Builder
 170:          6030         385920  org.apache.cassandra.utils.btree.NodeBuilder
 171:         15990         383760  org.apache.cassandra.utils.Interval
 172:          4350         382800  java.lang.reflect.Method
 173:         23160         370560  java.util.HashMap$KeySet
 174:         11249         359968  java.util.concurrent.ConcurrentSkipListMap$HeadIndex
 175:         22456         359296  org.apache.cassandra.db.ColumnFamilyStore$1
 176:         14749         353976  java.util.regex.Pattern$Start
 177:         14712         353088  java.util.regex.Pattern$TreeInfo
 178:          8739         349560  java.util.HashMap$ValueIterator
 179:          7168         344064  org.apache.cassandra.db.SimpleBuilders$RowBuilder
 180:          8198         327920  org.apache.cassandra.locator.TokenMetadata$2
 181:         13637         327288  java.util.concurrent.atomic.AtomicLong
 182:           843         323712  io.netty.util.concurrent.FastThreadLocalThread
 183:          8074         322960  org.apache.cassandra.db.rows.BTreeRow$$Lambda$117/175118672
 184:         19740         315840  java.util.LinkedHashMap$LinkedValues
 185:          6561         314928  org.apache.cassandra.utils.IntervalTree$IntervalNode
 186:         12541         300984  com.googlecode.concurrentlinkedhashmap.ConcurrentLinkedHashMap$WeightedValue
 187:          9138         292416  com.googlecode.concurrentlinkedhashmap.ConcurrentHashMapV8$Node
 188:         12010         288240  org.apache.cassandra.service.StorageProxy$RangeForQuery
 189:          2714         282256  java.io.ObjectStreamClass
 190:          2410         269920  java.net.SocksSocketImpl
 191:          8149         260768  com.googlecode.concurrentlinkedhashmap.ConcurrentLinkedHashMap$Node
 192:         16148         258368  org.apache.cassandra.db.Columns$$Lambda$116/1460451903
 193:          8050         257600  java.io.FileDescriptor
 194:          6238         249520  org.apache.cassandra.io.util.MmappedRegions$State
 195:         10165         243960  com.google.common.collect.ImmutableEntry
 196:         10061         241464  java.util.Collections$1
 197:          7405         236960  java.util.AbstractList$Itr
 198:         14336         229376  com.google.common.collect.Iterators$3
 199:          9398         225552  com.google.common.collect.Iterators$12
 200:          3493         223552  sun.nio.ch.FileChannelImpl
 201:          3421         218944  java.nio.DirectByteBufferR
 202:          5456         218240  java.lang.ref.SoftReference
 203:          6809         217888  com.codahale.metrics.LongAdder
 204:          3851         215656  java.util.stream.ReferencePipeline$Head
 205:          6565         210080  org.apache.cassandra.db.rows.BTreeRow$CellIterator
 206:          6544         209408  io.netty.util.Recycler$DefaultHandle
 207:          6475         207200  com.google.common.collect.RegularImmutableList
 208:          8555         205320  org.apache.cassandra.db.lifecycle.SSTableIntervalTree
 209:          5085         203560  [Ljava.util.concurrent.ConcurrentSkipListMap$Index;
 210:          4998         199920  java.util.HashMap$EntryIterator
 211:          8198         196752  com.google.common.collect.Collections2$TransformedCollection
 212:          8170         196080  org.apache.cassandra.utils.btree.BTree$FiltrationTracker
 213:          1526         195328  org.apache.cassandra.io.sstable.format.big.BigTableReader
 214:          6080         194560  java.io.ObjectStreamClass$WeakClassKey
 215:          2627         189144  java.lang.reflect.Field
 216:          7833         187992  org.apache.cassandra.db.RowIndexEntry
 217:          3900         187200  java.util.concurrent.ConcurrentHashMap$TreeBin
 218:          2892         185088  java.util.stream.ReferencePipeline$2
 219:          2882         184448  io.netty.buffer.PoolSubpage
 220:          7514         180336  com.sun.jmx.mbeanserver.NamedObject
 221:          7491         179784  com.sun.jmx.mbeanserver.StandardMBeanSupport
 222:         11236         179776  org.apache.cassandra.utils.WrappedBoolean
 223:          3744         179712  java.util.concurrent.locks.ReentrantReadWriteLock$FairSync
 224:          5554         177728  com.google.common.collect.Iterators$11
 225:          4441         177640  org.apache.cassandra.io.util.SafeMemory
 226:         11076         177216  org.apache.cassandra.db.rows.BTreeRow$Builder$CellResolver
 227:          3618         173664  java.util.TimSort
 228:          7086         173592  [Ljava.lang.Class;
 229:          7180         172320  org.apache.cassandra.db.rows.Rows$$Lambda$115/1674888420
 230:          5368         171568  [Lorg.apache.cassandra.db.ClusteringBound;
 231:          1526         170912  org.apache.cassandra.io.sstable.metadata.StatsMetadata
 232:          4264         170712  [Lorg.apache.cassandra.db.transform.Transformation;
 233:           802         168048  [Z
 234:          4096         163840  sun.misc.Cleaner
 235:          6685         160440  org.apache.cassandra.locator.AbstractEndpointSnitch$1
 236:          6502         156048  org.apache.cassandra.io.util.ChannelProxy
 237:          3213         154224  com.codahale.metrics.EWMA
 238:          3803         152120  org.apache.cassandra.utils.MergeIterator$Candidate
 239:          4722         151104  java.net.InetAddress$InetAddressHolder
 240:          6229         149496  org.apache.cassandra.dht.ExcludingBounds
 241:          3732         149280  sun.nio.fs.UnixDirectoryStream
 242:          9216         147456  com.google.common.collect.Maps$6
 243:          2612         146272  io.netty.util.concurrent.ScheduledFutureTask
 244:          2023         145656  io.netty.channel.DefaultChannelHandlerContext
 245:          3589         143560  org.apache.cassandra.db.SerializationHeader
 246:          4474         143168  org.apache.cassandra.io.util.SafeMemory$MemoryTidy
 247:           144         142592  [Lio.netty.buffer.PoolSubpage;
 248:          5933         142392  org.apache.cassandra.io.util.RandomAccessReader$BufferedRandomAccessFileMark
 249:          8634         138144  java.util.Collections$SingletonSet
 250:          2841         136368  java.util.concurrent.ConcurrentSkipListMap
 251:          3356         134240  java.util.Formatter$FormatSpecifier
 252:          8382         134112  java.util.concurrent.atomic.AtomicBoolean
 253:          2055         131520  java.util.stream.ReferencePipeline$3
 254:          3274         130960  sun.nio.ch.FileChannelImpl$Unmapper
 255:          2689         129072  org.apache.cassandra.net.MessageOut
 256:          2684         128832  org.apache.cassandra.db.RangeTombstoneList
 257:          1336         128256  org.apache.cassandra.db.SinglePartitionReadCommand
 258:          8006         128096  java.util.HashMap$EntrySet
 259:          3148         125920  org.apache.cassandra.db.rows.SerializationHelper
 260:          3916         125312  java.util.concurrent.ConcurrentSkipListMap$ValueIterator
 261:          5205         124920  java.util.concurrent.locks.ReentrantReadWriteLock
 262:          1475         123056  [Ljava.lang.ThreadLocal$ThreadLocalMap$Entry;
 263:          3074         122960  org.apache.cassandra.io.util.FileHandle
 264:          3760         120320  java.lang.ThreadLocal$ThreadLocalMap$Entry
 265:          3732         119424  sun.nio.fs.UnixDirectoryStream$UnixDirectoryIterator
 266:          3675         117600  java.util.RegularEnumSet
 267:          7169         114704  org.apache.cassandra.utils.concurrent.Refs
 268:          1786         114304  java.util.concurrent.ConcurrentHashMap
 269:          2852         114080  java.lang.ref.Finalizer
 270:          3559         113888  java.util.EnumMap$EntryIterator
 271:          4617         110808  java.util.concurrent.locks.ReentrantReadWriteLock$Sync$HoldCounter
 272:          4584         110016  com.google.common.collect.ImmutableList$1
 273:          3429         109728  java.rmi.server.UID
 274:           785         106760  io.netty.util.internal.InternalThreadLocalMap
 275:          1326         106080  org.apache.cassandra.db.Memtable
 276:          2568         102720  [Ljava.util.Formatter$Flags;
 277:          2565         102600  java.util.EnumMap
 278:          2564         102560  java.io.ObjectOutputStream$HandleTable
 279:          4261         102264  java.util.Collections$SingletonList
 280:          3166         101312  java.lang.StringCoding$StringEncoder
 281:          4158          99792  com.google.common.collect.SingletonImmutableList
 282:          3100          99200  org.apache.cassandra.io.util.FileHandle$Cleanup
 283:          2065          99120  org.apache.cassandra.concurrent.AbstractLocalAwareExecutorService$LocalSessionFutureTask
 284:          6182          98912  org.apache.cassandra.dht.Range$1
 285:          2378          95120  org.apache.cassandra.net.MessageIn
 286:          3916          93984  com.codahale.metrics.WeightedSnapshot
 287:          1282          92304  sun.rmi.transport.ConnectionOutputStream
 288:          1271          91512  org.apache.cassandra.db.rows.UnfilteredRowIteratorSerializer$1
 289:          3802          91248  com.google.common.collect.Iterables$2
 290:           218          90688  [Lorg.antlr.runtime.BitSet;
 291:          1122          89760  java.lang.reflect.Constructor
 292:          3732          89568  sun.nio.fs.UnixSecureDirectoryStream
 293:          3690          88560  org.apache.cassandra.metrics.CassandraMetricsRegistry$JmxGauge
 294:          3682          88368  java.util.concurrent.LinkedBlockingQueue$Node
 295:          5497          87952  java.util.Optional
 296:          3649          87576  java.net.Inet4Address
 297:          5470          87520  java.util.concurrent.atomic.AtomicLongArray
 298:          2732          87424  java.nio.file.FileTreeWalker$DirectoryNode
 299:          2732          87424  sun.nio.fs.UnixFileKey
 300:          1555          87080  org.apache.cassandra.io.compress.CompressionMetadata
 301:          1537          86072  org.apache.cassandra.io.sstable.IndexSummary
 302:          1537          86072  org.apache.cassandra.io.sstable.format.SSTableReader$InstanceTidier
 303:          2652          84864  org.apache.cassandra.utils.memory.MemtableAllocator$SubAllocator
 304:          3493          83832  sun.nio.ch.NativeThreadSet
 305:          5209          83344  java.util.concurrent.locks.ReentrantReadWriteLock$ReadLock
 306:          5209          83344  java.util.concurrent.locks.ReentrantReadWriteLock$Sync$ThreadLocalHoldCounter
 307:          5209          83344  java.util.concurrent.locks.ReentrantReadWriteLock$WriteLock
 308:           611          83096  com.codahale.metrics.Striped64$Cell
 309:          1480          82880  sun.nio.cs.US_ASCII$Encoder
 310:          3448          82752  com.google.common.collect.ImmutableMapEntry$TerminalEntry
 311:          1282          82048  sun.rmi.transport.ConnectionInputStream
 312:          3417          82008  org.apache.cassandra.io.util.ChannelProxy$Cleanup
 313:          3380          81120  org.apache.cassandra.db.commitlog.CommitLogPosition
 314:          4974          79584  com.google.common.collect.Iterables$3
 315:          1984          79360  com.google.common.collect.SingletonImmutableBiMap
 316:          1954          78160  org.apache.cassandra.utils.btree.BTree$Builder
 317:          2406          76992  java.net.Socket
 318:          1355          75880  org.apache.cassandra.db.rows.UnfilteredRowIteratorWithLowerBound
 319:           856          75328  org.apache.cassandra.db.PartitionRangeReadCommand
 320:          4674          74784  java.util.concurrent.atomic.AtomicReference
 321:          3109          74616  org.apache.cassandra.io.util.MmappedRegions
 322:          1296          73248  [Ljava.io.ObjectInputStream$HandleTable$HandleList;
 323:          3052          73248  org.apache.cassandra.utils.EstimatedHistogram
 324:          1282          71792  java.io.ObjectInputStream$BlockDataInputStream
 325:          1491          71568  org.apache.cassandra.db.partitions.UnfilteredPartitionIterators$Serializer$1
 326:          2226          71232  java.lang.ref.WeakReference
 327:          2201          70432  java.util.concurrent.locks.ReentrantLock$NonfairSync
 328:          1465          70320  java.util.concurrent.locks.ReentrantReadWriteLock$NonfairSync
 329:          2892          69408  java.util.stream.ReferencePipeline$2$1
 330:          2141          68512  java.util.TreeMap$ValueIterator
 331:          2136          68352  java.util.NoSuchElementException
 332:          4252          68032  org.apache.cassandra.db.transform.BaseIterator$Stop
 333:          1675          67000  org.apache.cassandra.utils.MergeIterator$ManyToOne
 334:          1182          66192  org.apache.cassandra.db.ReadCommand$1MetricRecording
 335:          2749          65976  java.util.Formatter$FixedString
 336:             7          65136  [Lcom.googlecode.concurrentlinkedhashmap.ConcurrentHashMapV8$Node;
 337:          2689          64536  org.apache.cassandra.concurrent.ExecutorLocals
 338:          1008          64512  org.apache.cassandra.service.ReadCallback
 339:          1326          63648  org.apache.cassandra.utils.memory.SlabAllocator
 340:          1962          62784  java.util.Hashtable$Entry
 341:          2611          62664  io.netty.util.concurrent.PromiseTask$RunnableAdapter
 342:          3916          62656  com.codahale.metrics.WeightedSnapshot$1
 343:          1953          62496  com.google.common.collect.Iterators$7
 344:          1526          61040  org.apache.cassandra.io.sstable.BloomFilterTracker
 345:          1087          60872  org.apache.cassandra.db.ClusteringPrefix$Deserializer
 346:          1087          60872  org.apache.cassandra.db.columniterator.SSTableIterator
 347:          1519          60760  com.google.common.collect.RegularImmutableSortedMap
 348:          1503          60120  org.apache.cassandra.db.lifecycle.LogTransaction$SSTableTidier
 349:          1064          59584  org.apache.cassandra.db.transform.UnfilteredRows
 350:          1057          59192  java.lang.Class$ReflectionData
 351:          1846          59072  org.apache.cassandra.net.OutboundTcpConnection$QueuedMessage
 352:          1050          58800  java.lang.invoke.MemberName
 353:          1837          58784  io.netty.buffer.PoolThreadCache$MemoryRegionCache$Entry
 354:          1211          58128  org.apache.cassandra.db.filter.DataLimits$CQLLimits$CQLCounter
 355:          1209          58032  org.apache.cassandra.metrics.DecayingEstimatedHistogramReservoir
 356:          1795          57440  java.util.concurrent.ConcurrentLinkedQueue$Itr
 357:          1782          57024  org.apache.cassandra.db.MultiCBuilder$OneClusteringBuilder
 358:          1182          56736  org.apache.cassandra.db.transform.UnfilteredPartitions
 359:          1415          56600  java.util.Spliterators$IteratorSpliterator
 360:          1766          56512  org.apache.cassandra.io.util.Memory
 361:          1174          56352  io.netty.buffer.SlicedAbstractByteBuf
 362:          3521          56336  java.nio.channels.spi.AbstractInterruptibleChannel$1
 363:           879          56256  io.netty.util.Recycler$Stack
 364:          3494          55904  sun.nio.ch.FileDispatcherImpl
 365:          1950          55672  [Lcom.google.common.collect.ImmutableMapEntry;
 366:          1135          54480  org.antlr.runtime.CommonToken
 367:          1702          54464  java.util.UUID
 368:          1358          54320  java.io.ObjectStreamClass$FieldReflectorKey
 369:          3366          53856  java.util.Formatter$Flags
 370:          2228          53472  org.apache.cassandra.utils.btree.BTreeSet
 371:          1087          52176  org.apache.cassandra.db.UnfilteredDeserializer$CurrentDeserializer
 372:          1629          52128  java.util.ArrayList$ArrayListSpliterator
 373:          1557          52048  [Ljava.util.Formatter$FormatString;
 374:          1071          51408  com.codahale.metrics.Meter
 375:          1282          51280  java.io.ObjectOutputStream$BlockDataOutputStream
 376:          1068          51264  java.nio.HeapCharBuffer
 377:          1271          50840  org.apache.cassandra.db.rows.UnfilteredRowIteratorSerializer$Header
 378:          1588          50816  java.io.DataInputStream
 379:          1573          50336  [Lcom.google.common.collect.ImmutableMapEntry$TerminalEntry;
 380:          3129          50064  org.apache.cassandra.io.util.MmappedRegions$Tidier
 381:          1559          49888  org.apache.cassandra.io.sstable.format.SSTableReader$GlobalTidy
 382:          1557          49824  java.util.Formatter
 383:          1555          49760  org.apache.cassandra.io.util.CompressedChunkReader$Mmap
 384:          1554          49728  org.apache.cassandra.io.util.MmapRebufferer
 385:          3103          49648  org.apache.cassandra.utils.concurrent.WrappedSharedCloseable$Tidy
 386:          1240          49600  org.apache.cassandra.concurrent.AbstractLocalAwareExecutorService$FutureTask
 387:          1546          49472  org.apache.cassandra.cache.ChunkCache$CachingRebufferer
 388:          1543          49376  com.google.common.collect.RegularImmutableSortedSet
 389:          1234          49360  org.apache.cassandra.db.partitions.PartitionUpdate
 390:          2055          49320  java.util.stream.ReferencePipeline$3$1
 391:          1230          49200  org.apache.cassandra.db.transform.FilteredPartitions
 392:          1537          49184  org.apache.cassandra.utils.BloomFilter
 393:          1508          48256  java.util.stream.Collectors$CollectorImpl
 394:          1508          48256  java.util.stream.ReduceOps$3
 395:          1508          48256  java.util.stream.ReduceOps$3ReducingSink
 396:          1988          47712  org.apache.cassandra.utils.btree.TreeBuilder
 397:          1182          47280  org.apache.cassandra.db.ReadCommand$1WithoutPurgeableTombstones
 398:          1169          46760  org.apache.cassandra.db.rows.Row$Merger
 399:          1169          46760  org.apache.cassandra.db.rows.Row$Merger$ColumnDataReducer
 400:          1421          45472  org.apache.cassandra.transport.Frame$Header
 401:          1892          45408  org.apache.cassandra.metrics.CassandraMetricsRegistry$JmxCounter
 402:           808          45248  java.util.concurrent.ConcurrentHashMap$ValueIterator
 403:          1111          44440  java.util.IdentityHashMap
 404:          1675          43824  [Lorg.apache.cassandra.utils.MergeIterator$Candidate;
 405:          1811          43464  org.apache.cassandra.net.MessageDeliveryTask
 406:           896          43008  org.apache.cassandra.metrics.CassandraMetricsRegistry$JmxTimer
 407:           114          42864  java.lang.Thread
 408:           878          42144  org.apache.cassandra.metrics.RestorableMeter$RestorableEWMA
 409:          1051          42040  java.net.SocketTimeoutException
 410:          1051          42040  org.apache.thrift.transport.TTransportException
 411:          1307          41824  java.io.DataOutputStream
 412:          1727          41448  java.util.concurrent.CopyOnWriteArrayList
 413:          1287          41184  sun.rmi.transport.StreamRemoteCall
 414:          1287          41184  sun.rmi.transport.Transport$1
 415:          1282          41024  java.io.ObjectInputStream$HandleTable
 416:          2564          41024  sun.rmi.transport.Transport$$Lambda$323/715862505
 417:          2480          39680  org.apache.cassandra.concurrent.SEPWorker$Work
 418:           413          39648  io.netty.buffer.PooledUnsafeDirectByteBuf
 419:           705          39480  org.apache.cassandra.db.columniterator.SSTableIterator$ForwardReader
 420:           975          39000  com.google.common.collect.RegularImmutableMap
 421:           807          38736  org.apache.cassandra.db.transform.FilteredRows
 422:          1609          38616  org.apache.cassandra.db.RowIndexEntry$Serializer
 423:          1203          38496  org.apache.cassandra.db.ReadExecutionController
 424:           685          38360  org.apache.cassandra.transport.messages.ResultMessage$Rows
 425:          1182          37824  org.apache.cassandra.db.ReadCommand$CheckForAbort
 426:          1182          37824  org.apache.cassandra.db.partitions.PurgeFunction$$Lambda$102/29548974
 427:          1573          37752  com.google.common.collect.ImmutableMap$Builder
 428:           942          37680  java.lang.invoke.MethodType
 429:          1554          37296  [Ljava.lang.AutoCloseable;
 430:          1549          37176  [Lorg.apache.cassandra.io.util.Memory;
 431:          1544          37056  org.apache.cassandra.locator.DynamicEndpointSnitch$3
 432:          1152          36864  io.netty.buffer.PoolThreadCache$SubPageMemoryRegionCache
 433:          1526          36624  org.apache.cassandra.utils.StreamingHistogram
 434:          1518          36432  org.apache.cassandra.gms.GossipDigest
 435:          1515          36360  com.google.common.collect.ImmutableSortedAsList
 436:          1515          36360  com.google.common.collect.RegularImmutableSortedMap$EntrySet
 437:          1515          36360  com.google.common.collect.RegularImmutableSortedMap$EntrySet$1
 438:          1492          35808  org.apache.cassandra.db.Memtable$LastCommitLogPosition
 439:          1116          35712  io.prometheus.jmx.shaded.io.prometheus.client.Collector$MetricFamilySamples
 440:          1486          35664  com.google.common.collect.SingletonImmutableSet
 441:          1480          35520  sun.nio.cs.Surrogate$Parser
 442:          1464          35136  java.lang.ThreadLocal$ThreadLocalMap
 443:           257          34952  io.netty.channel.epoll.EpollSocketChannel
 444:           536          34304  org.apache.cassandra.config.ColumnDefinition
 445:           712          34176  java.util.concurrent.ThreadPoolExecutor$Worker
 446:          1421          34104  org.apache.cassandra.transport.Frame
 447:           598          33488  org.apache.cassandra.db.rows.UnfilteredRowIterators$UnfilteredRowMergeIterator
 448:          1383          33192  java.io.SerialCallbackContext
 449:           828          33120  java.util.WeakHashMap$Entry
 450:          1035          33120  org.apache.cassandra.io.util.RandomAccessReader
 451:          1357          32568  org.apache.cassandra.db.Slice
 452:          1350          32400  java.io.ObjectStreamClass$ClassDataSlot
 453:          1327          31896  [Ljava.io.ObjectStreamClass$ClassDataSlot;
 454:          1326          31824  org.apache.cassandra.db.Memtable$ColumnsCollector
 455:          1317          31608  org.apache.cassandra.utils.memory.SlabAllocator$Region
 456:           981          31392  java.lang.invoke.MethodType$ConcurrentWeakInternSet$WeakEntry
 457:          1308          31392  java.rmi.server.ObjID
 458:           973          31136  org.apache.cassandra.db.filter.ColumnFilter
 459:          1282          30768  java.io.ObjectInputStream$PeekInputStream
 460:          1282          30768  java.io.ObjectOutputStream$ReplaceTable
 461:           639          30672  org.apache.cassandra.cql3.selection.Selection$ResultSetBuilder
 462:          1260          30240  com.google.common.collect.Iterators$5
 463:          1875          30000  java.util.concurrent.locks.ReentrantLock
 464:          1855          29680  java.util.Collections$UnmodifiableCollection
 465:          1225          29400  org.apache.cassandra.utils.concurrent.OpOrder$Barrier
 466:           914          29248  org.apache.cassandra.io.util.DataOutputBuffer
 467:          1202          28848  org.apache.cassandra.db.ColumnFamilyStore$ViewFragment
 468:          1198          28752  org.apache.cassandra.db.rows.RangeTombstoneBoundMarker
 469:          1182          28536  [Lorg.apache.cassandra.db.rows.Row;
 470:           880          28160  org.apache.cassandra.cql3.ResultSet$ResultMetadata
 471:           501          28056  org.apache.cassandra.db.RowIndexEntry$IndexedEntry
 472:          1169          28056  org.apache.cassandra.db.rows.Row$Merger$CellReducer
 473:           700          28000  java.math.BigInteger
 474:           875          28000  sun.security.util.DerInputBuffer
 475:           875          28000  sun.security.util.DerValue
 476:           873          27936  org.apache.cassandra.utils.ExpiringMap$CacheableObject
 477:           496          27776  sun.security.provider.MD5
 478:           382          27504  org.apache.cassandra.db.columniterator.SSTableIterator$ForwardIndexedReader
 479:           859          27488  org.apache.cassandra.net.CallbackInfo
 480:          1512          27392  [Ljavax.management.openmbean.CompositeData;
 481:           423          27360  [Ljava.lang.reflect.Method;
 482:           669          26760  org.apache.cassandra.cql3.QueryOptions$DefaultQueryOptions
 483:           835          26720  com.google.common.collect.MapMakerInternalMap$WeakValueReference
 484:           834          26688  com.google.common.collect.MapMakerInternalMap$StrongEntry
 485:          1098          26352  java.util.stream.ForEachOps$ForEachOp$OfRef
 486:           809          25888  sun.rmi.transport.DGCImpl$LeaseInfo
 487:          1072          25728  java.net.InetAddress
 488:          1581          25296  org.apache.cassandra.db.rows.AbstractRow$$Lambda$108/1824190975
 489:           627          25080  org.apache.cassandra.db.EmptyIterators$EmptyUnfilteredRowIterator
 490:          1040          24960  org.apache.cassandra.db.transform.Filter
 491:          1554          24864  org.apache.cassandra.utils.obs.OffHeapBitSet
 492:           774          24768  org.apache.cassandra.db.lifecycle.LogFile
 493:           774          24768  org.apache.cassandra.db.lifecycle.LogTransaction
 494:           774          24768  org.apache.cassandra.utils.CassandraVersion
 495:          1022          24528  org.apache.cassandra.utils.concurrent.SimpleCondition
 496:          1529          24464  java.util.concurrent.CopyOnWriteArraySet
 497:          1527          24432  org.apache.cassandra.db.commitlog.IntervalSet
 498:          1526          24416  org.apache.cassandra.io.sstable.format.SSTableReader$UniqueIdentifier
 499:           605          24200  [Lorg.apache.cassandra.db.filter.DataLimits$Kind;
 500:          1008          24192  org.apache.cassandra.utils.concurrent.Accumulator
 501:           598          23920  org.apache.cassandra.db.rows.RangeTombstoneMarker$Merger
 502:          1491          23856  org.apache.cassandra.io.util.DataInputBuffer
 503:           991          23784  java.util.AbstractMap$SimpleImmutableEntry
 504:           974          23376  com.google.common.collect.RegularImmutableAsList
 505:           974          23376  com.google.common.collect.RegularImmutableMap$EntrySet
 506:           483          23184  org.apache.cassandra.service.DataResolver
 507:           356          22784  com.clearspring.analytics.stream.cardinality.HyperLogLogPlus
 508:           947          22728  org.apache.cassandra.db.filter.DataLimits$CQLLimits
 509:           567          22680  org.apache.cassandra.service.StorageProxy$LocalReadRunnable
 510:           936          22464  com.google.common.collect.ImmutableMapKeySet
 511:           936          22464  com.google.common.collect.ImmutableMapKeySet$1
 512:           921          22104  java.util.Collections$SetFromMap
 513:           686          21952  java.nio.DirectByteBuffer$Deallocator
 514:          1329          21264  java.util.concurrent.ConcurrentSkipListSet
 515:           886          21264  org.apache.cassandra.db.ReadResponse$LocalDataResponse
 516:          1328          21248  java.util.concurrent.ConcurrentSkipListMap$KeySet
 517:          1326          21216  org.apache.cassandra.db.Memtable$StatsCollector
 518:          1326          21216  org.apache.cassandra.utils.memory.EnsureOnHeap$NoOp
 519:          1316          21056  com.codahale.metrics.Counter
 520:           525          21000  org.apache.cassandra.service.StorageProxy$SinglePartitionReadLifecycle
 521:           875          21000  sun.security.util.DerInputStream
 522:           863          20712  [Lsun.security.x509.AVA;
 523:           863          20712  sun.security.x509.AVA
 524:           863          20712  sun.security.x509.RDN
 525:           862          20688  org.apache.cassandra.cql3.restrictions.RestrictionSet
 526:           516          20640  org.apache.cassandra.service.AbstractReadExecutor$SpeculatingReadExecutor
 527:           514          20560  io.netty.util.DefaultAttributeMap$DefaultAttribute
 528:          1282          20512  java.io.ObjectInputStream$ValidationList
 529:          1282          20512  sun.rmi.server.MarshalOutputStream$1
 530:           636          20352  java.lang.invoke.DirectMethodHandle
 531:           500          20000  java.util.TreeMap$EntrySpliterator
 532:           500          20000  org.apache.cassandra.db.Directories$SSTableLister
 533:           624          19968  java.util.regex.Pattern$Curly
 534:           824          19776  java.rmi.dgc.VMID
 535:           820          19680  com.codahale.metrics.Histogram
 536:           820          19680  com.codahale.metrics.Timer
 537:           820          19680  org.apache.cassandra.db.DataRange
 538:           816          19584  org.apache.cassandra.utils.concurrent.WaitQueue$RegisteredSignal
 539:           598          19136  org.apache.cassandra.db.rows.UnfilteredRowIterators$UnfilteredRowMergeIterator$MergeReducer
 540:           598          19136  org.apache.cassandra.gms.EndpointState
 541:           471          18840  org.apache.cassandra.metrics.LatencyMetrics
 542:           312          18720  [Ljava.lang.ref.SoftReference;
 543:          1163          18608  java.util.EnumMap$EntrySet
 544:           332          18592  org.cliffc.high_scale_lib.ConcurrentAutoTable$CAT
 545:           258          18576  io.netty.channel.DefaultChannelPipeline$HeadContext
 546:           258          18576  io.netty.channel.DefaultChannelPipeline$TailContext
 547:           257          18504  io.netty.channel.epoll.EpollSocketChannelConfig
 548:           288          18432  com.google.common.collect.MapMakerInternalMap$Segment
 549:           763          18312  org.apache.cassandra.db.SinglePartitionReadCommand$1UpdateSstablesIterated
 550:          1143          18288  org.apache.cassandra.db.partitions.PartitionUpdate$$Lambda$112/859516291
 551:           758          18192  org.apache.cassandra.db.partitions.SingletonUnfilteredPartitionIterator
 552:           752          18048  java.util.stream.MatchOps$$Lambda$52/2094115865
 553:           752          18048  java.util.stream.MatchOps$1MatchSink
 554:           752          18048  java.util.stream.MatchOps$MatchOp
 555:           740          17760  com.google.common.collect.Iterables$6
 556:           739          17736  org.apache.cassandra.transport.Message$Dispatcher$FlushItem
 557:          1108          17728  org.apache.cassandra.io.util.DataOutputBuffer$GrowingChannel
 558:           439          17560  org.apache.cassandra.metrics.RestorableMeter
 559:           274          17536  io.netty.channel.ChannelOutboundBuffer$Entry
 560:           168          17472  com.codahale.metrics.ThreadLocalRandom
 561:           668          17424  [Lorg.apache.cassandra.db.Slice;
 562:           719          17256  org.apache.cassandra.db.filter.ClusteringIndexSliceFilter
 563:           358          17184  org.apache.cassandra.transport.messages.ExecuteMessage
 564:           535          17120  org.apache.cassandra.db.SinglePartitionReadCommand$Group
 565:           711          17064  sun.rmi.transport.SequenceEntry
 566:          1059          16944  java.util.TreeMap$Values
 567:           705          16920  org.apache.cassandra.db.lifecycle.LogReplica
 568:            32          16896  [Lcom.googlecode.concurrentlinkedhashmap.ConcurrentLinkedHashMap$PaddedAtomicReference;
 569:            68          16864  org.apache.cassandra.metrics.TableMetrics
 570:           525          16800  org.apache.cassandra.service.DigestResolver
 571:           696          16704  com.google.common.collect.RegularImmutableMap$NonTerminalMapEntry
 572:           696          16704  org.apache.cassandra.cql3.ResultSet
 573:           345          16560  java.util.stream.StreamSpliterators$WrappingSpliterator
 574:           682          16368  io.netty.channel.AbstractChannelHandlerContext$7
 575:          1019          16304  org.apache.cassandra.db.transform.EmptyPartitionsDiscarder
 576:           403          16120  org.apache.cassandra.db.Memtable$MemtableUnfilteredPartitionIterator
 577:          1005          16080  org.antlr.runtime.BitSet
 578:           251          16064  io.netty.channel.ChannelOutboundBuffer
 579:           501          16032  java.util.RegularEnumSet$EnumSetIterator
 580:           500          16000  [Lorg.apache.cassandra.utils.memory.BufferPool$Chunk;
 581:           500          16000  java.nio.file.FileTreeWalker
 582:           500          16000  org.apache.cassandra.db.Directories$SSTableSizeSummer
 583:           500          16000  org.apache.cassandra.db.lifecycle.LogAwareFileLister
 584:           250          16000  org.apache.cassandra.transport.Frame$Decoder
 585:           500          16000  org.apache.cassandra.utils.memory.BufferPool$LocalPoolRef
 586:           497          15904  java.security.MessageDigest$Delegate
 587:           660          15896  [Lorg.apache.cassandra.cql3.ColumnSpecification;
 588:           662          15888  org.apache.cassandra.db.ReadResponse$DigestResponse
 589:           501          15760  [Lorg.apache.cassandra.io.sstable.IndexInfo;
 590:           218          15696  org.antlr.runtime.RecognizerSharedState
 591:           325          15600  java.util.concurrent.ConcurrentSkipListMap$SubMap
 592:           483          15456  org.apache.cassandra.service.StorageProxy$SingleRangeResponse
 593:           384          15360  io.netty.buffer.PoolChunkList
 594:           639          15336  org.apache.cassandra.cql3.selection.Selection$SimpleSelection$1
 595:           382          15280  org.apache.cassandra.db.columniterator.AbstractSSTableIterator$IndexState
 596:           475          15200  org.apache.cassandra.auth.DataResource
 597:           633          15192  java.util.jar.Attributes$Name
 598:           633          15192  org.apache.cassandra.io.sstable.SSTableRewriter$InvalidateKeys
 599:           236          15104  io.prometheus.jmx.shaded.org.eclipse.jetty.io.BufferCache$CachedBuffer
 600:           465          14880  sun.security.util.ObjectIdentifier
 601:           371          14840  org.apache.cassandra.utils.btree.NodeCursor
 602:           309          14832  ch.qos.logback.classic.Logger
 603:           617          14808  org.apache.cassandra.db.RowIndexEntry$IndexedEntry$1
 604:           610          14640  org.apache.cassandra.utils.IntegerInterval
 605:           598          14520  [Lorg.apache.cassandra.db.DeletionTime;
 606:           605          14520  [Lorg.apache.cassandra.db.ReadCommand$Kind;
 607:           605          14520  [Lorg.apache.cassandra.db.filter.ClusteringIndexFilter$Kind;
 608:           598          14520  [Lorg.apache.cassandra.db.rows.RangeTombstoneMarker;
 609:           602          14448  java.net.InetSocketAddress$InetSocketAddressHolder
 610:           602          14448  org.apache.cassandra.metrics.CassandraMetricsRegistry$JmxHistogram
 611:           225          14400  com.google.common.cache.LocalCache$StrongAccessWriteEntry
 612:           598          14352  org.apache.cassandra.gms.HeartBeatState
 613:           292          14176  [Ljava.lang.reflect.Field;
 614:           443          14176  org.apache.cassandra.service.ClientState
 615:           354          14160  sun.nio.cs.UTF_8$Decoder
 616:           589          14136  java.util.regex.Pattern$BitClass
 617:           441          14112  java.lang.invoke.LambdaForm$Name
 618:           880          14080  java.util.LinkedHashSet
 619:           349          13960  io.prometheus.jmx.shaded.org.eclipse.jetty.util.StringMap$Node
 620:           249          13944  java.lang.Package
 621:           579          13896  org.apache.cassandra.db.filter.ClusteringIndexNamesFilter
 622:           345          13800  java.util.stream.SpinedBuffer
 623:           285          13680  org.apache.cassandra.cql3.restrictions.StatementRestrictions
 624:           849          13584  java.util.IdentityHashMap$KeySet
 625:           336          13440  java.io.ObjectStreamField
 626:           816          13056  java.util.LinkedHashMap$LinkedKeySet
 627:           545          13040  [Ljava.lang.reflect.Constructor;
 628:           231          12936  java.util.concurrent.ConcurrentHashMap$ValueSpliterator
 629:           320          12800  org.apache.cassandra.concurrent.DebuggableThreadPoolExecutor$LocalSessionWrapper
 630:           800          12800  org.apache.cassandra.db.SinglePartitionReadCommand$SSTableReadMetricsCollector
 631:           799          12784  org.apache.cassandra.db.lifecycle.View$$Lambda$95/2127488917
 632:           531          12744  java.util.regex.Pattern$Dollar
 633:           198          12672  java.net.URL
 634:           226          12656  java.security.Provider$Service
 635:           525          12600  [Lorg.apache.cassandra.service.StorageProxy$SinglePartitionReadLifecycle;
 636:           525          12600  java.util.regex.Pattern$CharProperty$1
 637:           524          12576  java.security.Provider$ServiceKey
 638:           389          12448  org.apache.cassandra.db.ClusteringComparator
 639:           516          12384  io.netty.channel.VoidChannelPromise
 640:           774          12384  org.apache.cassandra.db.lifecycle.LogReplicaSet
 641:           774          12384  org.apache.cassandra.db.lifecycle.LogTransaction$TransactionTidier
 642:           257          12336  io.netty.channel.epoll.EpollSocketChannel$EpollSocketChannelUnsafe
 643:           257          12336  org.apache.cassandra.transport.ServerConnection
 644:           511          12264  org.apache.cassandra.utils.MD5Digest
 645:           381          12192  org.apache.cassandra.cql3.ColumnSpecification
 646:           168          12096  sun.reflect.DelegatingClassLoader
 647:           501          12024  [Ljava.nio.file.LinkOption;
 648:           500          12000  org.apache.cassandra.cql3.Constants$Marker
 649:           500          12000  org.apache.cassandra.utils.memory.BufferPool$LocalPool
 650:           500          12000  sun.nio.fs.UnixFileSystem$3
 651:           373          11936  java.lang.StringCoding$StringDecoder
 652:           213          11928  sun.security.ssl.CipherSuite
 653:           369          11808  org.apache.cassandra.cql3.QueryOptions$SpecificOptions
 654:           364          11648  java.util.concurrent.ConcurrentHashMap$ForwardingNode
 655:           483          11592  java.util.Collections$SynchronizedRandomAccessList
 656:           482          11568  org.apache.cassandra.db.ReadResponse$RemoteDataResponse
 657:           345          11040  java.util.LinkedHashMap$LinkedValueIterator
 658:           682          10912  org.apache.cassandra.service.ClientWarn$State
 659:           336          10752  com.codahale.metrics.RatioGauge$Ratio
 660:           332          10624  java.io.ByteArrayInputStream
 661:           109          10464  org.apache.cassandra.cql3.Cql_Parser
 662:           325          10400  java.util.concurrent.ConcurrentSkipListMap$SubMap$SubMapEntryIterator
 663:           118          10384  [Lio.prometheus.jmx.shaded.org.eclipse.jetty.util.StringMap$Node;
 664:           216          10368  com.google.common.collect.HashMultimap
 665:            72          10368  com.googlecode.concurrentlinkedhashmap.ConcurrentLinkedHashMap$PaddedAtomicLong
 666:           185          10360  java.lang.invoke.MethodTypeForm
 667:           258          10320  io.netty.channel.AbstractChannel$CloseFuture
 668:           258          10320  io.netty.channel.DefaultChannelPipeline
 669:           183          10248  org.apache.cassandra.cql3.statements.SelectStatement
 670:           320          10240  io.netty.util.internal.chmv8.LongAdderV8
 671:           211          10128  sun.security.x509.X500Name
 672:           126          10080  org.apache.cassandra.db.rows.RowAndDeletionMergeIterator
 673:           625          10000  org.apache.cassandra.db.filter.RowFilter$CQLFilter
 674:           414           9936  java.util.Spliterators$1Adapter
 675:           176           9856  com.codahale.metrics.ExponentiallyDecayingReservoir
 676:           403           9672  org.apache.cassandra.db.PartitionRangeReadCommand$1CacheFilter
 677:           602           9632  java.net.InetSocketAddress
 678:           301           9632  org.apache.cassandra.cql3.statements.ParsedStatement$Prepared
 679:           301           9632  sun.security.x509.AlgorithmId
 680:           401           9624  org.apache.cassandra.auth.RoleResource
 681:           398           9528  [Lorg.apache.cassandra.db.marshal.AbstractType;
 682:           594           9504  org.apache.cassandra.concurrent.NamedThreadFactory$$Lambda$6/1189084611
 683:           131           9432  org.apache.cassandra.db.partitions.AtomicBTreePartition$RowUpdater
 684:           393           9432  sun.reflect.NativeConstructorAccessorImpl
 685:           588           9408  java.util.concurrent.atomic.AtomicReferenceArray
 686:            78           9360  org.apache.cassandra.config.CFMetaData
 687:           389           9336  org.apache.cassandra.metrics.ClearableHistogram
 688:            16           9216  io.netty.util.internal.shaded.org.jctools.queues.MpscChunkedArrayQueue
 689:           186           8928  java.lang.invoke.LambdaForm
 690:           275           8800  javax.management.MBeanAttributeInfo
 691:           363           8712  org.apache.cassandra.db.Slices$ArrayBackedSlices
 692:           272           8704  [Lcom.codahale.metrics.Histogram;
 693:           271           8672  org.apache.cassandra.io.sstable.format.big.BigTableScanner$KeyScanningIterator$1
 694:           269           8608  javax.management.MBeanParameterInfo
 695:           358           8592  org.apache.cassandra.cql3.QueryOptions$OptionsWithColumnSpecifications
 696:           356           8544  com.clearspring.analytics.stream.cardinality.RegisterSet
 697:           266           8512  [Lorg.apache.cassandra.io.sstable.metadata.MetadataType;
 698:           531           8496  java.util.regex.Pattern$Begin
 699:           265           8480  org.apache.cassandra.db.partitions.UnfilteredPartitionIterators$3$1
 700:           264           8448  org.apache.cassandra.io.util.BufferManagingRebufferer$Unaligned
 701:           264           8448  org.apache.cassandra.io.util.RandomAccessReader$RandomAccessReaderWithOwnChannel
 702:           264           8448  org.apache.cassandra.io.util.SimpleChunkReader
 703:           211           8440  org.apache.cassandra.index.internal.IndexEntry
 704:           191           8392  [Ljava.lang.invoke.LambdaForm$Name;
 705:            17           8256  [Ljava.util.concurrent.RunnableScheduledFuture;
 706:           103           8240  org.apache.cassandra.service.StorageProxy$RangeCommandIterator
 707:           257           8224  io.netty.channel.AdaptiveRecvByteBufAllocator$HandleImpl
 708:           514           8224  java.util.TreeMap$EntrySet
 709:           507           8112  io.netty.channel.AbstractChannelHandlerContext$8
 710:           168           8064  org.apache.cassandra.concurrent.SEPWorker
 711:           201           8040  sun.misc.FloatingDecimal$BinaryToASCIIBuffer
 712:           251           8032  org.apache.cassandra.metrics.CassandraMetricsRegistry$JmxMeter
 713:           500           8000  java.nio.file.Files$1
 714:           500           8000  org.apache.cassandra.db.Directories$SSTableLister$$Lambda$53/210474732
 715:           500           8000  org.apache.cassandra.db.lifecycle.LogAwareFileLister$$Lambda$61/1130598644
 716:           500           8000  org.apache.cassandra.db.lifecycle.LogAwareFileLister$$Lambda$63/1760401098
 717:           500           8000  org.apache.cassandra.db.lifecycle.LogAwareFileLister$$Lambda$65/701681793
 718:           100           8000  sun.security.x509.X509CertImpl
 719:           332           7968  org.apache.cassandra.dht.AbstractBounds$Boundary
 720:            83           7968  org.apache.cassandra.schema.TableParams
 721:           246           7872  java.util.TreeMap$KeyIterator
 722:           109           7848  org.apache.cassandra.cql3.Cql_Lexer
 723:           245           7840  java.util.LinkedHashMap$LinkedKeyIterator
 724:           302           7568  [Lcom.codahale.metrics.Striped64$Cell;
 725:            72           7488  com.google.common.collect.MapMakerInternalMap
 726:           211           7368  [Lsun.security.x509.RDN;
 727:           153           7344  java.net.SocketInputStream
 728:           153           7344  java.net.SocketOutputStream
 729:           182           7280  org.apache.cassandra.cql3.selection.Selection$SimpleSelection
 730:           299           7176  org.apache.cassandra.cql3.restrictions.SingleColumnRestriction$EQRestriction
 731:           292           7008  org.apache.cassandra.cql3.restrictions.PartitionKeySingleRestrictionSet
 732:           144           6912  org.apache.cassandra.transport.messages.SupportedMessage
 733:           123           6888  java.beans.MethodDescriptor
 734:           171           6840  io.netty.util.Recycler$WeakOrderQueue
 735:           285           6840  org.apache.cassandra.cql3.restrictions.ClusteringColumnRestrictions
 736:           285           6840  org.apache.cassandra.cql3.restrictions.IndexRestrictions
 737:            24           6720  java.util.concurrent.ConcurrentHashMap$CounterCell
 738:           279           6696  org.apache.cassandra.cql3.ColumnIdentifier$InternedKey
 739:            76           6688  org.apache.cassandra.db.commitlog.MemoryMappedSegment
 740:            96           6656  [Lio.netty.buffer.PoolThreadCache$MemoryRegionCache;
 741:            83           6640  org.apache.cassandra.io.sstable.format.big.BigTableScanner
 742:           207           6624  java.lang.invoke.BoundMethodHandle$Species_L
 743:           413           6608  sun.reflect.DelegatingConstructorAccessorImpl
 744:           273           6552  org.apache.cassandra.auth.AuthenticatedUser
 745:            68           6528  org.apache.cassandra.db.ColumnFamilyStore
 746:           272           6528  org.apache.cassandra.metrics.TableMetrics$TableHistogram
 747:           406           6496  org.apache.cassandra.io.sstable.format.SSTableReader$GlobalTidy$1
 748:           405           6480  com.google.common.base.Predicates$InPredicate
 749:           405           6480  org.apache.cassandra.utils.IntegerInterval$Set
 750:           403           6448  org.apache.cassandra.db.PartitionRangeReadCommand$1
 751:           403           6448  org.apache.cassandra.db.lifecycle.View$$Lambda$121/1365068591
 752:           267           6408  java.beans.MethodRef
 753:            23           6392  [[S
 754:           159           6360  javax.management.MBeanOperationInfo
 755:           264           6336  [Ljava.nio.file.OpenOption;
 756:           264           6336  sun.nio.fs.UnixChannelFactory$Flags
 757:           113           6328  java.util.concurrent.ConcurrentHashMap$EntryIterator
 758:           113           6328  java.util.concurrent.ConcurrentHashMap$KeyIterator
 759:           130           6240  org.cliffc.high_scale_lib.NonBlockingHashMap$CHM
 760:           389           6224  org.apache.cassandra.db.ClusteringComparator$$Lambda$28/1545327692
 761:           389           6224  org.apache.cassandra.db.ClusteringComparator$$Lambda$29/743219449
 762:           389           6224  org.apache.cassandra.db.ClusteringComparator$$Lambda$30/108982313
 763:           389           6224  org.apache.cassandra.db.ClusteringComparator$$Lambda$31/1851255134
 764:           258           6192  io.netty.channel.SucceededChannelFuture
 765:           258           6192  io.netty.channel.unix.Socket
 766:           109           6104  org.apache.cassandra.cql3.CqlLexer$DFA1
 767:           109           6104  org.apache.cassandra.cql3.Cql_Lexer$DFA14
 768:           109           6104  org.apache.cassandra.cql3.Cql_Lexer$DFA22
 769:           109           6104  org.apache.cassandra.cql3.Cql_Lexer$DFA24
 770:           109           6104  org.apache.cassandra.cql3.Cql_Lexer$DFA28
 771:           109           6104  org.apache.cassandra.cql3.Cql_Lexer$DFA30
 772:           109           6104  org.apache.cassandra.cql3.Cql_Lexer$DFA37
 773:           109           6104  org.apache.cassandra.cql3.Cql_Lexer$DFA44
 774:           109           6104  org.apache.cassandra.cql3.Cql_Lexer$DFA9
 775:           109           6104  org.apache.cassandra.cql3.Cql_Parser$DFA1
 776:           109           6104  org.apache.cassandra.cql3.Cql_Parser$DFA15
 777:           109           6104  org.apache.cassandra.cql3.Cql_Parser$DFA154
 778:           109           6104  org.apache.cassandra.cql3.Cql_Parser$DFA155
 779:           109           6104  org.apache.cassandra.cql3.Cql_Parser$DFA173
 780:           109           6104  org.apache.cassandra.cql3.Cql_Parser$DFA175
 781:           109           6104  org.apache.cassandra.cql3.Cql_Parser$DFA177
 782:           109           6104  org.apache.cassandra.cql3.Cql_Parser$DFA179
 783:           109           6104  org.apache.cassandra.cql3.Cql_Parser$DFA182
 784:           109           6104  org.apache.cassandra.cql3.Cql_Parser$DFA190
 785:           109           6104  org.apache.cassandra.cql3.Cql_Parser$DFA195
 786:           109           6104  org.apache.cassandra.cql3.Cql_Parser$DFA196
 787:           109           6104  org.apache.cassandra.cql3.Cql_Parser$DFA205
 788:           109           6104  org.apache.cassandra.cql3.Cql_Parser$DFA44
 789:           254           6096  javax.management.ImmutableDescriptor
 790:           150           6000  org.apache.cassandra.db.rows.BTreeRow$Builder$ComplexColumnDeletion
 791:           374           5984  java.util.concurrent.ConcurrentSkipListMap$EntrySet
 792:           243           5832  org.apache.cassandra.cql3.functions.FunctionName
 793:           104           5824  org.apache.cassandra.db.compaction.SizeTieredCompactionStrategy
 794:           144           5760  org.apache.cassandra.transport.messages.OptionsMessage
 795:           176           5632  io.netty.util.Recycler$WeakOrderQueue$Link
 796:           100           5600  sun.security.util.MemoryCache$SoftCacheEntry
 797:           100           5600  sun.security.x509.X509CertInfo
 798:           231           5544  com.github.benmanes.caffeine.SingleConsumerQueue$Node
 799:           173           5536  java.util.PriorityQueue
 800:           345           5520  java.util.stream.AbstractPipeline$$Lambda$139/1717608942
 801:           345           5520  java.util.stream.StreamSpliterators$WrappingSpliterator$$Lambda$140/172950470
 802:           345           5520  java.util.stream.StreamSpliterators$WrappingSpliterator$$Lambda$141/1894304019
 803:           136           5440  org.apache.cassandra.db.compaction.SizeTieredCompactionStrategyOptions
 804:           225           5400  org.apache.cassandra.gms.GossipDigestAck
 805:           111           5328  javax.management.MBeanInfo
 806:           332           5312  org.cliffc.high_scale_lib.Counter
 807:           220           5280  java.util.Date
 808:            55           5280  java.util.jar.JarFile$JarFileEntry
 809:            12           5280  org.apache.cassandra.net.OutboundTcpConnection
 810:           219           5256  org.apache.cassandra.utils.DefaultValue
 811:           131           5240  org.apache.cassandra.utils.memory.AbstractAllocator$CloningBTreeRowBuilder
 812:           109           5232  org.antlr.runtime.ANTLRStringStream
 813:           109           5232  org.apache.cassandra.transport.messages.QueryMessage
 814:            72           5184  java.beans.PropertyDescriptor
 815:           214           5136  org.apache.cassandra.cql3.Constants$Setter
 816:           213           5112  java.util.regex.Pattern$1
 817:           209           5016  java.lang.invoke.LambdaForm$NamedFunction
 818:           125           5000  com.google.common.util.concurrent.ListenableFutureTask
 819:           205           4920  java.lang.Class$AnnotationData
 820:            68           4896  org.apache.cassandra.db.compaction.CompactionStrategyManager
 821:           202           4848  com.google.common.collect.Iterators$PeekingImpl
 822:           200           4800  org.apache.cassandra.gms.GossipDigestSyn
 823:           198           4752  java.util.concurrent.ConcurrentHashMap$KeySetView
 824:           195           4680  com.google.common.util.concurrent.ExecutionList
 825:           290           4640  com.codahale.metrics.Striped64$HashCode
 826:           143           4576  org.apache.cassandra.db.CBuilder$ArrayBackedBuilder
 827:           189           4536  org.apache.cassandra.cql3.UntypedResultSet$Row
 828:           188           4512  com.google.common.collect.Iterators$8
 829:            80           4480  org.apache.cassandra.cql3.statements.UpdateStatement
 830:           140           4480  org.apache.cassandra.io.util.DataOutputBuffer$1$1
 831:           277           4432  java.util.jar.Attributes
 832:           184           4416  org.apache.cassandra.cql3.statements.SelectStatement$Parameters
 833:            11           4400  org.apache.cassandra.net.IncomingTcpConnection
 834:           183           4392  org.apache.cassandra.cql3.selection.SelectionColumnMapping
 835:           137           4384  sun.reflect.UnsafeObjectFieldAccessorImpl
 836:           273           4368  java.lang.Byte
 837:            42           4368  sun.net.www.protocol.file.FileURLConnection
 838:           109           4360  org.antlr.runtime.CommonTokenStream
 839:           109           4360  org.apache.cassandra.cql3.CqlLexer
 840:            32           4352  io.netty.buffer.PoolArena$DirectArena
 841:            32           4352  io.netty.buffer.PoolArena$HeapArena
 842:           136           4352  org.apache.cassandra.metrics.TableMetrics$TableMetricNameFactory
 843:           108           4320  org.apache.cassandra.db.CachedHashDecoratedKey
 844:           134           4288  [Lcom.codahale.metrics.Timer;
 845:           264           4224  com.google.common.base.Predicates$NotPredicate
 846:           264           4224  org.apache.cassandra.io.sstable.metadata.CompactionMetadata
 847:           264           4224  org.apache.cassandra.io.sstable.metadata.MetadataSerializer
 848:           131           4192  com.sun.jmx.mbeanserver.ConvertingMethod
 849:           130           4160  java.util.concurrent.ConcurrentSkipListMap$KeyIterator
 850:           260           4160  org.apache.cassandra.metrics.TableMetrics$11$1
 851:           260           4160  org.apache.cassandra.metrics.TableMetrics$9$1
 852:           103           4120  org.apache.cassandra.service.StorageProxy$RangeIterator
 853:           103           4120  sun.rmi.transport.tcp.TCPTransport$ConnectionHandler
 854:           153           4104  [Ljava.io.ObjectStreamField;
 855:           256           4096  java.lang.Short
 856:             7           4008  [Ljava.lang.Thread;
 857:            83           3984  java.util.logging.LogManager$LoggerWeakRef
 858:            99           3960  org.cliffc.high_scale_lib.NonBlockingHashMap
 859:           247           3952  java.util.concurrent.ConcurrentSkipListMap$Values
 860:           122           3904  sun.nio.fs.NativeBuffer
 861:           162           3888  com.sun.jmx.mbeanserver.PerInterface$MethodAndSig
 862:            60           3840  java.util.jar.JarFile
 863:           160           3840  org.apache.cassandra.metrics.KeyspaceMetrics$17
 864:           157           3768  io.prometheus.jmx.shaded.org.eclipse.jetty.io.nio.SelectorManager$SelectSet$1
 865:            94           3760  org.apache.cassandra.io.sstable.format.SSTableReader$DropPageCache
 866:           156           3744  com.google.common.collect.Iterators$MergingIterator$1
 867:           155           3720  [Lcom.google.common.base.Predicate;
 868:            93           3720  org.apache.cassandra.cql3.statements.SelectStatement$RawStatement
 869:           225           3600  com.google.common.cache.LocalCache$StrongValueReference
 870:           225           3600  org.apache.cassandra.gms.GossipDigestAck2
 871:           112           3584  sun.reflect.UnsafeQualifiedObjectFieldAccessorImpl
 872:            89           3560  com.google.common.base.Stopwatch
 873:           220           3520  java.lang.Float
 874:            88           3520  sun.security.rsa.RSAPublicKeyImpl
 875:           109           3488  java.lang.StackTraceElement
 876:            62           3472  org.apache.cassandra.db.lifecycle.LifecycleTransaction
 877:           144           3456  java.util.regex.Pattern$GroupTail
 878:           125           3440  [Ljavax.management.MBeanParameterInfo;
 879:           143           3432  java.util.LinkedList$Node
 880:           143           3432  java.util.regex.Pattern$GroupHead
 881:           107           3424  org.apache.cassandra.schema.CompressionParams
 882:           142           3408  java.util.concurrent.locks.AbstractQueuedSynchronizer$ConditionObject
 883:            43           3392  [Ljava.lang.invoke.MethodHandle;
 884:           139           3336  sun.misc.FormattedFloatingDecimal
 885:            83           3320  org.apache.cassandra.io.sstable.format.big.BigTableScanner$KeyScanningIterator
 886:            69           3312  org.apache.cassandra.db.lifecycle.LogRecord
 887:            69           3312  sun.misc.URLClassPath$JarLoader
 888:           103           3296  org.apache.cassandra.service.StorageProxy$RangeMerger
 889:            82           3280  org.apache.cassandra.db.partitions.AbstractBTreePartition$1
 890:           136           3264  org.apache.cassandra.io.util.MmappedRegions$Region
 891:           136           3264  org.apache.cassandra.utils.TopKSampler
 892:           135           3240  org.apache.cassandra.gms.VersionedValue
 893:           134           3216  org.apache.cassandra.metrics.TableMetrics$TableTimer
 894:            80           3200  sun.management.DiagnosticCommandArgumentInfo
 895:            99           3168  java.util.Collections$SynchronizedMap
 896:           131           3144  org.apache.cassandra.utils.memory.ContextAllocator
 897:            96           3136  [Ljavax.management.MBeanOperationInfo;
 898:            78           3120  org.apache.cassandra.config.CFMetaData$1
 899:           130           3120  sun.nio.fs.NativeBuffer$Deallocator
 900:            96           3072  io.netty.buffer.PoolThreadCache$NormalMemoryRegionCache
 901:           126           3024  java.security.Provider$UString
 902:            94           3008  org.apache.cassandra.service.ReadCallback$AsyncRepairRunner
 903:           125           3000  sun.reflect.generics.tree.SimpleClassTypeSignature
 904:            62           2976  java.util.zip.Inflater
 905:           124           2976  org.apache.cassandra.db.compaction.CompactionManager$BackgroundCompactionCandidate
 906:           124           2976  org.apache.cassandra.db.lifecycle.LifecycleTransaction$State
 907:           123           2952  java.util.regex.Pattern$Single
 908:           123           2952  sun.reflect.NativeMethodAccessorImpl
 909:            52           2912  java.net.SocketPermission
 910:            26           2912  sun.nio.ch.SocketChannelImpl
 911:            45           2880  javax.management.openmbean.OpenMBeanAttributeInfoSupport
 912:           180           2880  org.apache.cassandra.index.SecondaryIndexManager$$Lambda$216/62741127
 913:           178           2848  sun.reflect.DelegatingMethodAccessorImpl
 914:            39           2808  java.util.logging.Logger
 915:            70           2800  com.google.common.util.concurrent.AbstractFuture$Sync
 916:            58           2784  java.lang.management.MemoryUsage
 917:           116           2784  org.apache.cassandra.auth.CassandraRoleManager$Role
 918:            87           2784  sun.security.x509.BasicConstraintsExtension
 919:            84           2776  [Ljava.util.regex.Pattern$Node;
 920:           172           2752  org.apache.cassandra.db.compaction.AbstractCompactionStrategy$1
 921:           172           2752  org.apache.cassandra.db.compaction.SizeTieredCompactionStrategy$$Lambda$169/1801385153
 922:           172           2752  org.apache.cassandra.db.compaction.SizeTieredCompactionStrategy$3
 923:           172           2752  org.apache.cassandra.db.lifecycle.View$$Lambda$168/777813870
 924:            85           2720  [Lsun.nio.fs.NativeBuffer;
 925:            68           2720  org.apache.cassandra.db.DiskBoundaries
 926:           113           2712  org.apache.cassandra.cql3.CFName
 927:           113           2712  org.apache.cassandra.cql3.VariableSpecifications
 928:           113           2712  sun.nio.ch.Util$BufferCache
 929:            84           2688  java.util.regex.Pattern$Branch
 930:            84           2688  sun.security.x509.SubjectKeyIdentifierExtension
 931:            22           2640  [Ljava.beans.MethodDescriptor;
 932:           165           2640  java.util.Collections$UnmodifiableSet
 933:           109           2616  org.antlr.runtime.CharStreamState
 934:           109           2616  org.apache.cassandra.cql3.CqlParser
 935:           109           2616  org.apache.cassandra.cql3.ErrorCollector
 936:           138           2584  [Lcom.sun.jmx.mbeanserver.MXBeanMapping;
 937:            44           2560  [Lcom.google.common.collect.HashBiMap$BiEntry;
 938:           105           2520  org.apache.cassandra.db.Slices$Builder
 939:           104           2496  com.google.common.collect.Iterables$8
 940:           156           2496  com.google.common.collect.Iterators$MergingIterator
 941:            78           2496  java.util.concurrent.ConcurrentSkipListMap$EntryIterator
 942:           102           2448  org.apache.cassandra.cql3.Attributes
 943:           102           2448  org.apache.cassandra.cql3.Operations
 944:            76           2432  java.util.logging.LogManager$LogNode
 945:            76           2432  org.apache.cassandra.db.commitlog.CommitLogDescriptor
 946:            76           2432  sun.reflect.UnsafeIntegerFieldAccessorImpl
 947:            76           2432  sun.security.x509.KeyUsageExtension
 948:           100           2400  sun.security.util.BitArray
 949:           100           2400  sun.security.util.Cache$EqualByteArray
 950:           100           2400  sun.security.x509.CertificateValidity
 951:           125           2344  [Lsun.reflect.generics.tree.TypeArgument;
 952:           146           2336  org.apache.cassandra.utils.concurrent.OpOrder
 953:            72           2304  [Lcom.google.common.collect.MapMakerInternalMap$Segment;
 954:            16           2304  io.netty.channel.epoll.EpollEventLoop
 955:            72           2304  io.prometheus.jmx.shaded.io.prometheus.client.GaugeMetricFamily
 956:            36           2304  org.apache.cassandra.db.filter.ClusteringIndexNamesFilter$1
 957:             2           2256  [Lio.prometheus.jmx.shaded.org.eclipse.jetty.http.HttpStatus$Code;
 958:            92           2208  [Lcom.clearspring.analytics.stream.cardinality.ICardinality;
 959:            69           2208  java.util.Spliterators$ArraySpliterator
 960:            55           2200  java.util.Collections$SingletonMap
 961:            68           2176  org.apache.cassandra.db.compaction.CompactionLogger
 962:            68           2176  org.apache.cassandra.db.lifecycle.Tracker
 963:            54           2160  org.apache.cassandra.db.Mutation
 964:           101           2152  [Ljava.lang.reflect.Type;
 965:            67           2144  java.util.zip.ZipCoder
 966:            88           2112  sun.security.x509.CertificateExtensions
 967:            87           2088  java.lang.ProcessEnvironment$Value
 968:            87           2088  java.lang.ProcessEnvironment$Variable
 969:            52           2080  sun.reflect.UnsafeQualifiedStaticLongFieldAccessorImpl
 970:             1           2048  [Lio.prometheus.jmx.shaded.org.eclipse.jetty.http.HttpGenerator$Status;
 971:           128           2048  java.lang.Character
 972:            14           2016  java.text.DecimalFormat
 973:            83           1992  [Ljava.io.Closeable;
 974:            83           1992  org.apache.cassandra.schema.Indexes
 975:           124           1984  sun.reflect.generics.tree.ClassTypeSignature
 976:            24           1920  com.google.common.cache.LocalCache$Segment
 977:            60           1920  org.apache.cassandra.index.internal.CassandraIndex$1
 978:            79           1896  org.apache.cassandra.db.lifecycle.View$2
 979:            39           1872  java.util.concurrent.LinkedBlockingQueue
 980:            78           1872  org.apache.cassandra.db.Serializers
 981:            78           1872  org.apache.cassandra.db.Serializers$NewFormatSerializer
 982:            78           1872  org.apache.cassandra.io.sstable.IndexInfo$Serializer
 983:           117           1872  sun.security.x509.KeyIdentifier
 984:            39           1872  sun.util.locale.LocaleObjectCache$CacheEntry
 985:            58           1856  java.util.stream.FindOps$FindOp
 986:           115           1840  org.apache.cassandra.cql3.UntypedResultSet$FromResultSet
 987:            46           1840  org.apache.cassandra.service.pager.AbstractQueryPager$RowPager
 988:            46           1840  sun.security.ec.NamedCurve
 989:            57           1824  org.apache.cassandra.cql3.functions.CastFcts$JavaFunctionWrapper
 990:            57           1824  org.xml.sax.helpers.LocatorImpl
 991:            38           1824  sun.management.DiagnosticCommandInfo
 992:           113           1808  [Lorg.apache.cassandra.config.ColumnDefinition;
 993:            75           1800  com.google.common.collect.Sets$3
 994:            75           1800  org.apache.cassandra.dht.Bounds
 995:            32           1792  [Ljava.util.List;
 996:            32           1792  [Lorg.apache.cassandra.db.PartitionPosition;
 997:            32           1792  org.apache.cassandra.db.compaction.LeveledCompactionStrategy
 998:            44           1760  com.google.common.collect.HashBiMap$BiEntry
 999:            55           1760  java.lang.invoke.DirectMethodHandle$Special
1000:           110           1760  sun.security.x509.SerialNumber
1001:            27           1728  org.apache.cassandra.db.RowIndexEntry$ShallowIndexedEntry
1002:            54           1728  org.apache.cassandra.db.commitlog.CommitLogSegment$Allocation
1003:            72           1728  org.apache.cassandra.db.compaction.LeveledCompactionStrategy$1
1004:            54           1728  org.apache.cassandra.io.util.DataOutputBufferFixed
1005:            36           1728  org.apache.cassandra.service.pager.PartitionRangeQueryPager
1006:            55           1704  [Lio.netty.util.concurrent.GenericFutureListener;
1007:            48           1704  [Ljava.lang.StackTraceElement;
1008:            42           1680  ch.qos.logback.core.status.InfoStatus
1009:            70           1680  com.google.common.cache.LocalCache$LoadingValueReference
1010:            70           1680  com.google.common.util.concurrent.SettableFuture
1011:            42           1680  org.apache.cassandra.db.RowIndexEntry$ShallowInfoRetriever
1012:            16           1664  io.netty.util.internal.ThreadLocalRandom
1013:            69           1656  [Ljava.io.File;
1014:            69           1656  [Ljava.util.Set;
1015:            69           1656  [Lorg.apache.cassandra.utils.Throwables$DiscreteAction;
1016:            69           1656  org.apache.cassandra.db.lifecycle.LogRecord$Status
1017:             4           1648  [[B
1018:            41           1640  com.sun.jmx.mbeanserver.PerInterface
1019:           102           1632  io.netty.channel.AbstractChannelHandlerContext$9
1020:            68           1632  org.apache.cassandra.db.Directories
1021:            68           1632  org.apache.cassandra.index.SecondaryIndexManager
1022:            68           1632  org.apache.cassandra.metrics.TableMetrics$10
1023:            68           1632  org.apache.cassandra.metrics.TableMetrics$11
1024:            68           1632  org.apache.cassandra.metrics.TableMetrics$12
1025:            68           1632  org.apache.cassandra.metrics.TableMetrics$14
1026:            68           1632  org.apache.cassandra.metrics.TableMetrics$15
1027:            68           1632  org.apache.cassandra.metrics.TableMetrics$16
1028:            68           1632  org.apache.cassandra.metrics.TableMetrics$17
1029:            68           1632  org.apache.cassandra.metrics.TableMetrics$19
1030:            68           1632  org.apache.cassandra.metrics.TableMetrics$2
1031:            68           1632  org.apache.cassandra.metrics.TableMetrics$21
1032:            68           1632  org.apache.cassandra.metrics.TableMetrics$23
1033:            68           1632  org.apache.cassandra.metrics.TableMetrics$24
1034:            68           1632  org.apache.cassandra.metrics.TableMetrics$25
1035:            68           1632  org.apache.cassandra.metrics.TableMetrics$27
1036:            68           1632  org.apache.cassandra.metrics.TableMetrics$29
1037:            68           1632  org.apache.cassandra.metrics.TableMetrics$3
1038:            68           1632  org.apache.cassandra.metrics.TableMetrics$30
1039:            68           1632  org.apache.cassandra.metrics.TableMetrics$31
1040:            68           1632  org.apache.cassandra.metrics.TableMetrics$32
1041:            68           1632  org.apache.cassandra.metrics.TableMetrics$33
1042:            68           1632  org.apache.cassandra.metrics.TableMetrics$34
1043:            68           1632  org.apache.cassandra.metrics.TableMetrics$4
1044:            68           1632  org.apache.cassandra.metrics.TableMetrics$5
1045:            68           1632  org.apache.cassandra.metrics.TableMetrics$6
1046:            68           1632  org.apache.cassandra.metrics.TableMetrics$7
1047:            68           1632  org.apache.cassandra.metrics.TableMetrics$8
1048:            68           1632  org.apache.cassandra.metrics.TableMetrics$9
1049:            40           1600  org.cliffc.high_scale_lib.NonBlockingHashMap$SnapshotV
1050:           100           1600  sun.security.x509.CertificateAlgorithmId
1051:           100           1600  sun.security.x509.CertificateSerialNumber
1052:           100           1600  sun.security.x509.CertificateVersion
1053:           100           1600  sun.security.x509.CertificateX509Key
1054:            66           1584  org.apache.cassandra.db.partitions.UnfilteredPartitionIterators$3
1055:            66           1584  org.apache.cassandra.db.partitions.UnfilteredPartitionIterators$4
1056:            28           1568  io.prometheus.jmx.shaded.org.eclipse.jetty.io.ByteArrayBuffer$CaseInsensitive
1057:            48           1536  io.netty.handler.codec.CodecOutputList
1058:            32           1536  org.apache.cassandra.db.compaction.LeveledManifest
1059:            32           1536  org.hyperic.sigar.FileSystem
1060:            63           1512  org.apache.cassandra.db.view.TableViews
1061:            47           1504  io.prometheus.jmx.shaded.org.eclipse.jetty.http.HttpStatus$Code
1062:            93           1488  java.util.concurrent.ConcurrentHashMap$ValuesView
1063:            62           1488  java.util.zip.ZStreamRef
1064:            62           1488  org.apache.cassandra.notifications.SSTableListChangedNotification
1065:            46           1472  java.security.spec.EllipticCurve
1066:            13           1456  java.util.GregorianCalendar
1067:            91           1456  java.util.zip.CRC32
1068:            26           1456  sun.rmi.transport.tcp.TCPChannel
1069:            26           1456  sun.rmi.transport.tcp.TCPConnection
1070:            16           1392  [Ljava.lang.Byte;
1071:            58           1392  java.util.stream.FindOps$FindSink$OfRef
1072:             1           1376  [Lsun.misc.FDBigInteger;
1073:            86           1376  com.google.common.base.Predicates$AndPredicate
1074:            57           1368  sun.reflect.generics.factory.CoreReflectionFactory
1075:            34           1360  java.io.ObjectStreamClass$FieldReflector
1076:            10           1360  org.apache.cassandra.metrics.KeyspaceMetrics
1077:            34           1360  sun.reflect.UnsafeQualifiedStaticObjectFieldAccessorImpl
1078:            42           1344  com.google.common.collect.RegularImmutableSet
1079:            56           1344  java.security.spec.ECPoint
1080:            28           1344  java.util.TreeMap$AscendingSubMap
1081:            84           1344  java.util.regex.Pattern$BranchConn
1082:            56           1344  org.apache.cassandra.db.RangeTombstone
1083:            83           1328  java.util.concurrent.ConcurrentHashMap$EntrySetView
1084:            83           1328  org.apache.cassandra.schema.Triggers
1085:            33           1320  sun.security.x509.AuthorityKeyIdentifierExtension
1086:            54           1296  java.util.regex.Pattern$Ctype
1087:            39           1280  [Ljava.math.BigInteger;
1088:            16           1280  io.netty.buffer.PoolChunk
1089:            80           1280  org.apache.cassandra.concurrent.DebuggableScheduledThreadPoolExecutor$UncomplainingRunnable
1090:            40           1280  org.apache.cassandra.db.rows.EncodingStats$Collector
1091:            20           1280  org.apache.cassandra.transport.messages.ResultMessage$Prepared
1092:            40           1280  sun.reflect.UnsafeQualifiedIntegerFieldAccessorImpl
1093:            32           1280  sun.rmi.transport.WeakRef
1094:            53           1272  java.util.regex.Pattern$5
1095:            52           1248  java.util.regex.Pattern$Ques
1096:            39           1248  org.apache.cassandra.schema.CompactionParams
1097:            13           1248  sun.util.calendar.Gregorian$Date
1098:            22           1232  javax.management.openmbean.CompositeType
1099:            22           1232  org.apache.cassandra.cql3.statements.DeleteStatement
1100:            51           1224  io.netty.buffer.SimpleLeakAwareByteBuf
1101:            19           1216  com.google.common.util.concurrent.SmoothRateLimiter$SmoothBursty
1102:            38           1216  org.apache.cassandra.concurrent.NamedThreadFactory
1103:            38           1216  sun.management.DiagnosticCommandImpl$Wrapper
1104:            76           1216  sun.reflect.BootstrapConstructorAccessorImpl
1105:            25           1200  org.apache.cassandra.metrics.ClientRequestMetrics
1106:            30           1200  sun.rmi.transport.tcp.TCPEndpoint
1107:             2           1184  [Lcom.github.benmanes.caffeine.cache.NodeFactory;
1108:             4           1184  com.github.benmanes.caffeine.cache.BoundedBuffer$RingBuffer
1109:            37           1184  org.apache.cassandra.schema.SpeculativeRetryParam
1110:            49           1176  com.google.common.collect.EmptyImmutableSortedSet
1111:            21           1176  java.util.ResourceBundle$CacheKey
1112:            29           1160  io.prometheus.jmx.shaded.org.eclipse.jetty.util.log.StdErrLog
1113:            16           1152  io.netty.buffer.PoolThreadCache
1114:            48           1152  io.netty.util.concurrent.DefaultFutureListeners
1115:            14           1120  java.net.URI
1116:            28           1120  java.util.TreeMap$NavigableSubMap$SubMapEntryIterator
1117:            20           1120  javax.management.openmbean.ArrayType
1118:            14           1120  org.apache.cassandra.concurrent.JMXEnabledThreadPoolExecutor
1119:            58           1112  [Lsun.reflect.generics.tree.FormalTypeParameter;
1120:            46           1104  [Ljava.net.InetAddress;
1121:            69           1104  com.google.common.base.Predicates$OrPredicate
1122:            46           1104  io.netty.channel.DefaultChannelPipeline$9
1123:            46           1104  io.prometheus.jmx.shaded.org.eclipse.jetty.http.HttpGenerator$Status
1124:            69           1104  org.apache.cassandra.db.lifecycle.LogFile$$Lambda$159/1177011973
1125:            69           1104  org.apache.cassandra.db.lifecycle.LogReplicaSet$$Lambda$138/441220789
1126:            69           1104  org.apache.cassandra.db.lifecycle.LogTransaction$$Lambda$156/1260219682
1127:            46           1104  sun.reflect.generics.scope.ClassScope
1128:            17           1088  java.text.DateFormatSymbols
1129:            68           1088  org.apache.cassandra.db.DiskBoundaryManager
1130:            68           1088  org.apache.cassandra.db.compaction.CompactionStrategyManager$$Lambda$82/1145331458
1131:            34           1088  sun.reflect.UnsafeBooleanFieldAccessorImpl
1132:             3           1080  [Ljava.lang.Integer;
1133:            27           1080  com.google.common.collect.AbstractMapBasedMultimap$2
1134:            27           1080  java.io.BufferedInputStream
1135:            45           1080  java.util.regex.Pattern$7
1136:            27           1080  org.apache.cassandra.transport.DataType
1137:             2           1056  [Ljava.lang.Long;
1138:             2           1056  [Ljava.lang.Short;
1139:            53           1056  [Lsun.reflect.generics.tree.FieldTypeSignature;
1140:            22           1056  com.google.common.collect.HashBiMap
1141:            22           1056  java.beans.BeanDescriptor
1142:            33           1056  java.util.concurrent.FutureTask
1143:            22           1056  org.apache.cassandra.transport.messages.AuthResponse
1144:            22           1056  org.apache.cassandra.transport.messages.AuthSuccess
1145:            22           1056  org.apache.cassandra.transport.messages.AuthenticateMessage
1146:            22           1056  org.apache.cassandra.transport.messages.StartupMessage
1147:            26           1040  java.math.BigDecimal
1148:            26           1040  org.codehaus.jackson.map.type.SimpleType
1149:            26           1040  sun.nio.ch.SocketAdaptor
1150:            26           1040  sun.reflect.generics.repository.MethodRepository
1151:            43           1032  io.netty.channel.ChannelOption
1152:            32           1024  sun.reflect.generics.repository.ClassRepository
1153:            42           1008  java.net.URLClassLoader$2
1154:            21           1008  java.util.ResourceBundle$BundleReference
1155:            42           1008  java.util.concurrent.CompletableFuture
1156:            42           1008  org.apache.cassandra.db.monitoring.MonitoringTask$AggregatedOperations
1157:            21           1008  org.apache.cassandra.index.internal.composites.CompositesSearcher$1Transform
1158:            42           1008  sun.net.www.MessageHeader
1159:            62            992  org.apache.cassandra.db.lifecycle.View$1
1160:            62            992  org.apache.cassandra.utils.concurrent.Refs$1
1161:            41            984  org.apache.cassandra.metrics.DefaultNameFactory
1162:            41            984  org.codehaus.jackson.map.type.ClassKey
1163:            41            984  sun.reflect.generics.reflectiveObjects.ParameterizedTypeImpl
1164:            38            976  [Lsun.management.DiagnosticCommandArgumentInfo;
1165:            61            976  org.apache.cassandra.db.ColumnFamilyStore$3
1166:            24            960  ch.qos.logback.core.joran.event.StartEvent
1167:            30            960  io.netty.channel.AbstractChannelHandlerContext$WriteAndFlushTask
1168:            30            960  java.security.Provider$EngineDescription
1169:            30            960  java.util.concurrent.SynchronousQueue$TransferStack$SNode
1170:            20            960  org.apache.cassandra.transport.messages.PrepareMessage
1171:            17            952  org.apache.cassandra.transport.messages.ResultMessage$SetKeyspace
1172:            22            936  [Ljava.beans.PropertyDescriptor;
1173:            58            928  org.apache.cassandra.db.compaction.SizeTieredCompactionStrategy$2
1174:            58            928  org.apache.cassandra.index.internal.CassandraIndex$$Lambda$326/1853268078
1175:            39            920  [Ljava.security.cert.Certificate;
1176:            38            912  org.apache.cassandra.schema.CachingParams
1177:            46            904  [Ljavax.management.MBeanConstructorInfo;
1178:            14            896  java.text.DecimalFormatSymbols
1179:            28            896  java.util.TreeMap$AscendingSubMap$AscendingEntrySetView
1180:            28            896  org.apache.cassandra.db.RangeTombstoneList$2
1181:            37            888  sun.reflect.annotation.AnnotationInvocationHandler
1182:            22            880  io.netty.channel.DefaultChannelPromise
1183:            22            880  java.beans.GenericBeanInfo
1184:            36            864  com.google.common.collect.HashBiMap$EntrySet$1$MapEntry
1185:            18            864  io.netty.util.ResourceLeakDetector$DefaultResourceLeak
1186:            54            864  org.apache.cassandra.cql3.Constants$Value
1187:            41            840  [Ljava.lang.reflect.TypeVariable;
1188:            21            840  com.sun.jmx.mbeanserver.MXBeanSupport
1189:            21            840  java.util.stream.Nodes$SpinedNodeBuilder
1190:            35            840  org.apache.cassandra.cql3.statements.SelectStatement$Pager$NormalPager
1191:            21            840  org.apache.cassandra.index.internal.composites.CompositesSearcher$1
1192:            26            832  java.util.TreeMap$EntryIterator
1193:            26            832  sun.reflect.generics.tree.MethodTypeSignature
1194:            34            816  org.apache.cassandra.db.rows.ComplexColumnData$$Lambda$187/1681334209
1195:            25            800  javax.management.MBeanConstructorInfo
1196:            11            792  org.apache.cassandra.locator.TokenMetadata
1197:            14            784  java.util.HashMap$TreeNode
1198:            14            784  javax.management.remote.JMXConnectionNotification
1199:            24            768  ch.qos.logback.core.joran.event.EndEvent
1200:             6            768  com.google.common.cache.LocalCache
1201:            32            768  com.sun.jmx.mbeanserver.DefaultMXBeanMappingFactory$IdentityMapping
1202:            32            768  io.netty.channel.unix.FileDescriptor
1203:            12            768  java.text.SimpleDateFormat
1204:            12            768  org.apache.cassandra.cql3.UpdateParameters
1205:            32            768  org.apache.cassandra.cql3.functions.CastFcts$CastAsTextFunction
1206:            24            768  sun.reflect.generics.reflectiveObjects.TypeVariableImpl
1207:            32            768  sun.reflect.generics.tree.ClassSignature
1208:            24            768  sun.security.x509.OIDMap$OIDInfo
1209:            19            760  sun.util.locale.BaseLocale$Key
1210:            47            752  java.util.TreeSet
1211:            25            744  [Ljava.rmi.server.Operation;
1212:            31            744  org.cliffc.high_scale_lib.NonBlockingHashMap$SnapshotK
1213:            46            736  io.netty.channel.AbstractChannelHandlerContext$2
1214:            46            736  io.netty.channel.AbstractChannelHandlerContext$4
1215:            23            736  org.apache.cassandra.db.MutableDeletionInfo$Builder
1216:            23            736  sun.management.MappedMXBeanType$BasicMXBeanType
1217:            23            736  sun.nio.ch.SocketAdaptor$SocketInputStream
1218:             1            728  org.apache.cassandra.config.Config
1219:            13            728  sun.util.calendar.ZoneInfo
1220:            30            720  [Ljava.net.InetSocketAddress;
1221:            30            720  java.io.FilePermissionCollection
1222:            15            720  java.lang.management.PlatformComponent
1223:            30            720  java.util.jar.Manifest
1224:             9            720  org.apache.cassandra.concurrent.DebuggableScheduledThreadPoolExecutor
1225:            22            704  com.sun.jmx.mbeanserver.WeakIdentityHashMap$IdentityWeakReference
1226:            44            704  io.netty.channel.AbstractChannelHandlerContext$1
1227:            44            704  io.netty.channel.AbstractChannelHandlerContext$3
1228:            44            704  java.lang.Boolean
1229:            22            704  org.apache.cassandra.auth.PasswordAuthenticator$PlainTextSaslAuthenticator
1230:            29            696  io.netty.util.internal.logging.Slf4JLogger
1231:            29            696  org.apache.cassandra.net.MessagingService$Verb
1232:            17            680  org.apache.cassandra.metrics.ThreadPoolMetrics
1233:            28            672  io.prometheus.jmx.shaded.org.eclipse.jetty.http.HttpFields$Field
1234:            28            672  java.io.BufferedOutputStream
1235:            21            672  java.nio.channels.ClosedChannelException
1236:            28            672  java.rmi.dgc.Lease
1237:            21            672  java.util.ResourceBundle$LoaderReference
1238:            42            672  org.apache.cassandra.db.marshal.AbstractType$$Lambda$5/261748192
1239:            28            672  org.apache.cassandra.service.pager.PagingState$RowMark
1240:            21            672  sun.misc.URLClassPath$FileLoader$1
1241:            12            672  sun.security.ssl.CipherSuite$BulkCipher
1242:            41            656  org.apache.cassandra.utils.btree.UpdateFunction$Simple
1243:            27            648  java.lang.invoke.Invokers
1244:             8            640  com.sun.jmx.remote.util.ClassLoaderWithRepository
1245:            16            640  io.netty.util.collection.IntObjectHashMap
1246:            20            640  org.apache.cassandra.cql3.functions.BytesConversionFcts$2
1247:            20            640  org.apache.cassandra.db.compaction.OperationType
1248:            40            640  org.apache.cassandra.db.partitions.PartitionUpdate$$Lambda$114/946701050
1249:            16            640  org.apache.cassandra.transport.Message$Dispatcher$Flusher
1250:             3            624  [Ljava.lang.invoke.LambdaForm;
1251:            26            624  java.security.spec.ECFieldF2m
1252:            39            624  java.util.regex.Pattern$CharPropertyNames$1
1253:            26            624  sun.reflect.generics.scope.MethodScope
1254:            32            616  [Lsun.reflect.generics.tree.ClassTypeSignature;
1255:            11            616  sun.rmi.transport.Target
1256:            19            608  java.util.Locale
1257:            19            608  java.util.concurrent.atomic.AtomicIntegerFieldUpdater$AtomicIntegerFieldUpdaterImpl
1258:            38            608  org.apache.cassandra.config.ColumnDefinition$$Lambda$23/619929778
1259:            38            608  org.apache.cassandra.config.ColumnDefinition$$Lambda$24/1624211687
1260:            38            608  org.apache.cassandra.config.ColumnDefinition$1
1261:            19            608  sun.util.locale.BaseLocale
1262:            25            600  org.apache.cassandra.db.filter.RowFilter$SimpleExpression
1263:            25            600  org.apache.cassandra.gms.ApplicationState
1264:            21            576  [Lorg.apache.cassandra.index.Index$Indexer;
1265:            24            576  java.lang.management.ManagementPermission
1266:             8            576  java.util.concurrent.ThreadPoolExecutor
1267:            12            576  org.apache.cassandra.db.monitoring.MonitoringTask$SlowOperation
1268:            24            576  org.xml.sax.helpers.AttributesImpl
1269:            18            576  sun.reflect.UnsafeQualifiedLongFieldAccessorImpl
1270:            24            576  sun.reflect.generics.tree.FormalTypeParameter
1271:            35            560  ch.qos.logback.core.joran.spi.ElementSelector
1272:            14            560  java.text.DigitList
1273:            14            560  javax.management.openmbean.SimpleType
1274:            10            560  sun.invoke.util.Wrapper
1275:             7            560  sun.net.www.protocol.jar.URLJarFile
1276:             3            552  [Lorg.apache.cassandra.net.MessagingService$Verb;
1277:            23            552  io.netty.channel.AbstractChannel$AbstractUnsafe$7
1278:            23            552  io.netty.channel.DefaultChannelPipeline$8
1279:             3            552  io.prometheus.jmx.shaded.org.eclipse.jetty.server.Request
1280:            23            552  org.apache.cassandra.db.partitions.ImmutableBTreePartition
1281:            23            552  org.apache.cassandra.metrics.ThreadPoolMetricNameFactory
1282:            23            552  org.codehaus.jackson.map.SerializationConfig$Feature
1283:             2            544  [Ljava.lang.Character;
1284:            17            544  io.netty.util.concurrent.DefaultPromise
1285:            17            544  org.apache.cassandra.transport.Message$Type
1286:            11            528  com.google.common.collect.TreeMultimap
1287:            22            528  io.netty.bootstrap.ServerBootstrap$ServerBootstrapAcceptor$1
1288:            22            528  io.netty.channel.DefaultChannelPipeline$3
1289:            22            528  io.netty.channel.DefaultChannelPipeline$PendingHandlerAddedTask
1290:            22            528  java.util.Collections$UnmodifiableCollection$1
1291:            22            528  org.apache.cassandra.cql3.CQL3Type$Native
1292:            33            528  org.apache.cassandra.db.lifecycle.View$3
1293:            22            528  org.mindrot.jbcrypt.BCrypt
1294:            26            520  [Lsun.reflect.generics.tree.TypeSignature;
1295:            13            520  io.netty.channel.unix.Errors$NativeIoException
1296:            16            512  io.netty.channel.epoll.IovArray
1297:            16            512  io.prometheus.jmx.shaded.io.prometheus.client.CounterMetricFamily
1298:            16            512  java.util.concurrent.Semaphore$NonfairSync
1299:             8            512  javax.management.remote.rmi.RMIConnectionImpl
1300:            16            512  sun.security.ssl.CipherSuite$KeyExchange
1301:             9            504  java.lang.invoke.LambdaFormEditor$Transform
1302:            21            504  org.apache.cassandra.cql3.functions.AggregateFcts$24
1303:            21            504  org.apache.cassandra.index.SecondaryIndexManager$$Lambda$298/77088549
1304:            21            504  org.apache.cassandra.index.internal.composites.CompositesSearcher
1305:            21            504  sun.security.x509.AVAKeyword
1306:             6            480  [Lorg.apache.cassandra.cql3.Operator;
1307:            20            480  io.netty.channel.AbstractChannel$AbstractUnsafe$1
1308:            20            480  io.prometheus.jmx.shaded.org.yaml.snakeyaml.tokens.Token$ID
1309:            15            480  java.io.FileInputStream
1310:            15            480  java.lang.Thread$WeakClassKey
1311:            30            480  org.apache.cassandra.config.ColumnDefinition$Raw$Literal
1312:            20            480  org.apache.cassandra.cql3.ResultSet$PreparedMetadata
1313:            20            480  org.apache.cassandra.cql3.functions.AggregateFcts$22
1314:            20            480  org.apache.cassandra.cql3.functions.AggregateFcts$23
1315:            20            480  org.apache.cassandra.cql3.functions.BytesConversionFcts$1
1316:            10            480  org.apache.cassandra.service.pager.SinglePartitionPager
1317:            12            480  org.apache.cassandra.utils.CoalescingStrategies$DisabledCoalescingStrategy
1318:            20            480  org.yaml.snakeyaml.tokens.Token$ID
1319:            15            480  sun.misc.FloatingDecimal$ASCIIToBinaryBuffer
1320:             6            456  [Lsun.invoke.util.Wrapper;
1321:            19            456  java.util.Locale$LocaleKey
1322:             7            448  java.security.SecureRandom
1323:             8            448  javax.management.openmbean.OpenMBeanParameterInfoSupport
1324:            14            448  org.apache.cassandra.net.WriteCallbackInfo
1325:             7            448  org.apache.cassandra.service.DatacenterWriteResponseHandler
1326:            28            448  sun.reflect.generics.tree.TypeVariableSignature
1327:            14            448  sun.security.x509.DistributionPoint
1328:            28            448  sun.security.x509.GeneralName
1329:            14            448  sun.security.x509.URIName
1330:            20            440  [Ljavax.management.MBeanNotificationInfo;
1331:            11            440  com.google.common.collect.HashBiMap$KeySet$1
1332:            11            440  com.google.common.collect.Multimaps$UnmodifiableMultimap
1333:            11            440  java.lang.ClassLoader$NativeLibrary
1334:            11            440  org.apache.cassandra.schema.KeyspaceMetadata
1335:             9            432  com.sun.jna.Function
1336:             9            432  io.prometheus.jmx.shaded.org.eclipse.jetty.util.StringMap
1337:            18            432  java.text.DateFormat$Field
1338:             9            432  java.util.Properties
1339:            18            432  org.apache.cassandra.cql3.selection.RawSelector
1340:            18            432  org.apache.cassandra.exceptions.ExceptionCode
1341:             9            432  org.apache.cassandra.locator.SimpleStrategy
1342:            18            432  sun.security.action.GetPropertyAction
1343:            27            432  sun.security.x509.GeneralNames
1344:            13            416  java.lang.invoke.MethodHandleImpl$IntrinsicMethodHandle
1345:            13            416  org.apache.cassandra.db.rows.Rows$1
1346:            26            416  sun.rmi.transport.tcp.TCPTransport$ConnectionHandler$$Lambda$322/1434734958
1347:            13            416  sun.security.x509.CRLDistributionPointsExtension
1348:            17            408  ch.qos.logback.core.spi.ContextAwareBase
1349:            17            408  org.apache.cassandra.cql3.statements.UseStatement
1350:            17            408  org.apache.cassandra.metrics.ThreadPoolMetrics$1
1351:            17            408  org.apache.cassandra.metrics.ThreadPoolMetrics$2
1352:            17            408  org.apache.cassandra.metrics.ThreadPoolMetrics$3
1353:            17            408  org.apache.cassandra.metrics.ThreadPoolMetrics$4
1354:            17            408  org.codehaus.jackson.map.DeserializationConfig$Feature
1355:            25            400  ch.qos.logback.core.joran.spi.ElementPath
1356:            10            400  java.lang.invoke.DirectMethodHandle$Accessor
1357:            10            400  org.apache.cassandra.db.Keyspace
1358:            25            400  org.cliffc.high_scale_lib.NonBlockingHashMap$2
1359:             1            392  org.apache.cassandra.net.IncomingStreamingConnection
1360:             1            392  org.apache.cassandra.utils.memory.MemtableCleanerThread
1361:             8            384  [Lcom.googlecode.concurrentlinkedhashmap.ConcurrentLinkedHashMap$PaddedAtomicLong;
1362:            16            384  com.google.common.cache.LocalCache$AccessQueue$1
1363:            16            384  com.google.common.collect.ImmutableList$Builder
1364:             4            384  com.googlecode.concurrentlinkedhashmap.ConcurrentLinkedHashMap
1365:            16            384  io.netty.channel.epoll.EpollEventArray
1366:            16            384  io.netty.util.ThreadDeathWatcher$Entry
1367:             8            384  io.prometheus.jmx.shaded.org.eclipse.jetty.server.AbstractHttpConnection$1
1368:            16            384  java.io.ObjectStreamClass$ExceptionInfo
1369:             1            384  java.lang.ref.Finalizer$FinalizerThread
1370:             8            384  java.nio.HeapByteBufferR
1371:            12            384  java.security.AlgorithmParameters
1372:             8            384  java.util.Hashtable$Enumerator
1373:            16            384  java.util.concurrent.ConcurrentHashMap$Segment
1374:            12            384  java.util.concurrent.ScheduledThreadPoolExecutor$DelayedWorkQueue
1375:            12            384  java.util.concurrent.atomic.AtomicLongFieldUpdater$CASUpdater
1376:             1            384  java.util.logging.LogManager$Cleaner
1377:            16            384  javax.management.StandardMBean
1378:             8            384  javax.management.remote.rmi.RMIConnectionImpl$RMIServerCommunicatorAdmin
1379:            12            384  org.apache.cassandra.cql3.SingleColumnRelation
1380:             8            384  org.apache.cassandra.db.marshal.MapType
1381:            16            384  org.apache.cassandra.metrics.TableMetrics$35
1382:             1            384  org.apache.cassandra.net.MessagingService$SocketThread
1383:            16            384  org.apache.cassandra.schema.TableParams$Option
1384:             1            384  org.apache.cassandra.thrift.ThriftServer$ThriftServerThread
1385:             8            384  org.apache.cassandra.utils.SlidingTimeRate
1386:            16            384  sun.nio.ch.OptionKey
1387:            16            384  sun.nio.ch.SocketOptionRegistry$RegistryKey
1388:             1            376  java.lang.ref.Reference$ReferenceHandler
1389:            23            368  java.lang.ThreadLocal
1390:             3            360  [Lorg.apache.cassandra.gms.ApplicationState;
1391:             9            360  com.google.common.collect.HashBiMap$EntrySet$1
1392:             3            360  io.prometheus.jmx.shaded.org.eclipse.jetty.server.AsyncHttpConnection
1393:            15            360  java.util.Collections$SynchronizedSet
1394:             5            360  org.apache.cassandra.concurrent.DebuggableThreadPoolExecutor
1395:            15            360  org.apache.cassandra.db.PartitionColumns$Builder
1396:            15            360  sun.misc.MetaIndex
1397:             9            360  sun.security.ec.ECPublicKeyImpl
1398:            11            352  org.apache.cassandra.cql3.UntypedResultSet$FromPager
1399:            11            352  org.apache.cassandra.db.ConsistencyLevel
1400:            11            352  org.apache.cassandra.io.util.BufferedDataOutputStreamPlus
1401:            11            352  sun.rmi.transport.LiveRef
1402:             2            344  [Lorg.apache.cassandra.transport.DataType;
1403:            14            336  [Ljava.rmi.server.ObjID;
1404:            14            336  [Ljava.security.Permission;
1405:             7            336  [Ljavax.management.openmbean.OpenType;
1406:             7            336  com.sun.jmx.mbeanserver.DefaultMXBeanMappingFactory$CompositeMapping
1407:             6            336  io.prometheus.jmx.shaded.org.eclipse.jetty.io.View$CaseInsensitive
1408:            14            336  io.prometheus.jmx.shaded.org.yaml.snakeyaml.nodes.Tag
1409:            14            336  java.lang.invoke.LambdaFormEditor$Transform$Kind
1410:             6            336  java.nio.DirectLongBufferU
1411:             6            336  org.apache.cassandra.concurrent.SEPExecutor
1412:            14            336  org.apache.cassandra.cql3.selection.SimpleSelector$1
1413:            14            336  org.apache.cassandra.db.MutationVerbHandler$$Lambda$334/1333491980
1414:            14            336  org.apache.cassandra.db.filter.ColumnFilter$Builder
1415:            21            336  org.apache.cassandra.index.SecondaryIndexManager$WriteTimeTransaction
1416:             7            336  org.apache.cassandra.transport.messages.ReadyMessage
1417:             7            336  org.apache.cassandra.transport.messages.RegisterMessage
1418:             7            336  org.apache.cassandra.transport.messages.ResultMessage$Void
1419:             6            336  sun.management.MemoryPoolImpl
1420:            14            336  sun.rmi.transport.DGCAckHandler
1421:            16            328  [Ljava.lang.management.PlatformComponent;
1422:             4            320  [Lio.netty.buffer.PoolArena;
1423:             8            320  io.prometheus.jmx.shaded.org.eclipse.jetty.server.AbstractHttpConnection$OutputWriter
1424:            10            320  java.lang.OutOfMemoryError
1425:            10            320  java.security.cert.PolicyQualifierInfo
1426:            20            320  java.security.spec.ECFieldFp
1427:            10            320  org.apache.cassandra.config.CFMetaData$DroppedColumn
1428:            10            320  sun.rmi.server.UnicastServerRef
1429:            13            312  [Lorg.apache.cassandra.db.rows.ColumnData;
1430:            13            312  com.sun.jna.Pointer
1431:            13            312  java.lang.invoke.SimpleMethodHandle
1432:             1            312  java.util.concurrent.ForkJoinPool
1433:            13            312  org.apache.cassandra.index.SecondaryIndexManager$WriteTimeTransaction$1
1434:            19            304  com.google.common.util.concurrent.RateLimiter$SleepingStopwatch$1
1435:             1            296  com.github.benmanes.caffeine.SingleConsumerQueue
1436:            12            288  [Ljava.util.concurrent.ConcurrentHashMap$CounterCell;
1437:             9            288  ch.qos.logback.core.joran.event.BodyEvent
1438:            12            288  ch.qos.logback.core.joran.spi.HostClassAndPropertyDouble
1439:            12            288  ch.qos.logback.core.pattern.LiteralConverter
1440:             1            288  com.github.benmanes.caffeine.cache.LocalCacheFactory$SSLiMW
1441:            12            288  com.google.common.cache.LocalCache$WriteQueue$1
1442:             4            288  com.googlecode.concurrentlinkedhashmap.ConcurrentHashMapV8
1443:            12            288  com.sun.jmx.interceptor.DefaultMBeanServerInterceptor$ListenerWrapper
1444:            18            288  com.sun.proxy.$Proxy3
1445:             3            288  io.prometheus.jmx.shaded.org.eclipse.jetty.http.HttpParser
1446:             9            288  java.lang.reflect.WeakCache$CacheValue
1447:             9            288  java.util.logging.Level
1448:            18            288  java.util.regex.Pattern$CharPropertyNames$4
1449:             9            288  jdk.internal.org.objectweb.asm.Type
1450:            12            288  org.apache.cassandra.concurrent.Stage
1451:            12            288  org.apache.cassandra.cql3.statements.UpdatesCollector
1452:            18            288  org.apache.cassandra.index.SecondaryIndexManager$$Lambda$324/492839482
1453:            18            288  org.apache.cassandra.index.SecondaryIndexManager$$Lambda$325/1769896053
1454:             6            288  sun.nio.ch.IOVecWrapper
1455:             9            288  sun.security.jca.ProviderConfig
1456:             7            280  com.sun.org.apache.xerces.internal.utils.XMLSecurityManager$Limit
1457:             7            280  java.lang.invoke.DirectMethodHandle$Constructor
1458:             7            280  java.util.HashMap$KeySpliterator
1459:             7            280  java.util.TreeMap$NavigableSubMap$SubMapKeyIterator
1460:             7            280  org.apache.cassandra.streaming.messages.StreamMessage$Type
1461:             1            272  [Lorg.codehaus.jackson.sym.Name;
1462:            17            272  io.netty.util.concurrent.DefaultThreadFactory$DefaultRunnableDecorator
1463:            17            272  net.jpountz.lz4.LZ4HCJNICompressor
1464:             3            264  [[D
1465:            11            264  com.google.common.collect.HashBiMap$KeySet
1466:            11            264  com.sun.jmx.remote.util.ClassLogger
1467:             3            264  io.prometheus.jmx.shaded.org.eclipse.jetty.http.HttpGenerator
1468:            11            264  java.net.StandardSocketOptions$StdSocketOption
1469:            11            264  java.util.concurrent.FutureTask$WaitNode
1470:            11            264  java.util.regex.Pattern$SliceI
1471:            11            264  org.apache.cassandra.cql3.functions.FunctionCall
1472:            11            264  org.apache.cassandra.hints.HintsWriteExecutor$FlushBufferPoolTask
1473:            11            264  org.apache.cassandra.hints.HintsWriteExecutor$FsyncWritersTask
1474:            11            264  org.apache.cassandra.hints.HintsWriteExecutor$PartiallyFlushBufferPoolTask
1475:            11            264  org.apache.cassandra.hints.HintsWriteExecutor$PartiallyFlushBufferPoolTask$$Lambda$319/723417112
1476:            11            264  org.apache.cassandra.io.sstable.Component
1477:            11            264  org.apache.cassandra.io.sstable.Component$Type
1478:            11            264  org.apache.cassandra.io.util.NIODataInputStream
1479:            11            264  org.apache.cassandra.locator.TokenMetadata$Topology
1480:            11            264  org.apache.cassandra.metrics.DroppedMessageMetrics
1481:            11            264  org.apache.cassandra.metrics.TableMetrics$36
1482:            11            264  org.apache.cassandra.net.MessagingService$DroppedMessages
1483:            11            264  org.apache.cassandra.utils.BiMultiValMap
1484:            11            264  org.apache.cassandra.utils.SortedBiMultiValMap
1485:            11            264  sun.rmi.transport.ObjectEndpoint
1486:            16            256  com.google.common.cache.LocalCache$AccessQueue
1487:             8            256  com.sun.jmx.mbeanserver.Repository$ObjectNamePattern
1488:            16            256  io.netty.buffer.PoolThreadCache$1
1489:            16            256  io.netty.channel.epoll.EpollEventLoop$1
1490:            16            256  io.netty.channel.epoll.EpollEventLoop$2
1491:            16            256  io.netty.util.concurrent.SingleThreadEventExecutor$2
1492:            16            256  io.netty.util.concurrent.SingleThreadEventExecutor$DefaultThreadProperties
1493:             8            256  java.io.IOException
1494:             8            256  java.lang.reflect.Proxy$Key1
1495:            16            256  java.net.Socket$2
1496:            16            256  java.net.Socket$3
1497:            16            256  java.util.concurrent.Semaphore
1498:             8            256  java.util.concurrent.atomic.AtomicReferenceFieldUpdater$AtomicReferenceFieldUpdaterImpl
1499:             8            256  org.apache.cassandra.cql3.functions.CastFcts$JavaCounterFunctionWrapper
1500:             8            256  org.apache.cassandra.db.ClusteringPrefix$Kind
1501:             8            256  org.apache.cassandra.locator.PendingRangeMaps
1502:             4            256  org.apache.cassandra.metrics.ConnectionMetrics
1503:             8            256  org.apache.cassandra.repair.messages.RepairMessage$Type
1504:             8            256  org.apache.cassandra.service.AbstractReadExecutor$NeverSpeculatingReadExecutor
1505:             4            256  org.codehaus.jackson.map.introspect.BasicBeanDescription
1506:             8            256  sun.management.NotificationEmitterSupport$ListenerInfo
1507:             8            256  sun.misc.ProxyGenerator$PrimitiveTypeInfo
1508:             8            256  sun.reflect.annotation.AnnotationType
1509:             8            256  sun.security.x509.CertificatePoliciesExtension
1510:             8            248  [Ljava.lang.invoke.LambdaForm$BasicType;
1511:             6            240  [Ljava.lang.invoke.BoundMethodHandle$SpeciesData;
1512:             6            240  [Lorg.apache.cassandra.db.filter.RowFilter$Expression$Kind;
1513:            10            240  com.google.common.collect.ImmutableMapValues
1514:             3            240  io.prometheus.jmx.shaded.org.eclipse.jetty.io.nio.SelectChannelEndPoint
1515:            10            240  io.prometheus.jmx.shaded.org.yaml.snakeyaml.events.Event$ID
1516:            10            240  java.nio.file.StandardOpenOption
1517:            10            240  java.security.CryptoPrimitive
1518:             3            240  java.util.concurrent.ScheduledThreadPoolExecutor
1519:            10            240  org.apache.cassandra.auth.Permission
1520:            10            240  org.apache.cassandra.cql3.Sets$Marker
1521:            10            240  org.apache.cassandra.cql3.Sets$Setter
1522:            10            240  org.apache.cassandra.cql3.WhereClause
1523:             6            240  org.apache.cassandra.db.marshal.SetType
1524:            10            240  org.apache.cassandra.db.view.ViewManager
1525:             6            240  org.apache.cassandra.metrics.SEPMetrics
1526:            10            240  org.apache.cassandra.schema.KeyspaceParams
1527:            10            240  org.apache.cassandra.schema.ReplicationParams
1528:            10            240  org.codehaus.jackson.JsonParser$Feature
1529:            10            240  org.yaml.snakeyaml.events.Event$ID
1530:            15            240  org.yaml.snakeyaml.nodes.Tag
1531:             6            240  sun.management.MemoryPoolImpl$CollectionSensor
1532:             6            240  sun.management.MemoryPoolImpl$PoolSensor
1533:            10            240  sun.rmi.runtime.Log$LoggerLog
1534:            10            240  sun.security.x509.Extension
1535:             5            240  sun.util.locale.provider.LocaleResources$ResourceReference
1536:             8            232  [Ljava.lang.Boolean;
1537:             2            224  [Lorg.codehaus.jackson.map.SerializationConfig$Feature;
1538:             4            224  io.prometheus.jmx.shaded.org.eclipse.jetty.io.View
1539:             7            224  java.nio.channels.Channels$1
1540:            14            224  java.rmi.server.Operation
1541:            14            224  org.apache.cassandra.cql3.selection.RawSelector$1
1542:            14            224  org.apache.cassandra.db.MutationVerbHandler$$Lambda$335/420710490
1543:             7            224  org.apache.cassandra.io.sstable.IndexSummaryRedistribution$ResampleEntry
1544:             4            224  org.apache.cassandra.net.RateBasedBackPressureState
1545:             7            224  org.apache.cassandra.service.StorageProxy$8
1546:            14            224  org.apache.cassandra.utils.btree.BTreeSet$Builder
1547:             7            224  org.codehaus.jackson.JsonGenerator$Feature
1548:             4            224  org.codehaus.jackson.map.introspect.AnnotatedClass
1549:             7            224  sun.nio.ch.AllocatedNativeObject
1550:            14            224  sun.rmi.transport.DGCAckHandler$1
1551:            14            224  sun.security.x509.DNSName
1552:             7            224  sun.security.x509.NetscapeCertTypeExtension
1553:             3            216  ch.qos.logback.classic.spi.LoggingEvent
1554:             9            216  com.google.common.collect.Maps$UnmodifiableEntries$1
1555:             3            216  io.prometheus.jmx.shaded.org.eclipse.jetty.http.HttpURI
1556:             1            216  io.prometheus.jmx.shaded.org.eclipse.jetty.servlet.ServletContextHandler
1557:             9            216  java.util.logging.Level$KnownLevel
1558:             9            216  org.apache.cassandra.cql3.Constants$Literal
1559:             9            216  sun.util.logging.PlatformLogger$Level
1560:             7            208  [Ljava.lang.invoke.LambdaForm$NamedFunction;
1561:             2            208  [Lorg.apache.cassandra.cql3.CQL3Type$Native;
1562:             2            200  [Ljava.text.DateFormat$Field;
1563:             5            200  io.netty.channel.group.DefaultChannelGroup
1564:             5            200  java.lang.invoke.BoundMethodHandle$SpeciesData
1565:             5            200  java.util.regex.Pattern$Loop
1566:             5            200  java.util.stream.StreamOpFlag
1567:             6            192  [Lcom.google.common.cache.LocalCache$Segment;
1568:             3            192  [Lorg.apache.cassandra.db.ConsistencyLevel;
1569:             4            192  [[Lcom.googlecode.concurrentlinkedhashmap.ConcurrentLinkedHashMap$PaddedAtomicReference;
1570:            12            192  com.google.common.cache.LocalCache$WriteQueue
1571:             3            192  io.prometheus.jmx.shaded.org.eclipse.jetty.server.AsyncContinuation
1572:             1            192  io.prometheus.jmx.shaded.org.eclipse.jetty.server.nio.SelectChannelConnector
1573:             8            192  io.prometheus.jmx.shaded.org.yaml.snakeyaml.scanner.Constant
1574:             4            192  java.io.BufferedReader
1575:             6            192  java.lang.invoke.LambdaForm$BasicType
1576:             8            192  java.lang.invoke.MethodHandleImpl$Intrinsic
1577:             8            192  java.math.RoundingMode
1578:             8            192  java.util.BitSet
1579:             6            192  java.util.Collections$UnmodifiableMap
1580:            12            192  java.util.Collections$UnmodifiableMap$UnmodifiableEntrySet$UnmodifiableEntry
1581:             4            192  java.util.concurrent.ArrayBlockingQueue
1582:             4            192  javax.management.openmbean.TabularType
1583:             8            192  jdk.net.SocketFlow$Status
1584:             8            192  org.apache.cassandra.cql3.WhereClause$Builder
1585:             8            192  org.apache.cassandra.db.WriteType
1586:             4            192  org.apache.cassandra.net.OutboundTcpConnectionPool
1587:             8            192  org.apache.cassandra.serializers.UTF8Serializer$UTF8Validator$State
1588:             8            192  org.apache.cassandra.service.StorageService$Mode
1589:             8            192  org.yaml.snakeyaml.scanner.Constant
1590:             2            192  sun.nio.ch.ServerSocketChannelImpl
1591:             4            192  sun.nio.cs.StreamDecoder
1592:             6            192  sun.reflect.UnsafeQualifiedBooleanFieldAccessorImpl
1593:             3            192  sun.security.provider.NativePRNG$RandomIO
1594:             2            192  sun.security.provider.Sun
1595:             6            192  sun.security.util.MemoryCache
1596:            12            192  sun.security.x509.CertificatePolicyId
1597:             8            192  sun.security.x509.PolicyInformation
1598:             2            176  [Lorg.apache.cassandra.transport.Message$Type;
1599:             2            176  [Lorg.codehaus.jackson.map.DeserializationConfig$Feature;
1600:            11            176  java.text.NumberFormat$Field
1601:            11            176  java.util.Hashtable$EntrySet
1602:             2            176  java.util.jar.JarVerifier
1603:             2            176  javax.management.remote.rmi.NoCallStackClassLoader
1604:            11            176  org.apache.cassandra.batchlog.BatchlogManager$$Lambda$317/25760016
1605:            11            176  org.apache.cassandra.hints.HintsDispatchTrigger$$Lambda$292/1784830440
1606:            11            176  org.apache.cassandra.hints.HintsDispatchTrigger$$Lambda$296/474266859
1607:            11            176  org.apache.cassandra.hints.HintsService$$Lambda$318/254282789
1608:            11            176  org.apache.cassandra.schema.Views
1609:            11            176  org.apache.cassandra.utils.SortedBiMultiValMap$1
1610:             1            168  [[Ljava.math.BigInteger;
1611:             7            168  ch.qos.logback.classic.Level
1612:             7            168  com.sun.management.VMOption$Origin
1613:             7            168  com.sun.org.apache.xerces.internal.util.FeatureState
1614:             7            168  io.netty.util.Recycler$2
1615:             3            168  io.prometheus.jmx.shaded.org.eclipse.jetty.server.Response
1616:             7            168  java.net.NetPermission
1617:             7            168  java.security.PermissionsHash
1618:             3            168  javax.management.openmbean.OpenMBeanOperationInfoSupport
1619:             7            168  javax.management.remote.rmi.RMIConnectionImpl$2
1620:             7            168  javax.management.remote.rmi.RMIConnectionImpl$3
1621:             7            168  org.apache.cassandra.cql3.Constants$Type
1622:             7            168  org.apache.cassandra.cql3.QueryOptions$Codec$Flag
1623:             7            168  org.apache.cassandra.db.Directories$FileAction
1624:             7            168  org.apache.cassandra.db.lifecycle.LogRecord$$Lambda$176/874777982
1625:             7            168  org.apache.cassandra.utils.progress.ProgressEventType
1626:             7            168  org.codehaus.jackson.annotate.JsonMethod
1627:             7            168  sun.security.x509.NetscapeCertTypeExtension$MapEntry
1628:             4            160  [F
1629:             7            160  [Lorg.apache.cassandra.db.transform.Stack$MoreContentsHolder;
1630:             5            160  com.googlecode.concurrentlinkedhashmap.ConcurrentHashMapV8$ForwardingNode
1631:            10            160  io.netty.util.internal.ConcurrentSet
1632:             4            160  io.prometheus.jmx.shaded.io.prometheus.client.SummaryMetricFamily
1633:             4            160  io.prometheus.jmx.shaded.io.prometheus.jmx.JmxScraper
1634:             4            160  java.util.IdentityHashMap$KeyIterator
1635:             4            160  java.util.PropertyResourceBundle
1636:             5            160  java.util.Random
1637:             5            160  java.util.concurrent.SynchronousQueue
1638:             5            160  javax.management.MBeanNotificationInfo
1639:             5            160  javax.management.StandardEmitterMBean
1640:            10            160  org.apache.cassandra.metrics.KeyspaceMetrics$1
1641:            10            160  org.apache.cassandra.metrics.KeyspaceMetrics$10
1642:            10            160  org.apache.cassandra.metrics.KeyspaceMetrics$11
1643:            10            160  org.apache.cassandra.metrics.KeyspaceMetrics$12
1644:            10            160  org.apache.cassandra.metrics.KeyspaceMetrics$13
1645:            10            160  org.apache.cassandra.metrics.KeyspaceMetrics$14
1646:            10            160  org.apache.cassandra.metrics.KeyspaceMetrics$15
1647:            10            160  org.apache.cassandra.metrics.KeyspaceMetrics$16
1648:            10            160  org.apache.cassandra.metrics.KeyspaceMetrics$2
1649:            10            160  org.apache.cassandra.metrics.KeyspaceMetrics$3
1650:            10            160  org.apache.cassandra.metrics.KeyspaceMetrics$4
1651:            10            160  org.apache.cassandra.metrics.KeyspaceMetrics$5
1652:            10            160  org.apache.cassandra.metrics.KeyspaceMetrics$6
1653:            10            160  org.apache.cassandra.metrics.KeyspaceMetrics$7
1654:            10            160  org.apache.cassandra.metrics.KeyspaceMetrics$8
1655:            10            160  org.apache.cassandra.metrics.KeyspaceMetrics$9
1656:            10            160  org.apache.cassandra.metrics.KeyspaceMetrics$KeyspaceMetricNameFactory
1657:            10            160  org.apache.cassandra.schema.Functions
1658:             5            160  org.apache.cassandra.schema.IndexMetadata
1659:            10            160  org.apache.cassandra.schema.Tables
1660:             5            160  org.apache.cassandra.transport.ProtocolVersion
1661:             5            160  org.apache.cassandra.transport.messages.ResultMessage$Kind
1662:             5            160  sun.reflect.UnsafeDoubleFieldAccessorImpl
1663:             5            160  sun.reflect.UnsafeLongFieldAccessorImpl
1664:            10            160  sun.rmi.server.UnicastRef
1665:             5            160  sun.security.ssl.CipherSuite$MacAlg
1666:             5            160  sun.security.x509.ExtendedKeyUsageExtension
1667:             5            160  sun.util.locale.provider.LocaleProviderAdapter$Type
1668:             2            144  [Ljava.math.BigDecimal;
1669:             1            144  [Ljava.util.Queue;
1670:             1            144  [Ljava.util.concurrent.ConcurrentMap;
1671:             1            144  [Ljava.util.concurrent.ForkJoinTask$ExceptionNode;
1672:             3            144  [Lorg.apache.cassandra.cql3.QueryOptions$Codec$Flag;
1673:             1            144  [Lorg.codehaus.jackson.sym.CharsToNameCanonicalizer$Bucket;
1674:             9            144  com.google.common.collect.HashBiMap$EntrySet
1675:             6            144  com.google.common.collect.ImmutableEnumSet
1676:             9            144  com.google.common.collect.Maps$UnmodifiableEntrySet
1677:             6            144  com.sun.org.apache.xerces.internal.util.Status
1678:             6            144  io.prometheus.jmx.shaded.org.eclipse.jetty.http.HttpFields
1679:             3            144  io.prometheus.jmx.shaded.org.eclipse.jetty.server.AbstractHttpConnection$Output
1680:             3            144  java.lang.ThreadGroup
1681:             6            144  java.util.concurrent.CopyOnWriteArrayList$COWIterator
1682:             6            144  java.util.regex.Pattern$CharPropertyNames$2
1683:             3            144  org.apache.cassandra.db.compaction.CompactionInfo
1684:             6            144  org.apache.cassandra.db.filter.DataLimits$Kind
1685:             6            144  org.apache.cassandra.db.partitions.PartitionIterators$1Extend
1686:             6            144  org.apache.cassandra.db.rows.ComplexColumnData$Builder
1687:             6            144  org.apache.cassandra.db.transform.Stack$MoreContentsHolder
1688:             6            144  org.apache.cassandra.dht.LocalPartitioner
1689:             3            144  org.apache.cassandra.metrics.CacheMetrics
1690:             6            144  org.apache.cassandra.metrics.SEPMetrics$1
1691:             6            144  org.apache.cassandra.metrics.SEPMetrics$2
1692:             6            144  org.apache.cassandra.metrics.SEPMetrics$3
1693:             6            144  org.apache.cassandra.metrics.SEPMetrics$4
1694:             6            144  org.apache.cassandra.serializers.MapSerializer
1695:             6            144  org.apache.cassandra.streaming.StreamSession$State
1696:             6            144  org.codehaus.jackson.annotate.JsonAutoDetect$Visibility
1697:             6            144  org.github.jamm.MemoryMeter$Guess
1698:             6            144  sun.misc.PerfCounter
1699:             9            144  sun.security.ec.ECParameters
1700:             6            144  sun.security.ssl.ProtocolVersion
1701:             6            144  sun.security.util.DisabledAlgorithmConstraints$KeySizeConstraint$Operator
1702:             1            136  io.prometheus.jmx.shaded.org.eclipse.jetty.servlet.ServletHandler
1703:             4            128  [Lcom.google.common.collect.MapMakerInternalMap$EntryFactory;
1704:             6            128  [Ljava.security.CodeSigner;
1705:             2            128  [Lorg.apache.cassandra.concurrent.Stage;
1706:             2            128  [Lorg.apache.cassandra.io.sstable.Component$Type;
1707:             2            128  ch.qos.logback.classic.PatternLayout
1708:             4            128  com.sun.jmx.mbeanserver.DefaultMXBeanMappingFactory$ArrayMapping
1709:             8            128  com.sun.jmx.remote.internal.ServerCommunicatorAdmin$Timeout
1710:             8            128  com.sun.jmx.remote.security.SubjectDelegator
1711:             8            128  com.sun.proxy.$Proxy8
1712:             4            128  io.prometheus.jmx.shaded.io.prometheus.client.CollectorRegistry$MetricFamilySamplesEnumeration
1713:             4            128  io.prometheus.jmx.shaded.io.prometheus.jmx.JmxCollector$Receiver
1714:             2            128  io.prometheus.jmx.shaded.org.eclipse.jetty.io.nio.IndirectNIOBuffer
1715:             1            128  io.prometheus.jmx.shaded.org.eclipse.jetty.servlet.ServletHolder
1716:             2            128  java.io.ExpiringCache$1
1717:             4            128  java.io.FileOutputStream
1718:             4            128  java.lang.UNIXProcess$Platform
1719:             4            128  java.util.concurrent.CountDownLatch$Sync
1720:             8            128  java.util.regex.Pattern$CharPropertyNames$3
1721:             8            128  javax.management.remote.rmi.RMIConnectionImpl$SetCcl
1722:             8            128  javax.management.remote.rmi.RMIConnectionImpl_Stub
1723:             4            128  net.jpountz.util.Native$OS
1724:             4            128  org.apache.cassandra.cql3.functions.CastFcts$CassandraFunctionWrapper
1725:             4            128  org.apache.cassandra.index.internal.composites.RegularColumnIndex
1726:             2            128  org.apache.cassandra.metrics.CASClientRequestMetrics
1727:             2            128  org.apache.cassandra.service.GCInspector$State
1728:             4            128  sun.security.ssl.CipherSuite$PRF
1729:             3            120  [Lorg.apache.cassandra.transport.Frame$Header$Flag;
1730:             3            120  [Lorg.codehaus.jackson.annotate.JsonMethod;
1731:             1            120  [[Ljava.lang.String;
1732:             5            120  ch.qos.logback.core.pattern.parser.TokenStream$TokenizerState
1733:             5            120  ch.qos.logback.core.subst.Token$Type
1734:             5            120  ch.qos.logback.core.util.AggregationType
1735:             5            120  com.sun.org.apache.xerces.internal.util.PropertyState
1736:             5            120  com.sun.org.apache.xerces.internal.utils.XMLSecurityManager$State
1737:             5            120  com.sun.org.apache.xerces.internal.utils.XMLSecurityPropertyManager$State
1738:             5            120  io.prometheus.jmx.shaded.io.prometheus.client.Collector$Type
1739:             5            120  io.prometheus.jmx.shaded.javax.servlet.DispatcherType
1740:             5            120  io.prometheus.jmx.shaded.org.eclipse.jetty.util.component.AggregateLifeCycle$Bean
1741:             5            120  io.prometheus.jmx.shaded.org.yaml.snakeyaml.DumperOptions$ScalarStyle
1742:             3            120  java.lang.invoke.MethodHandleImpl$AsVarargsCollector
1743:             5            120  java.util.regex.Pattern$Prolog
1744:             5            120  java.util.stream.StreamOpFlag$Type
1745:             3            120  javax.net.ssl.SSLParameters
1746:             3            120  org.apache.cassandra.cache.AutoSavingCache
1747:             5            120  org.apache.cassandra.config.Config$DiskFailurePolicy
1748:             5            120  org.apache.cassandra.cql3.statements.IndexTarget$Type
1749:             5            120  org.apache.cassandra.db.filter.RowFilter$Expression$Kind
1750:             5            120  org.apache.cassandra.db.lifecycle.LogRecord$Type
1751:             3            120  org.apache.cassandra.db.marshal.ListType
1752:             5            120  org.apache.cassandra.db.view.ViewUpdateGenerator$UpdateAction
1753:             3            120  org.apache.cassandra.gms.ArrayBackedBoundedStats
1754:             3            120  org.apache.cassandra.gms.ArrivalWindow
1755:             5            120  org.apache.cassandra.schema.CompactionParams$Option
1756:             5            120  org.apache.cassandra.serializers.SetSerializer
1757:             1            120  org.apache.cassandra.service.StorageService
1758:             5            120  org.apache.cassandra.transport.Event$SchemaChange$Target
1759:             5            120  org.apache.cassandra.transport.Frame$Header$Flag
1760:             5            120  org.apache.cassandra.utils.NativeLibrary$OSType
1761:             5            120  org.yaml.snakeyaml.DumperOptions$ScalarStyle
1762:             5            120  sun.misc.FloatingDecimal$PreparedASCIIToBinaryBuffer
1763:             3            120  sun.nio.ch.SelectionKeyImpl
1764:             5            120  sun.security.jca.ServiceId
1765:             3            120  sun.security.provider.DSAPublicKeyImpl
1766:             2            112  [Ljava.lang.invoke.MethodType;
1767:             2            112  [Ljava.security.CryptoPrimitive;
1768:             2            112  [Lorg.apache.cassandra.auth.Permission;
1769:             3            112  [Lorg.apache.cassandra.transport.ProtocolVersion;
1770:             2            112  ch.qos.logback.classic.encoder.PatternLayoutEncoder
1771:             2            112  com.sun.management.GcInfo
1772:             2            112  io.netty.buffer.PooledByteBufAllocator
1773:             2            112  io.prometheus.jmx.shaded.org.eclipse.jetty.io.PooledBuffers
1774:             7            112  javax.management.remote.rmi.RMIConnectionImpl$1
1775:             7            112  org.apache.cassandra.db.lifecycle.Tracker$$Lambda$171/339491653
1776:             7            112  org.apache.cassandra.db.view.View$$Lambda$311/1769277621
1777:             7            112  org.apache.cassandra.service.StorageProxy$$Lambda$316/327813910
1778:             2            112  org.apache.cassandra.utils.memory.MemtablePool$SubPool
1779:             7            112  sun.security.provider.NativePRNG
1780:             1            104  io.netty.channel.epoll.EpollServerSocketChannel
1781:             1            104  io.prometheus.jmx.shaded.org.eclipse.jetty.util.thread.QueuedThreadPool
1782:             2             96  [Lcom.google.common.cache.LocalCache$EntryFactory;
1783:             4             96  [Lio.netty.util.concurrent.FastThreadLocal;
1784:             1             96  [Lio.prometheus.jmx.shaded.org.yaml.snakeyaml.tokens.Token$ID;
1785:             3             96  [Ljava.nio.channels.SelectionKey;
1786:             2             96  [Ljava.util.concurrent.TimeUnit;
1787:             1             96  [Lorg.apache.cassandra.db.compaction.OperationType;
1788:             1             96  [Lorg.yaml.snakeyaml.tokens.Token$ID;
1789:             1             96  [[J
1790:             1             96  ch.qos.logback.classic.LoggerContext
1791:             2             96  ch.qos.logback.classic.pattern.DateConverter
1792:             2             96  ch.qos.logback.classic.pattern.ExtendedThrowableProxyConverter
1793:             3             96  ch.qos.logback.core.joran.action.AppenderRefAction
1794:             4             96  ch.qos.logback.core.pattern.parser.Token
1795:             2             96  ch.qos.logback.core.recovery.ResilientFileOutputStream
1796:             4             96  ch.qos.logback.core.subst.Token
1797:             3             96  ch.qos.logback.core.util.CachingDateFormatter
1798:             4             96  com.google.common.collect.AbstractIterator$State
1799:             4             96  com.google.common.collect.AbstractMultimap$EntrySet
1800:             3             96  com.google.common.util.concurrent.Striped$LargeLazyStriped
1801:             4             96  com.googlecode.concurrentlinkedhashmap.LinkedDeque
1802:             1             96  com.sun.crypto.provider.SunJCE
1803:             3             96  com.sun.jmx.mbeanserver.DefaultMXBeanMappingFactory$EnumMapping
1804:             2             96  com.sun.jmx.mbeanserver.MBeanIntrospector$MBeanInfoMap
1805:             2             96  com.sun.jmx.mbeanserver.MBeanIntrospector$PerInterfaceMap
1806:             1             96  com.sun.net.ssl.internal.ssl.Provider
1807:             3             96  com.sun.org.apache.xerces.internal.utils.XMLSecurityManager$NameMap
1808:             3             96  io.netty.buffer.EmptyByteBuf
1809:             4             96  io.netty.util.ResourceLeakDetector$Level
1810:             2             96  io.prometheus.jmx.shaded.io.prometheus.jmx.JmxCollector$Rule
1811:             1             96  io.prometheus.jmx.shaded.org.eclipse.jetty.server.Server
1812:             4             96  io.prometheus.jmx.shaded.org.eclipse.jetty.servlet.Holder$Source
1813:             3             96  io.prometheus.jmx.shaded.org.eclipse.jetty.util.Utf8StringBuilder
1814:             4             96  io.prometheus.jmx.shaded.org.yaml.snakeyaml.nodes.NodeId
1815:             4             96  java.io.FileReader
1816:             3             96  java.io.SerializablePermission
1817:             4             96  java.lang.Class$MethodArray
1818:             3             96  java.lang.invoke.BoundMethodHandle$Species_LL
1819:             4             96  java.nio.file.FileVisitResult
1820:             4             96  java.rmi.MarshalledObject
1821:             4             96  java.text.Normalizer$Form
1822:             4             96  java.util.stream.StreamShape
1823:             4             96  javax.management.NotificationBroadcasterSupport$ListenerInfo
1824:             4             96  org.apache.cassandra.auth.IRoleManager$Option
1825:             6             96  org.apache.cassandra.cache.ChunkCache$$Lambda$270/1556421363
1826:             4             96  org.apache.cassandra.config.CFMetaData$Flag
1827:             4             96  org.apache.cassandra.config.ColumnDefinition$Kind
1828:             4             96  org.apache.cassandra.config.Config$CommitFailurePolicy
1829:             4             96  org.apache.cassandra.config.Config$DiskAccessMode
1830:             4             96  org.apache.cassandra.config.Config$MemtableAllocationType
1831:             4             96  org.apache.cassandra.config.EncryptionOptions$ServerEncryptionOptions$InternodeEncryption
1832:             4             96  org.apache.cassandra.db.SystemKeyspace$BootstrapState
1833:             3             96  org.apache.cassandra.db.marshal.CompositeType
1834:             6             96  org.apache.cassandra.dht.LocalPartitioner$1
1835:             4             96  org.apache.cassandra.io.sstable.format.SSTableReader$OpenReason
1836:             4             96  org.apache.cassandra.io.sstable.format.SSTableReadsListener$SkippingReason
1837:             4             96  org.apache.cassandra.io.sstable.metadata.MetadataType
1838:             3             96  org.apache.cassandra.io.util.SequentialWriterOption
1839:             2             96  org.apache.cassandra.locator.LocalStrategy
1840:             4             96  org.apache.cassandra.metrics.ConnectionMetrics$1
1841:             4             96  org.apache.cassandra.metrics.ConnectionMetrics$2
1842:             4             96  org.apache.cassandra.metrics.ConnectionMetrics$3
1843:             4             96  org.apache.cassandra.metrics.ConnectionMetrics$4
1844:             4             96  org.apache.cassandra.metrics.ConnectionMetrics$5
1845:             4             96  org.apache.cassandra.metrics.ConnectionMetrics$6
1846:             4             96  org.apache.cassandra.metrics.ConnectionMetrics$7
1847:             4             96  org.apache.cassandra.metrics.ConnectionMetrics$8
1848:             4             96  org.apache.cassandra.metrics.ConnectionMetrics$9
1849:             4             96  org.apache.cassandra.schema.SpeculativeRetryParam$Kind
1850:             6             96  org.apache.cassandra.serializers.MapSerializer$$Lambda$21/172518776
1851:             4             96  org.apache.cassandra.transport.Event$Type
1852:             1             96  org.apache.cassandra.triggers.CustomClassLoader
1853:             4             96  org.apache.cassandra.utils.AbstractIterator$State
1854:             4             96  org.apache.cassandra.utils.AsymmetricOrdering$Op
1855:             3             96  org.apache.cassandra.utils.NoSpamLogger
1856:             4             96  org.apache.cassandra.utils.concurrent.Transactional$AbstractTransactional$State
1857:             2             96  org.codehaus.jackson.map.MapperConfig$Base
1858:             2             96  org.codehaus.jackson.sym.CharsToNameCanonicalizer
1859:             4             96  org.yaml.snakeyaml.nodes.NodeId
1860:             2             96  sun.management.GarbageCollectorImpl
1861:             4             96  sun.misc.FormattedFloatingDecimal$Form
1862:             1             96  sun.misc.Launcher$AppClassLoader
1863:             6             96  sun.nio.ch.IOVecWrapper$Deallocator
1864:             1             96  sun.security.ec.SunEC
1865:             1             96  sun.security.jca.ProviderList$1
1866:             1             96  sun.security.rsa.SunRsaSign
1867:             4             88  [Ljava.util.Map$Entry;
1868:             1             88  [Lnet.jpountz.lz4.LZ4Compressor;
1869:             1             88  [Lorg.apache.cassandra.exceptions.ExceptionCode;
1870:             1             88  [Lsun.security.util.ObjectIdentifier;
1871:             1             88  [[Ljava.lang.Byte;
1872:             1             88  io.prometheus.jmx.shaded.org.eclipse.jetty.http.HttpBuffersImpl
1873:             1             88  io.prometheus.jmx.shaded.org.eclipse.jetty.io.BufferDateCache
1874:             1             88  io.prometheus.jmx.shaded.org.eclipse.jetty.server.nio.SelectChannelConnector$ConnectorSelectorManager
1875:             1             88  org.apache.cassandra.gms.Gossiper
1876:             1             88  sun.misc.Launcher$ExtClassLoader
1877:             3             80  [Lcom.github.benmanes.caffeine.cache.Buffer;
1878:             1             80  [Lio.netty.util.concurrent.SingleThreadEventExecutor;
1879:             2             80  [Ljava.lang.management.MemoryUsage;
1880:             1             80  [Ljava.util.concurrent.ConcurrentHashMap$Segment;
1881:             2             80  [Ljava.util.stream.StreamOpFlag$Type;
1882:             2             80  [Lorg.apache.cassandra.config.Config$DiskFailurePolicy;
1883:             2             80  [Lorg.apache.cassandra.db.lifecycle.LogRecord$Type;
1884:             1             80  [Lorg.apache.cassandra.schema.TableParams$Option;
1885:             2             80  [Lorg.apache.cassandra.transport.messages.ResultMessage$Kind;
1886:             2             80  [Lorg.codehaus.jackson.annotate.JsonAutoDetect$Visibility;
1887:             1             80  [Lsun.security.ssl.CipherSuite$KeyExchange;
1888:             2             80  ch.qos.logback.classic.filter.ThresholdFilter
1889:             1             80  ch.qos.logback.classic.turbo.ReconfigureOnChangeFilter
1890:             1             80  ch.qos.logback.core.rolling.RollingFileAppender
1891:             5             80  com.google.common.cache.LocalCache$LocalLoadingCache
1892:             2             80  com.google.common.collect.AbstractMapBasedMultimap$WrappedNavigableSet
1893:             2             80  com.sun.jmx.mbeanserver.DefaultMXBeanMappingFactory$TabularMapping
1894:             5             80  com.sun.proxy.$Proxy1
1895:             5             80  io.netty.channel.group.DefaultChannelGroup$1
1896:             2             80  io.netty.channel.unix.Errors$NativeConnectException
1897:             2             80  io.netty.util.Signal
1898:             5             80  io.netty.util.concurrent.FastThreadLocal
1899:             1             80  io.prometheus.jmx.shaded.org.eclipse.jetty.http.PathMap
1900:             1             80  io.prometheus.jmx.shaded.org.eclipse.jetty.util.DateCache
1901:             2             80  java.io.ExpiringCache
1902:             2             80  java.util.Locale$Category
1903:             5             80  java.util.concurrent.SynchronousQueue$TransferStack
1904:             2             80  org.apache.cassandra.cql3.ColumnCondition
1905:             1             80  org.apache.cassandra.cql3.functions.ThreadAwareSecurityManager$SMAwareReconfigureOnChangeFilter
1906:             1             80  org.apache.cassandra.db.compaction.CompactionManager$CacheCleanupExecutor
1907:             1             80  org.apache.cassandra.db.compaction.CompactionManager$CompactionExecutor
1908:             1             80  org.apache.cassandra.db.compaction.CompactionManager$ValidationExecutor
1909:             2             80  sun.management.MemoryManagerImpl
1910:             1             80  sun.reflect.misc.MethodUtil
1911:             1             72  [Ljava.lang.invoke.LambdaFormEditor$Transform$Kind;
1912:             1             72  [Ljavax.management.openmbean.SimpleType;
1913:             2             72  [Lsun.security.jca.ProviderConfig;
1914:             1             72  ch.qos.logback.core.ConsoleAppender
1915:             3             72  ch.qos.logback.core.joran.action.NOPAction
1916:             3             72  ch.qos.logback.core.joran.action.PropertyAction
1917:             3             72  ch.qos.logback.core.rolling.helper.CompressionMode
1918:             3             72  ch.qos.logback.core.spi.FilterReply
1919:             3             72  ch.qos.logback.core.subst.Tokenizer$TokenizerState
1920:             3             72  com.github.benmanes.caffeine.cache.AccessOrderDeque
1921:             3             72  com.github.benmanes.caffeine.cache.Caffeine$Strength
1922:             3             72  com.google.common.base.CharMatcher$13
1923:             3             72  com.google.common.base.CharMatcher$RangesMatcher
1924:             3             72  io.netty.buffer.PoolArena$SizeClass
1925:             1             72  io.netty.channel.epoll.EpollServerSocketChannelConfig
1926:             3             72  io.prometheus.jmx.shaded.org.eclipse.jetty.io.BufferCache
1927:             3             72  io.prometheus.jmx.shaded.org.eclipse.jetty.io.Buffers$Type
1928:             1             72  io.prometheus.jmx.shaded.org.eclipse.jetty.io.nio.DirectNIOBuffer
1929:             3             72  io.prometheus.jmx.shaded.org.eclipse.jetty.util.ByteArrayOutputStream2
1930:             3             72  io.prometheus.jmx.shaded.org.yaml.snakeyaml.DumperOptions$FlowStyle
1931:             3             72  io.prometheus.jmx.shaded.org.yaml.snakeyaml.DumperOptions$LineBreak
1932:             3             72  io.prometheus.jmx.shaded.org.yaml.snakeyaml.introspector.BeanAccess
1933:             3             72  java.lang.UNIXProcess$LaunchMechanism
1934:             3             72  java.lang.annotation.RetentionPolicy
1935:             3             72  java.nio.file.FileTreeWalker$EventType
1936:             3             72  java.security.SecurityPermission
1937:             3             72  java.util.Base64$Encoder
1938:             1             72  java.util.ResourceBundle$RBClassLoader
1939:             3             72  java.util.concurrent.atomic.AtomicMarkableReference$Pair
1940:             1             72  java.util.logging.LogManager$RootLogger
1941:             3             72  java.util.stream.Collector$Characteristics
1942:             3             72  java.util.stream.MatchOps$MatchKind
1943:             3             72  org.apache.cassandra.auth.DataResource$Level
1944:             1             72  org.apache.cassandra.concurrent.StageManager$TracingExecutor
1945:             3             72  org.apache.cassandra.config.ColumnDefinition$ClusteringOrder
1946:             3             72  org.apache.cassandra.config.Config$InternodeCompression
1947:             3             72  org.apache.cassandra.config.Config$UserFunctionTimeoutPolicy
1948:             3             72  org.apache.cassandra.config.ParameterizedClass
1949:             3             72  org.apache.cassandra.config.ReadRepairDecision
1950:             3             72  org.apache.cassandra.cql3.AssignmentTestable$TestResult
1951:             3             72  org.apache.cassandra.cql3.ColumnConditions
1952:             3             72  org.apache.cassandra.cql3.ResultSet$Flag
1953:             3             72  org.apache.cassandra.cql3.statements.BatchStatement$Type
1954:             3             72  org.apache.cassandra.cql3.statements.TruncateStatement
1955:             3             72  org.apache.cassandra.db.Conflicts$Resolution
1956:             3             72  org.apache.cassandra.db.Directories$FileType
1957:             3             72  org.apache.cassandra.db.ExpirationDateOverflowHandling$ExpirationDateOverflowPolicy
1958:             3             72  org.apache.cassandra.db.PartitionPosition$Kind
1959:             3             72  org.apache.cassandra.db.commitlog.CommitLogSegment$CDCState
1960:             3             72  org.apache.cassandra.db.lifecycle.SSTableSet
1961:             3             72  org.apache.cassandra.db.marshal.AbstractType$ComparisonType
1962:             3             72  org.apache.cassandra.db.monitoring.MonitoringState
1963:             3             72  org.apache.cassandra.db.rows.SerializationHelper$Flag
1964:             3             72  org.apache.cassandra.index.transactions.IndexTransaction$Type
1965:             3             72  org.apache.cassandra.metrics.CacheMetrics$1
1966:             3             72  org.apache.cassandra.metrics.CacheMetrics$6
1967:             3             72  org.apache.cassandra.metrics.CacheMetrics$7
1968:             3             72  org.apache.cassandra.metrics.StreamingMetrics
1969:             3             72  org.apache.cassandra.repair.RepairParallelism
1970:             3             72  org.apache.cassandra.repair.SystemDistributedKeyspace$RepairState
1971:             3             72  org.apache.cassandra.schema.CompactionParams$TombstoneOption
1972:             3             72  org.apache.cassandra.schema.IndexMetadata$Kind
1973:             3             72  org.apache.cassandra.service.CacheService$CacheType
1974:             3             72  org.apache.cassandra.streaming.StreamEvent$Type
1975:             3             72  org.apache.cassandra.transport.Event$SchemaChange$Change
1976:             3             72  org.apache.cassandra.transport.ServerConnection$State
1977:             3             72  org.apache.cassandra.utils.NoSpamLogger$Level
1978:             3             72  org.apache.cassandra.utils.memory.MemtableAllocator$LifeCycle
1979:             1             72  org.apache.thrift.server.TThreadPoolServer$Args
1980:             3             72  org.yaml.snakeyaml.DumperOptions$FlowStyle
1981:             3             72  org.yaml.snakeyaml.DumperOptions$LineBreak
1982:             3             72  org.yaml.snakeyaml.introspector.BeanAccess
1983:             3             72  sun.misc.FloatingDecimal$ExceptionalBinaryToASCIIBuffer
1984:             3             72  sun.misc.Signal
1985:             1             72  sun.nio.ch.EPollArrayWrapper
1986:             1             72  sun.nio.ch.EPollSelectorImpl
1987:             3             72  sun.security.provider.DSAParameters
1988:             3             72  sun.security.provider.NativePRNG$Variant
1989:             3             72  sun.security.ssl.CipherSuite$CipherType
1990:             3             72  sun.security.util.DisabledAlgorithmConstraints
1991:             1             72  sun.util.locale.provider.JRELocaleProviderAdapter
1992:             3             72  sun.util.resources.ParallelListResourceBundle$KeySet
1993:             2             64  [Lio.prometheus.jmx.shaded.org.yaml.snakeyaml.nodes.NodeId;
1994:             2             64  [Ljava.lang.UNIXProcess$LaunchMechanism;
1995:             2             64  [Ljava.lang.annotation.RetentionPolicy;
1996:             2             64  [Ljava.lang.invoke.LambdaFormEditor$Transform;
1997:             3             64  [Ljava.security.cert.X509Certificate;
1998:             2             64  [Ljava.util.stream.Collector$Characteristics;
1999:             2             64  [Lorg.apache.cassandra.config.CFMetaData$Flag;
2000:             2             64  [Lorg.apache.cassandra.config.ColumnDefinition$ClusteringOrder;
2001:             2             64  [Lorg.apache.cassandra.config.ColumnDefinition$Kind;
2002:             2             64  [Lorg.apache.cassandra.config.Config$CommitFailurePolicy;
2003:             2             64  [Lorg.apache.cassandra.config.Config$InternodeCompression;
2004:             2             64  [Lorg.apache.cassandra.config.Config$MemtableAllocationType;
2005:             2             64  [Lorg.apache.cassandra.config.EncryptionOptions$ServerEncryptionOptions$InternodeEncryption;
2006:             2             64  [Lorg.apache.cassandra.cql3.ResultSet$Flag;
2007:             2             64  [Lorg.apache.cassandra.db.ExpirationDateOverflowHandling$ExpirationDateOverflowPolicy;
2008:             2             64  [Lorg.apache.cassandra.db.PartitionPosition$Kind;
2009:             2             64  [Lorg.apache.cassandra.db.SystemKeyspace$BootstrapState;
2010:             2             64  [Lorg.apache.cassandra.schema.CompactionParams$TombstoneOption;
2011:             2             64  [Lorg.apache.cassandra.schema.IndexMetadata$Kind;
2012:             2             64  [Lorg.apache.cassandra.transport.Event$Type;
2013:             2             64  [Lorg.yaml.snakeyaml.nodes.NodeId;
2014:             2             64  ch.qos.logback.classic.joran.action.LevelAction
2015:             2             64  ch.qos.logback.classic.pattern.FileOfCallerConverter
2016:             2             64  ch.qos.logback.classic.pattern.LevelConverter
2017:             2             64  ch.qos.logback.classic.pattern.LineOfCallerConverter
2018:             2             64  ch.qos.logback.classic.pattern.LineSeparatorConverter
2019:             2             64  ch.qos.logback.classic.pattern.MessageConverter
2020:             2             64  ch.qos.logback.classic.pattern.ThreadConverter
2021:             2             64  ch.qos.logback.core.joran.spi.ConsoleTarget
2022:             1             64  ch.qos.logback.core.rolling.FixedWindowRollingPolicy
2023:             2             64  com.github.benmanes.caffeine.cache.References$WeakKeyReference
2024:             1             64  com.github.benmanes.caffeine.cache.stats.CacheStats
2025:             1             64  com.google.common.cache.CacheStats
2026:             4             64  com.googlecode.concurrentlinkedhashmap.ConcurrentLinkedHashMap$BoundedEntryWeigher
2027:             2             64  com.sun.jmx.mbeanserver.DefaultMXBeanMappingFactory$CollectionMapping
2028:             1             64  com.sun.jmx.remote.internal.ArrayNotificationBuffer
2029:             2             64  com.sun.org.apache.xerces.internal.utils.XMLSecurityPropertyManager$Property
2030:             4             64  com.sun.proxy.$Proxy6
2031:             2             64  io.netty.util.concurrent.DefaultThreadFactory
2032:             2             64  io.prometheus.jmx.shaded.io.prometheus.client.Counter
2033:             2             64  io.prometheus.jmx.shaded.io.prometheus.client.DoubleAdder
2034:             1             64  io.prometheus.jmx.shaded.org.eclipse.jetty.io.nio.SelectorManager$SelectSet
2035:             2             64  io.prometheus.jmx.shaded.org.eclipse.jetty.util.statistic.SampleStatistic
2036:             2             64  java.io.PrintStream
2037:             2             64  java.lang.ClassValue$Entry
2038:             2             64  java.lang.Throwable
2039:             2             64  java.lang.VirtualMachineError
2040:             2             64  java.lang.ref.ReferenceQueue$Null
2041:             4             64  java.util.concurrent.CountDownLatch
2042:             2             64  java.util.concurrent.locks.ReentrantLock$FairSync
2043:             2             64  javax.management.remote.NotificationResult
2044:             1             64  javax.management.remote.rmi.RMIConnectorServer
2045:             4             64  javax.security.auth.x500.X500Principal
2046:             2             64  org.apache.cassandra.cql3.functions.TokenFct
2047:             1             64  org.apache.cassandra.db.commitlog.PeriodicCommitLogService
2048:             2             64  org.apache.cassandra.io.sstable.format.SSTableFormat$Type
2049:             1             64  org.apache.cassandra.locator.DynamicEndpointSnitch
2050:             1             64  org.apache.cassandra.metrics.ViewWriteMetrics
2051:             1             64  org.apache.cassandra.net.MessagingService
2052:             2             64  org.apache.cassandra.service.GCInspector$GCState
2053:             1             64  org.apache.cassandra.thrift.CustomTThreadPoolServer
2054:             1             64  org.apache.cassandra.utils.SigarLibrary
2055:             4             64  org.codehaus.jackson.map.introspect.AnnotationMap
2056:             1             64  org.codehaus.jackson.sym.BytesToNameCanonicalizer
2057:             2             64  sun.instrument.InstrumentationImpl
2058:             4             64  sun.net.www.protocol.jar.Handler
2059:             2             64  sun.nio.ch.ServerSocketAdaptor
2060:             2             64  sun.rmi.runtime.NewThreadAction
2061:             2             64  sun.rmi.transport.tcp.TCPTransport
2062:             2             64  sun.security.ssl.EphemeralKeyManager$EphemeralKeyPair
2063:             1             64  sun.security.ssl.SSLContextImpl$DefaultSSLContext
2064:             2             64  sun.security.ssl.SSLSessionContextImpl
2065:             2             64  sun.security.x509.PolicyMappingsExtension
2066:             2             64  sun.security.x509.PrivateKeyUsageExtension
2067:             2             64  sun.security.x509.SubjectAlternativeNameExtension
2068:             2             64  sun.util.locale.provider.LocaleServiceProviderPool
2069:             1             56  [Lio.prometheus.jmx.shaded.org.yaml.snakeyaml.events.Event$ID;
2070:             1             56  [Ljava.lang.Runnable;
2071:             1             56  [Ljava.nio.file.StandardOpenOption;
2072:             1             56  [Lorg.codehaus.jackson.JsonParser$Feature;
2073:             1             56  [Lorg.yaml.snakeyaml.events.Event$ID;
2074:             1             56  [Lsun.util.logging.PlatformLogger$Level;
2075:             1             56  [[I
2076:             1             56  com.sun.jmx.remote.internal.ServerNotifForwarder
2077:             1             56  java.util.logging.LogManager
2078:             1             56  javax.management.remote.rmi.RMIJRMPServerImpl
2079:             1             56  org.apache.cassandra.auth.PasswordAuthenticator$CredentialsCache
2080:             1             56  org.apache.cassandra.auth.PermissionsCache
2081:             1             56  org.apache.cassandra.auth.RolesCache
2082:             1             56  org.apache.cassandra.config.CFMetaData$Builder
2083:             1             56  org.apache.cassandra.config.EncryptionOptions$ClientEncryptionOptions
2084:             1             56  org.apache.cassandra.config.EncryptionOptions$ServerEncryptionOptions
2085:             1             56  org.apache.cassandra.db.commitlog.AbstractCommitLogService$SyncRunnable
2086:             1             56  org.apache.cassandra.db.commitlog.CommitLogSegmentManagerStandard
2087:             1             56  org.apache.cassandra.metrics.CacheMissMetrics
2088:             1             56  org.codehaus.jackson.map.ObjectMapper
2089:             1             56  org.codehaus.jackson.map.ser.StdSerializerProvider
2090:             1             56  org.hyperic.sigar.SigarLoader
2091:             1             56  sun.rmi.runtime.Log$InternalStreamHandler
2092:             1             56  sun.security.provider.SHA
2093:             1             48  [Lcom.sun.beans.util.Cache$CacheEntry;
2094:             1             48  [Lcom.sun.management.VMOption$Origin;
2095:             1             48  [Lcom.sun.org.apache.xerces.internal.utils.XMLSecurityManager$Limit;
2096:             1             48  [Ljava.beans.WeakIdentityMap$Entry;
2097:             3             48  [Ljava.lang.annotation.Annotation;
2098:             1             48  [Ljava.lang.invoke.MethodHandleImpl$Intrinsic;
2099:             1             48  [Ljava.math.RoundingMode;
2100:             2             48  [Ljava.nio.file.FileVisitOption;
2101:             1             48  [Ljdk.net.SocketFlow$Status;
2102:             2             48  [Lorg.apache.cassandra.config.Config$CommitLogSync;
2103:             2             48  [Lorg.apache.cassandra.config.Config$DiskOptimizationStrategy;
2104:             1             48  [Lorg.apache.cassandra.cql3.Constants$Type;
2105:             1             48  [Lorg.apache.cassandra.db.Directories$FileAction;
2106:             1             48  [Lorg.apache.cassandra.db.WriteType;
2107:             2             48  [Lorg.apache.cassandra.net.RateBasedBackPressure$Flow;
2108:             1             48  [Lorg.apache.cassandra.repair.messages.RepairMessage$Type;
2109:             1             48  [Lorg.apache.cassandra.serializers.UTF8Serializer$UTF8Validator$State;
2110:             1             48  [Lorg.apache.cassandra.service.StorageService$Mode;
2111:             1             48  [Lorg.apache.cassandra.streaming.messages.StreamMessage$Type;
2112:             1             48  [Lorg.apache.cassandra.utils.progress.ProgressEventType;
2113:             1             48  [Lorg.codehaus.jackson.JsonGenerator$Feature;
2114:             1             48  [Lsun.security.x509.NetscapeCertTypeExtension$MapEntry;
2115:             1             48  [[Ljava.lang.Object;
2116:             1             48  ch.qos.logback.classic.jmx.JMXConfigurator
2117:             1             48  ch.qos.logback.core.joran.action.DefinePropertyAction
2118:             1             48  ch.qos.logback.core.joran.spi.InterpretationContext
2119:             1             48  ch.qos.logback.core.joran.spi.Interpreter
2120:             2             48  ch.qos.logback.core.pattern.FormatInfo
2121:             3             48  ch.qos.logback.core.spi.LogbackLock
2122:             2             48  ch.qos.logback.core.subst.Node$Type
2123:             1             48  ch.qos.logback.core.util.InvocationGate
2124:             2             48  com.clearspring.analytics.stream.cardinality.HyperLogLogPlus$Format
2125:             2             48  com.google.common.collect.AbstractMapBasedMultimap$KeySet
2126:             2             48  com.google.common.collect.AbstractMapBasedMultimap$WrappedCollection$WrappedIterator
2127:             1             48  com.google.common.collect.EmptyImmutableListMultimap
2128:             2             48  com.google.common.collect.HashBiMap$Inverse
2129:             1             48  com.google.common.collect.ImmutableListMultimap
2130:             2             48  com.google.common.collect.ImmutableMultimap$Values
2131:             3             48  com.google.common.util.concurrent.Striped$2
2132:             1             48  com.googlecode.concurrentlinkedhashmap.ConcurrentHashMapV8$KeyIterator
2133:             2             48  com.googlecode.concurrentlinkedhashmap.ConcurrentHashMapV8$KeySetView
2134:             2             48  com.googlecode.concurrentlinkedhashmap.ConcurrentLinkedHashMap$KeySet
2135:             2             48  com.sun.jmx.mbeanserver.ClassLoaderRepositorySupport$LoaderEntry
2136:             1             48  com.sun.jmx.mbeanserver.DefaultMXBeanMappingFactory$Mappings
2137:             2             48  com.sun.jmx.mbeanserver.WeakIdentityHashMap
2138:             2             48  com.sun.jmx.remote.internal.ServerNotifForwarder$IdAndFilter
2139:             1             48  com.sun.jna.NativeLibrary
2140:             3             48  com.sun.org.apache.xerces.internal.impl.dv.dtd.ListDatatypeValidator
2141:             2             48  io.netty.buffer.PooledByteBufAllocator$PoolThreadLocalCache
2142:             1             48  io.netty.util.ResourceLeakDetector
2143:             2             48  io.netty.util.UniqueName
2144:             1             48  io.netty.util.concurrent.GlobalEventExecutor
2145:             3             48  io.netty.util.internal.TypeParameterMatcher$ReflectiveMatcher
2146:             1             48  io.prometheus.jmx.shaded.io.prometheus.jmx.JmxCollector$Config
2147:             3             48  io.prometheus.jmx.shaded.org.eclipse.jetty.io.nio.SelectChannelEndPoint$1
2148:             3             48  io.prometheus.jmx.shaded.org.eclipse.jetty.server.AbstractHttpConnection$RequestHandler
2149:             3             48  io.prometheus.jmx.shaded.org.eclipse.jetty.util.AttributesMap
2150:             1             48  io.prometheus.jmx.shaded.org.eclipse.jetty.util.thread.Timeout$Task
2151:             2             48  java.io.ByteArrayOutputStream
2152:             2             48  java.io.File$PathStatus
2153:             3             48  java.lang.InheritableThreadLocal
2154:             2             48  java.lang.invoke.MethodHandles$Lookup
2155:             2             48  java.lang.management.MemoryType
2156:             2             48  java.lang.reflect.ReflectPermission
2157:             2             48  java.net.InetAddress$Cache
2158:             2             48  java.net.InetAddress$Cache$Type
2159:             2             48  java.net.InetAddress$CacheEntry
2160:             1             48  java.net.NetworkInterface
2161:             2             48  java.net.ServerSocket
2162:             2             48  java.net.StandardProtocolFamily
2163:             3             48  java.nio.channels.FileChannel$MapMode
2164:             2             48  java.nio.charset.CoderResult
2165:             3             48  java.nio.charset.CodingErrorAction
2166:             2             48  java.security.AllPermissionCollection
2167:             2             48  java.security.CodeSigner
2168:             3             48  java.text.AttributedCharacterIterator$Attribute
2169:             3             48  java.util.Base64$Decoder
2170:             2             48  java.util.Collections$UnmodifiableMap$UnmodifiableEntrySet$1
2171:             2             48  java.util.Collections$UnmodifiableSortedSet
2172:             2             48  java.util.concurrent.Executors$DefaultThreadFactory
2173:             3             48  java.util.concurrent.atomic.AtomicMarkableReference
2174:             2             48  java.util.logging.Logger$LoggerBundle
2175:             1             48  java.util.regex.Pattern$GroupCurly
2176:             2             48  javax.crypto.CryptoPermissions
2177:             2             48  javax.management.MBeanServerInvocationHandler
2178:             3             48  org.apache.cassandra.auth.AuthCache$1
2179:             2             48  org.apache.cassandra.auth.RoleResource$Level
2180:             2             48  org.apache.cassandra.cache.AutoSavingCache$2
2181:             1             48  org.apache.cassandra.cache.AutoSavingCache$Writer
2182:             2             48  org.apache.cassandra.config.Config$CommitLogSync
2183:             2             48  org.apache.cassandra.config.Config$DiskOptimizationStrategy
2184:             1             48  org.apache.cassandra.config.ViewDefinition
2185:             2             48  org.apache.cassandra.cql3.Lists$Marker
2186:             2             48  org.apache.cassandra.cql3.restrictions.SingleColumnRestriction$InRestrictionWithMarker
2187:             2             48  org.apache.cassandra.cql3.selection.SelectorFactories
2188:             2             48  org.apache.cassandra.cql3.statements.Bound
2189:             2             48  org.apache.cassandra.db.Directories$OnTxnErr
2190:             2             48  org.apache.cassandra.db.ReadCommand$Kind
2191:             2             48  org.apache.cassandra.db.aggregation.AggregationSpecification$Kind
2192:             1             48  org.apache.cassandra.db.commitlog.CommitLogArchiver
2193:             2             48  org.apache.cassandra.db.filter.ClusteringIndexFilter$Kind
2194:             2             48  org.apache.cassandra.db.monitoring.MonitoringTask$OperationsQueue
2195:             2             48  org.apache.cassandra.db.rows.Unfiltered$Kind
2196:             1             48  org.apache.cassandra.db.view.View
2197:             1             48  org.apache.cassandra.gms.FailureDetector
2198:             1             48  org.apache.cassandra.hints.HintsService
2199:             1             48  org.apache.cassandra.io.sstable.IndexSummaryRedistribution
2200:             2             48  org.apache.cassandra.io.sstable.format.SSTableReadsListener$SelectionReason
2201:             3             48  org.apache.cassandra.metrics.CacheMetrics$2
2202:             3             48  org.apache.cassandra.metrics.CacheMetrics$3
2203:             3             48  org.apache.cassandra.metrics.CacheMetrics$4
2204:             3             48  org.apache.cassandra.metrics.CacheMetrics$5
2205:             2             48  org.apache.cassandra.metrics.TableMetrics$Sampler
2206:             1             48  org.apache.cassandra.net.MessagingService$2
2207:             1             48  org.apache.cassandra.net.RateBasedBackPressure
2208:             2             48  org.apache.cassandra.net.RateBasedBackPressure$Flow
2209:             2             48  org.apache.cassandra.schema.CachingParams$Option
2210:             2             48  org.apache.cassandra.schema.KeyspaceParams$Option
2211:             2             48  org.apache.cassandra.streaming.ProgressInfo$Direction
2212:             2             48  org.apache.cassandra.transport.Event$StatusChange$Status
2213:             2             48  org.apache.cassandra.transport.Message$Direction
2214:             2             48  org.apache.cassandra.transport.Server$LatestEvent
2215:             2             48  org.apache.cassandra.utils.ChecksumType$3
2216:             2             48  org.apache.cassandra.utils.Throwables$FileOpType
2217:             2             48  org.apache.cassandra.utils.btree.BTree$Dir
2218:             1             48  org.codehaus.jackson.JsonFactory
2219:             1             48  org.codehaus.jackson.map.DeserializationConfig
2220:             1             48  org.codehaus.jackson.map.SerializationConfig
2221:             2             48  org.codehaus.jackson.map.deser.std.CalendarDeserializer
2222:             2             48  org.codehaus.jackson.map.deser.std.StdDeserializer$BooleanDeserializer
2223:             2             48  org.codehaus.jackson.map.deser.std.StdDeserializer$ByteDeserializer
2224:             2             48  org.codehaus.jackson.map.deser.std.StdDeserializer$CharacterDeserializer
2225:             2             48  org.codehaus.jackson.map.deser.std.StdDeserializer$DoubleDeserializer
2226:             2             48  org.codehaus.jackson.map.deser.std.StdDeserializer$FloatDeserializer
2227:             2             48  org.codehaus.jackson.map.deser.std.StdDeserializer$IntegerDeserializer
2228:             2             48  org.codehaus.jackson.map.deser.std.StdDeserializer$LongDeserializer
2229:             2             48  org.codehaus.jackson.map.deser.std.StdDeserializer$ShortDeserializer
2230:             2             48  org.codehaus.jackson.map.ser.StdSerializers$BooleanSerializer
2231:             1             48  org.codehaus.jackson.sym.BytesToNameCanonicalizer$TableInfo
2232:             1             48  org.hyperic.sigar.FileSystemMap
2233:             1             48  org.hyperic.sigar.Sigar
2234:             2             48  sun.instrument.TransformerManager
2235:             2             48  sun.management.GarbageCollectionNotifInfoCompositeData
2236:             1             48  sun.management.GcInfoBuilder
2237:             2             48  sun.management.ManagementFactoryHelper$1
2238:             2             48  sun.misc.NativeSignalHandler
2239:             1             48  sun.nio.cs.StreamEncoder
2240:             3             48  sun.rmi.server.WeakClassHashMap$ValueCell
2241:             2             48  sun.security.jca.GetInstance$Instance
2242:             2             48  sun.security.jca.ProviderList
2243:             2             48  sun.security.jca.ProviderList$3
2244:             2             48  sun.security.provider.certpath.X509CertPath
2245:             1             48  sun.security.ssl.CipherBox
2246:             2             48  sun.security.ssl.SSLAlgorithmConstraints
2247:             2             48  sun.security.util.DisabledAlgorithmConstraints$KeySizeConstraint
2248:             2             48  sun.security.x509.CertificatePolicyMap
2249:             3             48  sun.security.x509.RFC822Name
2250:             3             48  sun.text.normalizer.NormalizerBase$QuickCheckResult
2251:             1             48  sun.text.resources.FormatData
2252:             1             48  sun.text.resources.en.FormatData_en
2253:             1             48  sun.text.resources.en.FormatData_en_US
2254:             1             48  sun.util.resources.CalendarData
2255:             1             48  sun.util.resources.CurrencyNames
2256:             1             48  sun.util.resources.en.CalendarData_en
2257:             1             48  sun.util.resources.en.CurrencyNames_en_US
2258:             1             40  [Lch.qos.logback.core.pattern.parser.TokenStream$TokenizerState;
2259:             1             40  [Lch.qos.logback.core.subst.Token$Type;
2260:             1             40  [Lch.qos.logback.core.util.AggregationType;
2261:             1             40  [Lcom.github.benmanes.caffeine.cache.RemovalCause;
2262:             1             40  [Lcom.google.common.cache.RemovalCause;
2263:             1             40  [Lcom.google.common.collect.MapMaker$RemovalCause;
2264:             2             40  [Lcom.sun.jmx.mbeanserver.ClassLoaderRepositorySupport$LoaderEntry;
2265:             1             40  [Lcom.sun.org.apache.xerces.internal.util.Status;
2266:             1             40  [Lcom.sun.org.apache.xerces.internal.utils.XMLSecurityManager$State;
2267:             1             40  [Lcom.sun.org.apache.xerces.internal.utils.XMLSecurityPropertyManager$State;
2268:             1             40  [Lio.prometheus.jmx.shaded.io.prometheus.client.Collector$Type;
2269:             1             40  [Lio.prometheus.jmx.shaded.javax.servlet.DispatcherType;
2270:             1             40  [Lio.prometheus.jmx.shaded.org.yaml.snakeyaml.DumperOptions$ScalarStyle;
2271:             1             40  [Ljava.lang.management.MemoryPoolMXBean;
2272:             1             40  [Ljava.util.stream.StreamOpFlag;
2273:             1             40  [Lorg.apache.cassandra.cql3.statements.IndexTarget$Type;
2274:             1             40  [Lorg.apache.cassandra.db.view.ViewUpdateGenerator$UpdateAction;
2275:             1             40  [Lorg.apache.cassandra.schema.CompactionParams$Option;
2276:             1             40  [Lorg.apache.cassandra.streaming.StreamSession$State;
2277:             1             40  [Lorg.apache.cassandra.transport.Event$SchemaChange$Target;
2278:             1             40  [Lorg.apache.cassandra.utils.NativeLibrary$OSType;
2279:             1             40  [Lorg.github.jamm.MemoryMeter$Guess;
2280:             1             40  [Lorg.yaml.snakeyaml.DumperOptions$ScalarStyle;
2281:             1             40  [Lsun.security.jca.ServiceId;
2282:             1             40  [Lsun.security.util.DisabledAlgorithmConstraints$KeySizeConstraint$Operator;
2283:             1             40  [Lsun.util.locale.provider.LocaleProviderAdapter$Type;
2284:             1             40  [[Ljava.lang.invoke.LambdaForm$Name;
2285:             1             40  ch.qos.logback.core.BasicStatusManager
2286:             1             40  ch.qos.logback.core.joran.spi.ConfigurationWatchList
2287:             1             40  ch.qos.logback.core.rolling.SizeBasedTriggeringPolicy
2288:             1             40  com.github.benmanes.caffeine.cache.BoundedLocalCache$BoundedPolicy
2289:             1             40  com.google.common.collect.EmptyImmutableSortedMap
2290:             1             40  com.sun.beans.finder.MethodFinder$1
2291:             1             40  com.sun.jmx.interceptor.DefaultMBeanServerInterceptor
2292:             1             40  com.sun.jmx.mbeanserver.JmxMBeanServer
2293:             1             40  com.sun.jmx.mbeanserver.MBeanServerDelegateImpl
2294:             1             40  io.netty.channel.epoll.AbstractEpollServerChannel$EpollServerSocketUnsafe
2295:             1             40  io.prometheus.jmx.shaded.org.eclipse.jetty.util.thread.Timeout
2296:             1             40  java.beans.WeakIdentityMap$Entry
2297:             1             40  java.lang.invoke.BoundMethodHandle$Species_L4
2298:             1             40  java.lang.reflect.Proxy$Key2
2299:             1             40  java.util.ResourceBundle$1
2300:             1             40  javax.crypto.CryptoAllPermission
2301:             1             40  net.jpountz.lz4.LZ4Factory
2302:             1             40  org.apache.cassandra.concurrent.SharedExecutorPool
2303:             1             40  org.apache.cassandra.config.TransparentDataEncryptionOptions
2304:             1             40  org.apache.cassandra.cql3.selection.Selection$SelectionWithProcessing
2305:             1             40  org.apache.cassandra.db.commitlog.CommitLog
2306:             1             40  org.apache.cassandra.db.view.ViewBuilder
2307:             1             40  org.apache.cassandra.index.internal.composites.ClusteringColumnIndex
2308:             1             40  org.apache.cassandra.locator.GossipingPropertyFileSnitch
2309:             1             40  org.apache.cassandra.net.MessagingService$1
2310:             1             40  org.apache.cassandra.net.MessagingService$3
2311:             1             40  org.apache.cassandra.streaming.management.StreamEventJMXNotifier
2312:             1             40  org.apache.cassandra.transport.Server
2313:             1             40  org.apache.cassandra.utils.NoSpamLogger$NoSpamLogStatement
2314:             1             40  org.apache.cassandra.utils.memory.SlabPool
2315:             1             40  org.codehaus.jackson.map.util.StdDateFormat
2316:             1             40  sun.management.DiagnosticCommandImpl
2317:             1             40  sun.management.MappedMXBeanType$CompositeDataMXBeanType
2318:             1             40  sun.management.MappedMXBeanType$MapMXBeanType
2319:             1             40  sun.nio.cs.StandardCharsets$Aliases
2320:             1             40  sun.nio.cs.StandardCharsets$Cache
2321:             1             40  sun.nio.cs.StandardCharsets$Classes
2322:             1             32  [Lch.qos.logback.core.rolling.helper.CompressionMode;
2323:             1             32  [Lch.qos.logback.core.spi.FilterReply;
2324:             1             32  [Lch.qos.logback.core.subst.Tokenizer$TokenizerState;
2325:             1             32  [Lcom.github.benmanes.caffeine.cache.Caffeine$Strength;
2326:             1             32  [Lcom.google.common.base.Predicates$ObjectPredicate;
2327:             1             32  [Lcom.google.common.cache.LocalCache$Strength;
2328:             1             32  [Lcom.google.common.collect.AbstractIterator$State;
2329:             1             32  [Lcom.google.common.collect.MapMakerInternalMap$Strength;
2330:             1             32  [Lcom.googlecode.concurrentlinkedhashmap.ConcurrentLinkedHashMap$DrainStatus;
2331:             1             32  [Lcom.sun.beans.util.Cache$Kind;
2332:             1             32  [Lcom.sun.org.apache.xerces.internal.utils.XMLSecurityManager$NameMap;
2333:             1             32  [Lio.netty.buffer.PoolArena$SizeClass;
2334:             1             32  [Lio.netty.util.ResourceLeakDetector$Level;
2335:             1             32  [Lio.prometheus.jmx.shaded.org.eclipse.jetty.io.Buffers$Type;
2336:             1             32  [Lio.prometheus.jmx.shaded.org.eclipse.jetty.servlet.Holder$Source;
2337:             1             32  [Lio.prometheus.jmx.shaded.org.yaml.snakeyaml.DumperOptions$FlowStyle;
2338:             1             32  [Lio.prometheus.jmx.shaded.org.yaml.snakeyaml.DumperOptions$LineBreak;
2339:             1             32  [Lio.prometheus.jmx.shaded.org.yaml.snakeyaml.introspector.BeanAccess;
2340:             2             32  [Ljava.lang.Enum;
2341:             1             32  [Ljava.lang.OutOfMemoryError;
2342:             1             32  [Ljava.lang.ThreadGroup;
2343:             1             32  [Ljava.lang.UNIXProcess$Platform;
2344:             1             32  [Ljava.lang.management.MemoryManagerMXBean;
2345:             1             32  [Ljava.nio.file.FileTreeWalker$EventType;
2346:             1             32  [Ljava.nio.file.FileVisitResult;
2347:             1             32  [Ljava.text.Normalizer$Form;
2348:             1             32  [Ljava.util.concurrent.atomic.AtomicReference;
2349:             1             32  [Ljava.util.stream.MatchOps$MatchKind;
2350:             1             32  [Ljava.util.stream.StreamShape;
2351:             2             32  [Ljavax.management.remote.TargetedNotification;
2352:             1             32  [Lnet.jpountz.util.Native$OS;
2353:             1             32  [Lorg.apache.cassandra.auth.DataResource$Level;
2354:             1             32  [Lorg.apache.cassandra.auth.IRoleManager$Option;
2355:             1             32  [Lorg.apache.cassandra.config.Config$DiskAccessMode;
2356:             1             32  [Lorg.apache.cassandra.config.Config$UserFunctionTimeoutPolicy;
2357:             1             32  [Lorg.apache.cassandra.config.ReadRepairDecision;
2358:             1             32  [Lorg.apache.cassandra.cql3.AssignmentTestable$TestResult;
2359:             1             32  [Lorg.apache.cassandra.cql3.statements.BatchStatement$Type;
2360:             1             32  [Lorg.apache.cassandra.cql3.statements.StatementType;
2361:             1             32  [Lorg.apache.cassandra.db.Conflicts$Resolution;
2362:             1             32  [Lorg.apache.cassandra.db.Directories$FileType;
2363:             1             32  [Lorg.apache.cassandra.db.commitlog.CommitLogSegment$CDCState;
2364:             1             32  [Lorg.apache.cassandra.db.lifecycle.SSTableSet;
2365:             1             32  [Lorg.apache.cassandra.db.marshal.AbstractType$ComparisonType;
2366:             1             32  [Lorg.apache.cassandra.db.marshal.CollectionType$Kind;
2367:             1             32  [Lorg.apache.cassandra.db.monitoring.MonitoringState;
2368:             1             32  [Lorg.apache.cassandra.db.rows.SerializationHelper$Flag;
2369:             1             32  [Lorg.apache.cassandra.index.transactions.IndexTransaction$Type;
2370:             1             32  [Lorg.apache.cassandra.io.sstable.format.SSTableReader$OpenReason;
2371:             1             32  [Lorg.apache.cassandra.io.sstable.format.SSTableReadsListener$SkippingReason;
2372:             1             32  [Lorg.apache.cassandra.repair.RepairParallelism;
2373:             1             32  [Lorg.apache.cassandra.repair.SystemDistributedKeyspace$RepairState;
2374:             1             32  [Lorg.apache.cassandra.schema.SpeculativeRetryParam$Kind;
2375:             1             32  [Lorg.apache.cassandra.service.CacheService$CacheType;
2376:             1             32  [Lorg.apache.cassandra.streaming.StreamEvent$Type;
2377:             1             32  [Lorg.apache.cassandra.transport.Event$SchemaChange$Change;
2378:             1             32  [Lorg.apache.cassandra.transport.ServerConnection$State;
2379:             1             32  [Lorg.apache.cassandra.utils.AbstractIterator$State;
2380:             1             32  [Lorg.apache.cassandra.utils.AsymmetricOrdering$Op;
2381:             1             32  [Lorg.apache.cassandra.utils.NoSpamLogger$Level;
2382:             1             32  [Lorg.apache.cassandra.utils.concurrent.Transactional$AbstractTransactional$State;
2383:             1             32  [Lorg.apache.cassandra.utils.memory.MemtableAllocator$LifeCycle;
2384:             2             32  [Lorg.codehaus.jackson.type.JavaType;
2385:             1             32  [Lorg.yaml.snakeyaml.DumperOptions$FlowStyle;
2386:             1             32  [Lorg.yaml.snakeyaml.DumperOptions$LineBreak;
2387:             1             32  [Lorg.yaml.snakeyaml.introspector.BeanAccess;
2388:             2             32  [Lsun.instrument.TransformerManager$TransformerInfo;
2389:             1             32  [Lsun.misc.FormattedFloatingDecimal$Form;
2390:             1             32  [Lsun.security.provider.NativePRNG$Variant;
2391:             1             32  [Lsun.security.ssl.CipherSuite$CipherType;
2392:             1             32  [Lsun.security.ssl.CipherSuite$PRF;
2393:             1             32  [[Lcom.google.common.collect.MapMakerInternalMap$EntryFactory;
2394:             1             32  ch.qos.logback.classic.joran.JoranConfigurator
2395:             1             32  ch.qos.logback.classic.joran.action.ConfigurationAction
2396:             1             32  ch.qos.logback.classic.joran.action.EvaluatorAction
2397:             1             32  ch.qos.logback.classic.joran.action.LoggerAction
2398:             1             32  ch.qos.logback.classic.joran.action.LoggerContextListenerAction
2399:             1             32  ch.qos.logback.classic.joran.action.ReceiverAction
2400:             1             32  ch.qos.logback.classic.joran.action.RootLoggerAction
2401:             2             32  ch.qos.logback.classic.pattern.EnsureExceptionHandling
2402:             1             32  ch.qos.logback.classic.sift.SiftAction
2403:             1             32  ch.qos.logback.classic.spi.LoggerContextVO
2404:             1             32  ch.qos.logback.core.helpers.CyclicBuffer
2405:             1             32  ch.qos.logback.core.joran.action.AppenderAction
2406:             1             32  ch.qos.logback.core.joran.action.ConversionRuleAction
2407:             1             32  ch.qos.logback.core.joran.action.IncludeAction
2408:             1             32  ch.qos.logback.core.joran.action.NestedBasicPropertyIA
2409:             1             32  ch.qos.logback.core.joran.action.NestedComplexPropertyIA
2410:             1             32  ch.qos.logback.core.joran.action.NewRuleAction
2411:             1             32  ch.qos.logback.core.joran.action.ParamAction
2412:             1             32  ch.qos.logback.core.joran.action.ShutdownHookAction
2413:             1             32  ch.qos.logback.core.joran.action.StatusListenerAction
2414:             1             32  ch.qos.logback.core.joran.action.TimestampAction
2415:             1             32  ch.qos.logback.core.joran.conditional.ElseAction
2416:             1             32  ch.qos.logback.core.joran.conditional.IfAction
2417:             1             32  ch.qos.logback.core.joran.conditional.ThenAction
2418:             1             32  ch.qos.logback.core.joran.spi.SimpleRuleStore
2419:             1             32  ch.qos.logback.core.rolling.helper.Compressor
2420:             1             32  ch.qos.logback.core.rolling.helper.FileNamePattern
2421:             1             32  ch.qos.logback.core.rolling.helper.IntegerTokenConverter
2422:             2             32  ch.qos.logback.core.spi.FilterAttachableImpl
2423:             1             32  com.github.benmanes.caffeine.cache.BoundedLocalCache$BoundedLocalLoadingCache
2424:             1             32  com.github.benmanes.caffeine.cache.FrequencySketch
2425:             2             32  com.google.common.base.Joiner
2426:             1             32  com.google.common.collect.AbstractMapBasedMultimap$NavigableKeySet
2427:             1             32  com.google.common.collect.EmptyImmutableBiMap
2428:             1             32  com.google.common.util.concurrent.MoreExecutors$DirectExecutorService
2429:             2             32  com.googlecode.concurrentlinkedhashmap.ConcurrentHashMapV8$ValuesView
2430:             2             32  com.sun.beans.WeakCache
2431:             1             32  com.sun.beans.finder.BeanInfoFinder
2432:             2             32  com.sun.jmx.mbeanserver.GetPropertyAction
2433:             1             32  com.sun.jmx.mbeanserver.Repository
2434:             1             32  com.sun.jmx.remote.internal.ArrayQueue
2435:             1             32  com.sun.management.GarbageCollectionNotificationInfo
2436:             1             32  com.sun.org.apache.xerces.internal.impl.XMLEntityScanner$1
2437:             2             32  com.sun.org.apache.xerces.internal.impl.dv.dtd.ENTITYDatatypeValidator
2438:             2             32  com.sun.proxy.$Proxy5
2439:             1             32  io.netty.bootstrap.ServerBootstrap$ServerBootstrapAcceptor
2440:             1             32  io.netty.buffer.PoolThreadCache$MemoryRegionCache$1
2441:             1             32  io.netty.buffer.PooledUnsafeDirectByteBuf$1
2442:             1             32  io.netty.channel.AbstractChannelHandlerContext$WriteAndFlushTask$1
2443:             1             32  io.netty.channel.ChannelOutboundBuffer$Entry$1
2444:             1             32  io.netty.channel.epoll.EpollEventLoopGroup
2445:             2             32  io.netty.channel.group.ChannelMatchers$ClassMatcher
2446:             1             32  io.netty.handler.codec.CodecOutputList$1
2447:             2             32  io.netty.util.internal.logging.Slf4JLoggerFactory
2448:             2             32  io.prometheus.jmx.shaded.io.prometheus.client.Counter$Child
2449:             1             32  io.prometheus.jmx.shaded.io.prometheus.client.hotspot.StandardExports
2450:             1             32  io.prometheus.jmx.shaded.org.eclipse.jetty.continuation.ContinuationThrowable
2451:             1             32  io.prometheus.jmx.shaded.org.eclipse.jetty.http.PathMap$Entry
2452:             1             32  io.prometheus.jmx.shaded.org.eclipse.jetty.servlet.ServletContextHandler$Context
2453:             1             32  java.beans.ThreadGroupContext
2454:             1             32  java.beans.ThreadGroupContext$1
2455:             1             32  java.io.ObjectOutputStream$PutFieldImpl
2456:             1             32  java.io.UnixFileSystem
2457:             1             32  java.lang.ArithmeticException
2458:             1             32  java.lang.ArrayIndexOutOfBoundsException
2459:             1             32  java.lang.ArrayStoreException
2460:             1             32  java.lang.ClassCastException
2461:             1             32  java.lang.Exception
2462:             1             32  java.lang.NullPointerException
2463:             2             32  java.lang.Shutdown$Lock
2464:             1             32  java.lang.UnsupportedOperationException
2465:             1             32  java.lang.reflect.WeakCache
2466:             1             32  java.lang.reflect.WeakCache$CacheKey
2467:             1             32  java.net.Inet6Address
2468:             1             32  java.net.Inet6Address$Inet6AddressHolder
2469:             2             32  java.nio.ByteOrder
2470:             1             32  java.nio.channels.NotYetConnectedException
2471:             1             32  java.text.DontCareFieldPosition
2472:             2             32  java.util.Collections$UnmodifiableMap$UnmodifiableEntrySet
2473:             1             32  java.util.concurrent.CancellationException
2474:             1             32  java.util.concurrent.ThreadLocalRandom
2475:             2             32  java.util.jar.JarVerifier$3
2476:             1             32  java.util.logging.LogManager$SystemLoggerContext
2477:             1             32  java.util.regex.Pattern$3
2478:             2             32  javax.management.NotificationFilterSupport
2479:             1             32  javax.management.remote.JMXServiceURL
2480:             1             32  org.apache.cassandra.auth.CassandraRoleManager
2481:             1             32  org.apache.cassandra.batchlog.BatchlogManager
2482:             2             32  org.apache.cassandra.cache.ConcurrentLinkedHashCache
2483:             2             32  org.apache.cassandra.cache.ConcurrentLinkedHashCache$1
2484:             1             32  org.apache.cassandra.config.Schema
2485:             1             32  org.apache.cassandra.cql3.functions.TimeFcts$4
2486:             1             32  org.apache.cassandra.cql3.functions.TimeFcts$5
2487:             2             32  org.apache.cassandra.db.RangeSliceVerbHandler
2488:             1             32  org.apache.cassandra.db.commitlog.SimpleCachedBufferPool
2489:             1             32  org.apache.cassandra.db.compaction.CompactionManager
2490:             1             32  org.apache.cassandra.db.marshal.AsciiType
2491:             1             32  org.apache.cassandra.db.marshal.PartitionerDefinedOrder
2492:             1             32  org.apache.cassandra.db.monitoring.MonitoringTask
2493:             2             32  org.apache.cassandra.db.rows.CellPath$EmptyCellPath
2494:             2             32  org.apache.cassandra.dht.AbstractBounds$AbstractBoundsSerializer
2495:             1             32  org.apache.cassandra.hints.HintsBuffer
2496:             1             32  org.apache.cassandra.hints.HintsBufferPool
2497:             1             32  org.apache.cassandra.hints.HintsDispatchExecutor
2498:             1             32  org.apache.cassandra.hints.HintsDispatchTrigger
2499:             1             32  org.apache.cassandra.io.compress.LZ4Compressor
2500:             1             32  org.apache.cassandra.io.sstable.IndexSummaryManager
2501:             1             32  org.apache.cassandra.metrics.CQLMetrics
2502:             2             32  org.apache.cassandra.metrics.ClientMetrics$$Lambda$280/282141189
2503:             1             32  org.apache.cassandra.metrics.CommitLogMetrics
2504:             1             32  org.apache.cassandra.metrics.CompactionMetrics
2505:             2             32  org.apache.cassandra.metrics.TableMetrics$AllTableMetricNameFactory
2506:             2             32  org.apache.cassandra.net.ResponseVerbHandler
2507:             1             32  org.apache.cassandra.security.EncryptionContext
2508:             2             32  org.apache.cassandra.serializers.ListSerializer
2509:             1             32  org.apache.cassandra.service.AbstractReadExecutor$AlwaysSpeculatingReadExecutor
2510:             1             32  org.apache.cassandra.service.ActiveRepairService
2511:             1             32  org.apache.cassandra.service.CassandraDaemon
2512:             1             32  org.apache.cassandra.service.NativeTransportService
2513:             1             32  org.apache.cassandra.thrift.TCustomServerSocket
2514:             1             32  org.apache.cassandra.thrift.ThriftServer
2515:             2             32  org.apache.cassandra.utils.Clock
2516:             1             32  org.apache.cassandra.utils.ExpiringMap
2517:             1             32  org.apache.cassandra.utils.ResourceWatcher$WatchedResource
2518:             1             32  org.apache.cassandra.utils.btree.BTree$1
2519:             1             32  org.apache.cassandra.utils.btree.TreeBuilder$1
2520:             1             32  org.apache.cassandra.utils.memory.BufferPool$GlobalPool
2521:             1             32  org.apache.thrift.protocol.TBinaryProtocol$Factory
2522:             1             32  org.codehaus.jackson.map.deser.BeanDeserializerFactory$ConfigImpl
2523:             1             32  org.codehaus.jackson.map.deser.StdDeserializerProvider
2524:             1             32  org.codehaus.jackson.map.introspect.VisibilityChecker$Std
2525:             2             32  org.codehaus.jackson.map.ser.StdSerializers$NumberSerializer
2526:             2             32  org.codehaus.jackson.map.ser.std.StdKeySerializer
2527:             1             32  org.codehaus.jackson.map.type.TypeFactory
2528:             2             32  org.codehaus.jackson.map.util.RootNameLookup
2529:             1             32  org.github.jamm.MemoryMeter
2530:             1             32  sun.management.GcInfoCompositeData
2531:             1             32  sun.management.MappedMXBeanType$InProgress
2532:             1             32  sun.management.MemoryImpl
2533:             2             32  sun.nio.ch.SocketDispatcher
2534:             1             32  sun.nio.cs.StandardCharsets
2535:             1             32  sun.nio.fs.LinuxFileSystem
2536:             1             32  sun.reflect.UnsafeQualifiedDoubleFieldAccessorImpl
2537:             1             32  sun.reflect.generics.reflectiveObjects.WildcardTypeImpl
2538:             1             32  sun.rmi.server.UnicastServerRef2
2539:             1             32  sun.rmi.transport.proxy.RMIMasterSocketFactory
2540:             1             32  sun.rmi.transport.tcp.TCPTransport$AcceptLoop
2541:             1             32  sun.security.provider.SecureRandom
2542:             1             32  sun.security.ssl.ProtocolList
2543:             2             32  sun.security.ssl.SSLAlgorithmDecomposer
2544:             1             32  sun.security.ssl.X509TrustManagerImpl
2545:             2             32  sun.security.util.DisabledAlgorithmConstraints$KeySizeConstraints
2546:             1             32  sun.security.validator.SimpleValidator
2547:             1             32  sun.security.x509.AuthorityInfoAccessExtension
2548:             1             32  sun.security.x509.IssuerAlternativeNameExtension
2549:             1             32  sun.util.locale.provider.LocaleResources
2550:             1             24  [Lch.qos.logback.core.joran.spi.ConsoleTarget;
2551:             1             24  [Lch.qos.logback.core.subst.Node$Type;
2552:             1             24  [Lcom.clearspring.analytics.stream.cardinality.HyperLogLogPlus$Format;
2553:             1             24  [Lcom.github.benmanes.caffeine.cache.DisabledTicker;
2554:             1             24  [Lcom.github.benmanes.caffeine.cache.DisabledWriter;
2555:             1             24  [Lcom.github.benmanes.caffeine.cache.SingletonWeigher;
2556:             1             24  [Lcom.github.benmanes.caffeine.cache.stats.DisabledStatsCounter;
2557:             1             24  [Lcom.google.common.base.Functions$IdentityFunction;
2558:             1             24  [Lcom.google.common.cache.CacheBuilder$NullListener;
2559:             1             24  [Lcom.google.common.cache.CacheBuilder$OneWeigher;
2560:             1             24  [Lcom.google.common.cache.LocalCache$NullEntry;
2561:             1             24  [Lcom.google.common.collect.GenericMapMaker$NullListener;
2562:             1             24  [Lcom.google.common.collect.Maps$EntryFunction;
2563:             1             24  [Lcom.google.common.util.concurrent.MoreExecutors$DirectExecutor;
2564:             1             24  [Lcom.googlecode.concurrentlinkedhashmap.ConcurrentLinkedHashMap$DiscardingListener;
2565:             1             24  [Lcom.googlecode.concurrentlinkedhashmap.Weighers$SingletonEntryWeigher;
2566:             1             24  [Lcom.sun.org.apache.xerces.internal.utils.XMLSecurityPropertyManager$Property;
2567:             1             24  [Lio.prometheus.jmx.shaded.org.eclipse.jetty.io.nio.SelectorManager$SelectSet;
2568:             1             24  [Lio.prometheus.jmx.shaded.org.eclipse.jetty.server.Connector;
2569:             1             24  [Lio.prometheus.jmx.shaded.org.eclipse.jetty.servlet.ServletHolder;
2570:             1             24  [Lio.prometheus.jmx.shaded.org.eclipse.jetty.servlet.ServletMapping;
2571:             1             24  [Ljava.io.File$PathStatus;
2572:             1             24  [Ljava.lang.ClassValue$Entry;
2573:             1             24  [Ljava.lang.management.MemoryType;
2574:             1             24  [Ljava.net.InetAddress$Cache$Type;
2575:             1             24  [Ljava.net.InterfaceAddress;
2576:             1             24  [Ljava.net.StandardProtocolFamily;
2577:             1             24  [Ljava.util.Comparators$NaturalOrderComparator;
2578:             1             24  [Ljava.util.Locale$Category;
2579:             1             24  [Ljava.util.concurrent.ExecutorService;
2580:             1             24  [Ljava.util.concurrent.ThreadPoolExecutor;
2581:             1             24  [Ljavax.net.ssl.KeyManager;
2582:             1             24  [Ljavax.net.ssl.TrustManager;
2583:             1             24  [Lorg.apache.cassandra.auth.RoleResource$Level;
2584:             1             24  [Lorg.apache.cassandra.concurrent.ExecutorLocal;
2585:             1             24  [Lorg.apache.cassandra.config.Config$RequestSchedulerId;
2586:             1             24  [Lorg.apache.cassandra.cql3.QueryProcessor$InternalStateInstance;
2587:             1             24  [Lorg.apache.cassandra.cql3.Term;
2588:             1             24  [Lorg.apache.cassandra.cql3.statements.Bound;
2589:             1             24  [Lorg.apache.cassandra.db.Directories$DataDirectory;
2590:             1             24  [Lorg.apache.cassandra.db.Directories$OnTxnErr;
2591:             1             24  [Lorg.apache.cassandra.db.aggregation.AggregationSpecification$Kind;
2592:             1             24  [Lorg.apache.cassandra.db.rows.Unfiltered$Kind;
2593:             1             24  [Lorg.apache.cassandra.io.compress.BufferType;
2594:             1             24  [Lorg.apache.cassandra.io.sstable.format.SSTableReadsListener$SelectionReason;
2595:             1             24  [Lorg.apache.cassandra.metrics.TableMetrics$Sampler;
2596:             1             24  [Lorg.apache.cassandra.schema.CachingParams$Option;
2597:             1             24  [Lorg.apache.cassandra.schema.KeyspaceParams$Option;
2598:             1             24  [Lorg.apache.cassandra.streaming.ProgressInfo$Direction;
2599:             1             24  [Lorg.apache.cassandra.transport.Event$StatusChange$Status;
2600:             1             24  [Lorg.apache.cassandra.transport.Message$Direction;
2601:             1             24  [Lorg.apache.cassandra.utils.ChecksumType;
2602:             1             24  [Lorg.apache.cassandra.utils.Pair;
2603:             1             24  [Lorg.apache.cassandra.utils.Throwables$FileOpType;
2604:             1             24  [Lorg.apache.cassandra.utils.btree.BTree$Dir;
2605:             1             24  [Lsun.launcher.LauncherHelper;
2606:             1             24  [Lsun.security.ssl.EphemeralKeyManager$EphemeralKeyPair;
2607:             1             24  ch.qos.logback.classic.joran.action.ConsolePluginAction
2608:             1             24  ch.qos.logback.classic.joran.action.ContextNameAction
2609:             1             24  ch.qos.logback.classic.joran.action.InsertFromJNDIAction
2610:             1             24  ch.qos.logback.classic.joran.action.JMXConfiguratorAction
2611:             1             24  ch.qos.logback.classic.spi.TurboFilterList
2612:             1             24  ch.qos.logback.classic.util.ContextSelectorStaticBinder
2613:             1             24  ch.qos.logback.classic.util.LogbackMDCAdapter
2614:             1             24  ch.qos.logback.core.joran.action.ContextPropertyAction
2615:             1             24  ch.qos.logback.core.joran.spi.CAI_WithLocatorSupport
2616:             1             24  ch.qos.logback.core.joran.spi.EventPlayer
2617:             1             24  ch.qos.logback.core.rolling.helper.RenameUtil
2618:             1             24  ch.qos.logback.core.util.FileSize
2619:             1             24  com.codahale.metrics.MetricRegistry
2620:             1             24  com.github.benmanes.caffeine.cache.BoundedBuffer
2621:             1             24  com.github.benmanes.caffeine.cache.BoundedLocalCache$PerformCleanupTask
2622:             1             24  com.github.benmanes.caffeine.cache.DisabledTicker
2623:             1             24  com.github.benmanes.caffeine.cache.DisabledWriter
2624:             1             24  com.github.benmanes.caffeine.cache.NodeFactory$1
2625:             1             24  com.github.benmanes.caffeine.cache.NodeFactory$10
2626:             1             24  com.github.benmanes.caffeine.cache.NodeFactory$100
2627:             1             24  com.github.benmanes.caffeine.cache.NodeFactory$101
2628:             1             24  com.github.benmanes.caffeine.cache.NodeFactory$102
2629:             1             24  com.github.benmanes.caffeine.cache.NodeFactory$103
2630:             1             24  com.github.benmanes.caffeine.cache.NodeFactory$104
2631:             1             24  com.github.benmanes.caffeine.cache.NodeFactory$105
2632:             1             24  com.github.benmanes.caffeine.cache.NodeFactory$106
2633:             1             24  com.github.benmanes.caffeine.cache.NodeFactory$107
2634:             1             24  com.github.benmanes.caffeine.cache.NodeFactory$108
2635:             1             24  com.github.benmanes.caffeine.cache.NodeFactory$109
2636:             1             24  com.github.benmanes.caffeine.cache.NodeFactory$11
2637:             1             24  com.github.benmanes.caffeine.cache.NodeFactory$110
2638:             1             24  com.github.benmanes.caffeine.cache.NodeFactory$111
2639:             1             24  com.github.benmanes.caffeine.cache.NodeFactory$112
2640:             1             24  com.github.benmanes.caffeine.cache.NodeFactory$113
2641:             1             24  com.github.benmanes.caffeine.cache.NodeFactory$114
2642:             1             24  com.github.benmanes.caffeine.cache.NodeFactory$115
2643:             1             24  com.github.benmanes.caffeine.cache.NodeFactory$116
2644:             1             24  com.github.benmanes.caffeine.cache.NodeFactory$117
2645:             1             24  com.github.benmanes.caffeine.cache.NodeFactory$118
2646:             1             24  com.github.benmanes.caffeine.cache.NodeFactory$119
2647:             1             24  com.github.benmanes.caffeine.cache.NodeFactory$12
2648:             1             24  com.github.benmanes.caffeine.cache.NodeFactory$120
2649:             1             24  com.github.benmanes.caffeine.cache.NodeFactory$121
2650:             1             24  com.github.benmanes.caffeine.cache.NodeFactory$122
2651:             1             24  com.github.benmanes.caffeine.cache.NodeFactory$123
2652:             1             24  com.github.benmanes.caffeine.cache.NodeFactory$124
2653:             1             24  com.github.benmanes.caffeine.cache.NodeFactory$125
2654:             1             24  com.github.benmanes.caffeine.cache.NodeFactory$126
2655:             1             24  com.github.benmanes.caffeine.cache.NodeFactory$127
2656:             1             24  com.github.benmanes.caffeine.cache.NodeFactory$128
2657:             1             24  com.github.benmanes.caffeine.cache.NodeFactory$129
2658:             1             24  com.github.benmanes.caffeine.cache.NodeFactory$13
2659:             1             24  com.github.benmanes.caffeine.cache.NodeFactory$130
2660:             1             24  com.github.benmanes.caffeine.cache.NodeFactory$131
2661:             1             24  com.github.benmanes.caffeine.cache.NodeFactory$132
2662:             1             24  com.github.benmanes.caffeine.cache.NodeFactory$133
2663:             1             24  com.github.benmanes.caffeine.cache.NodeFactory$134
2664:             1             24  com.github.benmanes.caffeine.cache.NodeFactory$135
2665:             1             24  com.github.benmanes.caffeine.cache.NodeFactory$136
2666:             1             24  com.github.benmanes.caffeine.cache.NodeFactory$137
2667:             1             24  com.github.benmanes.caffeine.cache.NodeFactory$138
2668:             1             24  com.github.benmanes.caffeine.cache.NodeFactory$139
2669:             1             24  com.github.benmanes.caffeine.cache.NodeFactory$14
2670:             1             24  com.github.benmanes.caffeine.cache.NodeFactory$140
2671:             1             24  com.github.benmanes.caffeine.cache.NodeFactory$141
2672:             1             24  com.github.benmanes.caffeine.cache.NodeFactory$142
2673:             1             24  com.github.benmanes.caffeine.cache.NodeFactory$143
2674:             1             24  com.github.benmanes.caffeine.cache.NodeFactory$144
2675:             1             24  com.github.benmanes.caffeine.cache.NodeFactory$15
2676:             1             24  com.github.benmanes.caffeine.cache.NodeFactory$16
2677:             1             24  com.github.benmanes.caffeine.cache.NodeFactory$17
2678:             1             24  com.github.benmanes.caffeine.cache.NodeFactory$18
2679:             1             24  com.github.benmanes.caffeine.cache.NodeFactory$19
2680:             1             24  com.github.benmanes.caffeine.cache.NodeFactory$2
2681:             1             24  com.github.benmanes.caffeine.cache.NodeFactory$20
2682:             1             24  com.github.benmanes.caffeine.cache.NodeFactory$21
2683:             1             24  com.github.benmanes.caffeine.cache.NodeFactory$22
2684:             1             24  com.github.benmanes.caffeine.cache.NodeFactory$23
2685:             1             24  com.github.benmanes.caffeine.cache.NodeFactory$24
2686:             1             24  com.github.benmanes.caffeine.cache.NodeFactory$25
2687:             1             24  com.github.benmanes.caffeine.cache.NodeFactory$26
2688:             1             24  com.github.benmanes.caffeine.cache.NodeFactory$27
2689:             1             24  com.github.benmanes.caffeine.cache.NodeFactory$28
2690:             1             24  com.github.benmanes.caffeine.cache.NodeFactory$29
2691:             1             24  com.github.benmanes.caffeine.cache.NodeFactory$3
2692:             1             24  com.github.benmanes.caffeine.cache.NodeFactory$30
2693:             1             24  com.github.benmanes.caffeine.cache.NodeFactory$31
2694:             1             24  com.github.benmanes.caffeine.cache.NodeFactory$32
2695:             1             24  com.github.benmanes.caffeine.cache.NodeFactory$33
2696:             1             24  com.github.benmanes.caffeine.cache.NodeFactory$34
2697:             1             24  com.github.benmanes.caffeine.cache.NodeFactory$35
2698:             1             24  com.github.benmanes.caffeine.cache.NodeFactory$36
2699:             1             24  com.github.benmanes.caffeine.cache.NodeFactory$37
2700:             1             24  com.github.benmanes.caffeine.cache.NodeFactory$38
2701:             1             24  com.github.benmanes.caffeine.cache.NodeFactory$39
2702:             1             24  com.github.benmanes.caffeine.cache.NodeFactory$4
2703:             1             24  com.github.benmanes.caffeine.cache.NodeFactory$40
2704:             1             24  com.github.benmanes.caffeine.cache.NodeFactory$41
2705:             1             24  com.github.benmanes.caffeine.cache.NodeFactory$42
2706:             1             24  com.github.benmanes.caffeine.cache.NodeFactory$43
2707:             1             24  com.github.benmanes.caffeine.cache.NodeFactory$44
2708:             1             24  com.github.benmanes.caffeine.cache.NodeFactory$45
2709:             1             24  com.github.benmanes.caffeine.cache.NodeFactory$46
2710:             1             24  com.github.benmanes.caffeine.cache.NodeFactory$47
2711:             1             24  com.github.benmanes.caffeine.cache.NodeFactory$48
2712:             1             24  com.github.benmanes.caffeine.cache.NodeFactory$49
2713:             1             24  com.github.benmanes.caffeine.cache.NodeFactory$5
2714:             1             24  com.github.benmanes.caffeine.cache.NodeFactory$50
2715:             1             24  com.github.benmanes.caffeine.cache.NodeFactory$51
2716:             1             24  com.github.benmanes.caffeine.cache.NodeFactory$52
2717:             1             24  com.github.benmanes.caffeine.cache.NodeFactory$53
2718:             1             24  com.github.benmanes.caffeine.cache.NodeFactory$54
2719:             1             24  com.github.benmanes.caffeine.cache.NodeFactory$55
2720:             1             24  com.github.benmanes.caffeine.cache.NodeFactory$56
2721:             1             24  com.github.benmanes.caffeine.cache.NodeFactory$57
2722:             1             24  com.github.benmanes.caffeine.cache.NodeFactory$58
2723:             1             24  com.github.benmanes.caffeine.cache.NodeFactory$59
2724:             1             24  com.github.benmanes.caffeine.cache.NodeFactory$6
2725:             1             24  com.github.benmanes.caffeine.cache.NodeFactory$60
2726:             1             24  com.github.benmanes.caffeine.cache.NodeFactory$61
2727:             1             24  com.github.benmanes.caffeine.cache.NodeFactory$62
2728:             1             24  com.github.benmanes.caffeine.cache.NodeFactory$63
2729:             1             24  com.github.benmanes.caffeine.cache.NodeFactory$64
2730:             1             24  com.github.benmanes.caffeine.cache.NodeFactory$65
2731:             1             24  com.github.benmanes.caffeine.cache.NodeFactory$66
2732:             1             24  com.github.benmanes.caffeine.cache.NodeFactory$67
2733:             1             24  com.github.benmanes.caffeine.cache.NodeFactory$68
2734:             1             24  com.github.benmanes.caffeine.cache.NodeFactory$69
2735:             1             24  com.github.benmanes.caffeine.cache.NodeFactory$7
2736:             1             24  com.github.benmanes.caffeine.cache.NodeFactory$70
2737:             1             24  com.github.benmanes.caffeine.cache.NodeFactory$71
2738:             1             24  com.github.benmanes.caffeine.cache.NodeFactory$72
2739:             1             24  com.github.benmanes.caffeine.cache.NodeFactory$73
2740:             1             24  com.github.benmanes.caffeine.cache.NodeFactory$74
2741:             1             24  com.github.benmanes.caffeine.cache.NodeFactory$75
2742:             1             24  com.github.benmanes.caffeine.cache.NodeFactory$76
2743:             1             24  com.github.benmanes.caffeine.cache.NodeFactory$77
2744:             1             24  com.github.benmanes.caffeine.cache.NodeFactory$78
2745:             1             24  com.github.benmanes.caffeine.cache.NodeFactory$79
2746:             1             24  com.github.benmanes.caffeine.cache.NodeFactory$8
2747:             1             24  com.github.benmanes.caffeine.cache.NodeFactory$80
2748:             1             24  com.github.benmanes.caffeine.cache.NodeFactory$81
2749:             1             24  com.github.benmanes.caffeine.cache.NodeFactory$82
2750:             1             24  com.github.benmanes.caffeine.cache.NodeFactory$83
2751:             1             24  com.github.benmanes.caffeine.cache.NodeFactory$84
2752:             1             24  com.github.benmanes.caffeine.cache.NodeFactory$85
2753:             1             24  com.github.benmanes.caffeine.cache.NodeFactory$86
2754:             1             24  com.github.benmanes.caffeine.cache.NodeFactory$87
2755:             1             24  com.github.benmanes.caffeine.cache.NodeFactory$88
2756:             1             24  com.github.benmanes.caffeine.cache.NodeFactory$89
2757:             1             24  com.github.benmanes.caffeine.cache.NodeFactory$9
2758:             1             24  com.github.benmanes.caffeine.cache.NodeFactory$90
2759:             1             24  com.github.benmanes.caffeine.cache.NodeFactory$91
2760:             1             24  com.github.benmanes.caffeine.cache.NodeFactory$92
2761:             1             24  com.github.benmanes.caffeine.cache.NodeFactory$93
2762:             1             24  com.github.benmanes.caffeine.cache.NodeFactory$94
2763:             1             24  com.github.benmanes.caffeine.cache.NodeFactory$95
2764:             1             24  com.github.benmanes.caffeine.cache.NodeFactory$96
2765:             1             24  com.github.benmanes.caffeine.cache.NodeFactory$97
2766:             1             24  com.github.benmanes.caffeine.cache.NodeFactory$98
2767:             1             24  com.github.benmanes.caffeine.cache.NodeFactory$99
2768:             1             24  com.github.benmanes.caffeine.cache.RemovalCause$1
2769:             1             24  com.github.benmanes.caffeine.cache.RemovalCause$2
2770:             1             24  com.github.benmanes.caffeine.cache.RemovalCause$3
2771:             1             24  com.github.benmanes.caffeine.cache.RemovalCause$4
2772:             1             24  com.github.benmanes.caffeine.cache.RemovalCause$5
2773:             1             24  com.github.benmanes.caffeine.cache.SingletonWeigher
2774:             1             24  com.github.benmanes.caffeine.cache.stats.DisabledStatsCounter
2775:             1             24  com.google.common.base.CharMatcher$Or
2776:             1             24  com.google.common.base.Functions$IdentityFunction
2777:             1             24  com.google.common.base.Joiner$1
2778:             1             24  com.google.common.base.Joiner$MapJoiner
2779:             1             24  com.google.common.base.Predicates$ObjectPredicate$1
2780:             1             24  com.google.common.base.Predicates$ObjectPredicate$2
2781:             1             24  com.google.common.base.Predicates$ObjectPredicate$3
2782:             1             24  com.google.common.base.Predicates$ObjectPredicate$4
2783:             1             24  com.google.common.cache.CacheBuilder$NullListener
2784:             1             24  com.google.common.cache.CacheBuilder$OneWeigher
2785:             1             24  com.google.common.cache.LocalCache$EntryFactory$1
2786:             1             24  com.google.common.cache.LocalCache$EntryFactory$2
2787:             1             24  com.google.common.cache.LocalCache$EntryFactory$3
2788:             1             24  com.google.common.cache.LocalCache$EntryFactory$4
2789:             1             24  com.google.common.cache.LocalCache$EntryFactory$5
2790:             1             24  com.google.common.cache.LocalCache$EntryFactory$6
2791:             1             24  com.google.common.cache.LocalCache$EntryFactory$7
2792:             1             24  com.google.common.cache.LocalCache$EntryFactory$8
2793:             1             24  com.google.common.cache.LocalCache$NullEntry
2794:             1             24  com.google.common.cache.LocalCache$Strength$1
2795:             1             24  com.google.common.cache.LocalCache$Strength$2
2796:             1             24  com.google.common.cache.LocalCache$Strength$3
2797:             1             24  com.google.common.cache.RemovalCause$1
2798:             1             24  com.google.common.cache.RemovalCause$2
2799:             1             24  com.google.common.cache.RemovalCause$3
2800:             1             24  com.google.common.cache.RemovalCause$4
2801:             1             24  com.google.common.cache.RemovalCause$5
2802:             1             24  com.google.common.collect.ByFunctionOrdering
2803:             1             24  com.google.common.collect.ConcurrentHashMultiset
2804:             1             24  com.google.common.collect.GenericMapMaker$NullListener
2805:             1             24  com.google.common.collect.MapMaker$RemovalCause$1
2806:             1             24  com.google.common.collect.MapMaker$RemovalCause$2
2807:             1             24  com.google.common.collect.MapMaker$RemovalCause$3
2808:             1             24  com.google.common.collect.MapMaker$RemovalCause$4
2809:             1             24  com.google.common.collect.MapMaker$RemovalCause$5
2810:             1             24  com.google.common.collect.MapMakerInternalMap$EntryFactory$1
2811:             1             24  com.google.common.collect.MapMakerInternalMap$EntryFactory$2
2812:             1             24  com.google.common.collect.MapMakerInternalMap$EntryFactory$3
2813:             1             24  com.google.common.collect.MapMakerInternalMap$EntryFactory$4
2814:             1             24  com.google.common.collect.MapMakerInternalMap$EntryFactory$5
2815:             1             24  com.google.common.collect.MapMakerInternalMap$EntryFactory$6
2816:             1             24  com.google.common.collect.MapMakerInternalMap$EntryFactory$7
2817:             1             24  com.google.common.collect.MapMakerInternalMap$EntryFactory$8
2818:             1             24  com.google.common.collect.MapMakerInternalMap$Strength$1
2819:             1             24  com.google.common.collect.MapMakerInternalMap$Strength$2
2820:             1             24  com.google.common.collect.MapMakerInternalMap$Strength$3
2821:             1             24  com.google.common.collect.Maps$EntryFunction$1
2822:             1             24  com.google.common.collect.Maps$EntryFunction$2
2823:             1             24  com.google.common.util.concurrent.MoreExecutors$DirectExecutor
2824:             1             24  com.googlecode.concurrentlinkedhashmap.ConcurrentLinkedHashMap$DiscardingListener
2825:             1             24  com.googlecode.concurrentlinkedhashmap.ConcurrentLinkedHashMap$DrainStatus$1
2826:             1             24  com.googlecode.concurrentlinkedhashmap.ConcurrentLinkedHashMap$DrainStatus$2
2827:             1             24  com.googlecode.concurrentlinkedhashmap.ConcurrentLinkedHashMap$DrainStatus$3
2828:             1             24  com.googlecode.concurrentlinkedhashmap.ConcurrentLinkedHashMap$EntrySet
2829:             1             24  com.googlecode.concurrentlinkedhashmap.ConcurrentLinkedHashMap$KeyIterator
2830:             1             24  com.googlecode.concurrentlinkedhashmap.Weighers$SingletonEntryWeigher
2831:             1             24  com.sun.beans.util.Cache$Kind$1
2832:             1             24  com.sun.beans.util.Cache$Kind$2
2833:             1             24  com.sun.beans.util.Cache$Kind$3
2834:             1             24  com.sun.jmx.mbeanserver.ClassLoaderRepositorySupport
2835:             1             24  com.sun.jmx.mbeanserver.MXBeanLookup
2836:             1             24  com.sun.jmx.remote.internal.ArrayNotificationBuffer$ShareBuffer
2837:             1             24  com.sun.jna.Structure$3
2838:             1             24  com.sun.org.apache.xerces.internal.impl.Constants$ArrayEnumeration
2839:             1             24  io.netty.buffer.UnpooledByteBufAllocator
2840:             1             24  io.netty.channel.AdaptiveRecvByteBufAllocator
2841:             1             24  io.netty.util.AttributeKey
2842:             1             24  io.netty.util.concurrent.FailedFuture
2843:             1             24  io.prometheus.jmx.shaded.io.prometheus.client.CollectorRegistry
2844:             1             24  io.prometheus.jmx.shaded.io.prometheus.client.exporter.MetricsServlet
2845:             1             24  io.prometheus.jmx.shaded.io.prometheus.client.hotspot.MemoryPoolsExports
2846:             1             24  io.prometheus.jmx.shaded.io.prometheus.jmx.JmxCollector
2847:             1             24  io.prometheus.jmx.shaded.org.eclipse.jetty.http.HttpFields$DateGenerator
2848:             1             24  io.prometheus.jmx.shaded.org.eclipse.jetty.http.HttpHeaderValues
2849:             1             24  io.prometheus.jmx.shaded.org.eclipse.jetty.http.HttpHeaders
2850:             1             24  io.prometheus.jmx.shaded.org.eclipse.jetty.io.nio.SelectorManager$1
2851:             1             24  io.prometheus.jmx.shaded.org.eclipse.jetty.server.AbstractConnector$Acceptor
2852:             1             24  io.prometheus.jmx.shaded.org.eclipse.jetty.servlet.ServletHolder$Config
2853:             1             24  io.prometheus.jmx.shaded.org.eclipse.jetty.servlet.ServletHolder$Registration
2854:             1             24  io.prometheus.jmx.shaded.org.eclipse.jetty.servlet.ServletMapping
2855:             1             24  io.prometheus.jmx.shaded.org.eclipse.jetty.util.statistic.CounterStatistic
2856:             1             24  io.prometheus.jmx.shaded.org.yaml.snakeyaml.external.com.google.gdata.util.common.base.PercentEscaper
2857:             1             24  java.io.OutputStreamWriter
2858:             1             24  java.lang.ClassValue$Version
2859:             1             24  java.lang.ProcessEnvironment$StringEnvironment
2860:             1             24  java.lang.invoke.MethodHandleImpl$4
2861:             1             24  java.lang.invoke.MethodType$ConcurrentWeakInternSet
2862:             1             24  java.math.MutableBigInteger
2863:             1             24  java.net.Inet4AddressImpl
2864:             1             24  java.net.InterfaceAddress
2865:             1             24  java.net.SocketPermissionCollection
2866:             1             24  java.nio.file.FileVisitOption
2867:             1             24  java.nio.file.LinkOption
2868:             1             24  java.security.Policy$PolicyInfo
2869:             1             24  java.security.Policy$UnsupportedEmptyCollection
2870:             1             24  java.util.Collections$EmptyMap
2871:             1             24  java.util.Comparators$NaturalOrderComparator
2872:             1             24  java.util.Currency
2873:             1             24  java.util.Locale$Cache
2874:             1             24  java.util.OptionalLong
2875:             1             24  java.util.ResourceBundle$Control$CandidateListCache
2876:             1             24  java.util.concurrent.ConcurrentHashMap$MapEntry
2877:             1             24  java.util.concurrent.Executors$DelegatedScheduledExecutorService
2878:             1             24  java.util.concurrent.TimeUnit$1
2879:             1             24  java.util.concurrent.TimeUnit$2
2880:             1             24  java.util.concurrent.TimeUnit$3
2881:             1             24  java.util.concurrent.TimeUnit$4
2882:             1             24  java.util.concurrent.TimeUnit$5
2883:             1             24  java.util.concurrent.TimeUnit$6
2884:             1             24  java.util.concurrent.TimeUnit$7
2885:             1             24  java.util.logging.LogManager$LoggerContext
2886:             1             24  java.util.logging.LoggingPermission
2887:             1             24  java.util.regex.Pattern$Neg
2888:             1             24  java.util.regex.Pattern$SingleI
2889:             1             24  javax.crypto.CryptoAllPermissionCollection
2890:             1             24  javax.management.NotificationBroadcasterSupport
2891:             1             24  javax.net.ssl.SSLContext
2892:             1             24  org.apache.cassandra.auth.CassandraAuthorizer
2893:             1             24  org.apache.cassandra.auth.PasswordAuthenticator
2894:             1             24  org.apache.cassandra.cache.ChunkCache
2895:             1             24  org.apache.cassandra.config.Config$1
2896:             1             24  org.apache.cassandra.config.Config$RequestSchedulerId
2897:             1             24  org.apache.cassandra.config.RequestSchedulerOptions
2898:             1             24  org.apache.cassandra.cql3.BatchQueryOptions$WithoutPerStatementVariables
2899:             1             24  org.apache.cassandra.cql3.Maps$DiscarderByKey
2900:             1             24  org.apache.cassandra.cql3.Maps$Marker
2901:             1             24  org.apache.cassandra.cql3.Maps$Setter
2902:             1             24  org.apache.cassandra.cql3.Operator$1
2903:             1             24  org.apache.cassandra.cql3.Operator$10
2904:             1             24  org.apache.cassandra.cql3.Operator$11
2905:             1             24  org.apache.cassandra.cql3.Operator$12
2906:             1             24  org.apache.cassandra.cql3.Operator$13
2907:             1             24  org.apache.cassandra.cql3.Operator$14
2908:             1             24  org.apache.cassandra.cql3.Operator$15
2909:             1             24  org.apache.cassandra.cql3.Operator$2
2910:             1             24  org.apache.cassandra.cql3.Operator$3
2911:             1             24  org.apache.cassandra.cql3.Operator$4
2912:             1             24  org.apache.cassandra.cql3.Operator$5
2913:             1             24  org.apache.cassandra.cql3.Operator$6
2914:             1             24  org.apache.cassandra.cql3.Operator$7
2915:             1             24  org.apache.cassandra.cql3.Operator$8
2916:             1             24  org.apache.cassandra.cql3.Operator$9
2917:             1             24  org.apache.cassandra.cql3.QueryProcessor$InternalStateInstance
2918:             1             24  org.apache.cassandra.cql3.functions.AggregateFcts$1
2919:             1             24  org.apache.cassandra.cql3.functions.AggregateFcts$10
2920:             1             24  org.apache.cassandra.cql3.functions.AggregateFcts$11
2921:             1             24  org.apache.cassandra.cql3.functions.AggregateFcts$12
2922:             1             24  org.apache.cassandra.cql3.functions.AggregateFcts$13
2923:             1             24  org.apache.cassandra.cql3.functions.AggregateFcts$14
2924:             1             24  org.apache.cassandra.cql3.functions.AggregateFcts$15
2925:             1             24  org.apache.cassandra.cql3.functions.AggregateFcts$16
2926:             1             24  org.apache.cassandra.cql3.functions.AggregateFcts$17
2927:             1             24  org.apache.cassandra.cql3.functions.AggregateFcts$18
2928:             1             24  org.apache.cassandra.cql3.functions.AggregateFcts$19
2929:             1             24  org.apache.cassandra.cql3.functions.AggregateFcts$2
2930:             1             24  org.apache.cassandra.cql3.functions.AggregateFcts$20
2931:             1             24  org.apache.cassandra.cql3.functions.AggregateFcts$21
2932:             1             24  org.apache.cassandra.cql3.functions.AggregateFcts$3
2933:             1             24  org.apache.cassandra.cql3.functions.AggregateFcts$4
2934:             1             24  org.apache.cassandra.cql3.functions.AggregateFcts$5
2935:             1             24  org.apache.cassandra.cql3.functions.AggregateFcts$6
2936:             1             24  org.apache.cassandra.cql3.functions.AggregateFcts$7
2937:             1             24  org.apache.cassandra.cql3.functions.AggregateFcts$8
2938:             1             24  org.apache.cassandra.cql3.functions.AggregateFcts$9
2939:             1             24  org.apache.cassandra.cql3.functions.BytesConversionFcts$3
2940:             1             24  org.apache.cassandra.cql3.functions.BytesConversionFcts$4
2941:             1             24  org.apache.cassandra.cql3.functions.TimeFcts$1
2942:             1             24  org.apache.cassandra.cql3.functions.TimeFcts$10
2943:             1             24  org.apache.cassandra.cql3.functions.TimeFcts$11
2944:             1             24  org.apache.cassandra.cql3.functions.TimeFcts$12
2945:             1             24  org.apache.cassandra.cql3.functions.TimeFcts$2
2946:             1             24  org.apache.cassandra.cql3.functions.TimeFcts$3
2947:             1             24  org.apache.cassandra.cql3.functions.TimeFcts$6
2948:             1             24  org.apache.cassandra.cql3.functions.TimeFcts$7
2949:             1             24  org.apache.cassandra.cql3.functions.TimeFcts$8
2950:             1             24  org.apache.cassandra.cql3.functions.TimeFcts$9
2951:             1             24  org.apache.cassandra.cql3.functions.UuidFcts$1
2952:             1             24  org.apache.cassandra.cql3.restrictions.TermSlice
2953:             1             24  org.apache.cassandra.cql3.restrictions.TokenRestriction$SliceRestriction
2954:             1             24  org.apache.cassandra.cql3.selection.AbstractFunctionSelector$1
2955:             1             24  org.apache.cassandra.cql3.statements.StatementType$1
2956:             1             24  org.apache.cassandra.cql3.statements.StatementType$2
2957:             1             24  org.apache.cassandra.cql3.statements.StatementType$3
2958:             1             24  org.apache.cassandra.cql3.statements.StatementType$4
2959:             1             24  org.apache.cassandra.db.BlacklistedDirectories
2960:             1             24  org.apache.cassandra.db.Clustering$1
2961:             1             24  org.apache.cassandra.db.Clustering$2
2962:             1             24  org.apache.cassandra.db.Slice$1
2963:             1             24  org.apache.cassandra.db.aggregation.GroupingState
2964:             1             24  org.apache.cassandra.db.commitlog.CommitLog$Configuration
2965:             1             24  org.apache.cassandra.db.compaction.CompactionLogger$CompactionLogSerializer
2966:             1             24  org.apache.cassandra.db.compaction.CompactionManager$15
2967:             1             24  org.apache.cassandra.db.filter.DataLimits$1
2968:             1             24  org.apache.cassandra.db.marshal.AsciiType$1
2969:             1             24  org.apache.cassandra.db.marshal.BooleanType
2970:             1             24  org.apache.cassandra.db.marshal.ByteType
2971:             1             24  org.apache.cassandra.db.marshal.BytesType
2972:             1             24  org.apache.cassandra.db.marshal.CollectionType$Kind$1
2973:             1             24  org.apache.cassandra.db.marshal.CollectionType$Kind$2
2974:             1             24  org.apache.cassandra.db.marshal.CollectionType$Kind$3
2975:             1             24  org.apache.cassandra.db.marshal.CounterColumnType
2976:             1             24  org.apache.cassandra.db.marshal.DecimalType
2977:             1             24  org.apache.cassandra.db.marshal.DoubleType
2978:             1             24  org.apache.cassandra.db.marshal.DurationType
2979:             1             24  org.apache.cassandra.db.marshal.EmptyType
2980:             1             24  org.apache.cassandra.db.marshal.FloatType
2981:             1             24  org.apache.cassandra.db.marshal.InetAddressType
2982:             1             24  org.apache.cassandra.db.marshal.Int32Type
2983:             1             24  org.apache.cassandra.db.marshal.IntegerType
2984:             1             24  org.apache.cassandra.db.marshal.LongType
2985:             1             24  org.apache.cassandra.db.marshal.ShortType
2986:             1             24  org.apache.cassandra.db.marshal.SimpleDateType
2987:             1             24  org.apache.cassandra.db.marshal.TimeType
2988:             1             24  org.apache.cassandra.db.marshal.TimeUUIDType
2989:             1             24  org.apache.cassandra.db.marshal.TimestampType
2990:             1             24  org.apache.cassandra.db.marshal.TypeParser
2991:             1             24  org.apache.cassandra.db.marshal.UTF8Type
2992:             1             24  org.apache.cassandra.db.marshal.UUIDType
2993:             1             24  org.apache.cassandra.db.transform.Stack
2994:             1             24  org.apache.cassandra.dht.Murmur3Partitioner
2995:             1             24  org.apache.cassandra.dht.Murmur3Partitioner$1
2996:             1             24  org.apache.cassandra.hints.HintsCatalog
2997:             1             24  org.apache.cassandra.hints.HintsWriteExecutor
2998:             1             24  org.apache.cassandra.io.compress.BufferType$1
2999:             1             24  org.apache.cassandra.io.compress.BufferType$2
3000:             1             24  org.apache.cassandra.locator.ReconnectableSnitchHelper
3001:             1             24  org.apache.cassandra.metrics.AuthMetrics
3002:             1             24  org.apache.cassandra.metrics.BufferPoolMetrics
3003:             1             24  org.apache.cassandra.metrics.CassandraMetricsRegistry
3004:             1             24  org.apache.cassandra.metrics.CommitLogMetrics$1
3005:             1             24  org.apache.cassandra.metrics.CommitLogMetrics$2
3006:             1             24  org.apache.cassandra.metrics.CommitLogMetrics$3
3007:             1             24  org.apache.cassandra.metrics.CompactionMetrics$3
3008:             1             24  org.apache.cassandra.metrics.HintedHandoffMetrics
3009:             1             24  org.apache.cassandra.metrics.MessagingMetrics
3010:             1             24  org.apache.cassandra.net.MessagingService$Verb$1
3011:             1             24  org.apache.cassandra.net.MessagingService$Verb$10
3012:             1             24  org.apache.cassandra.net.MessagingService$Verb$11
3013:             1             24  org.apache.cassandra.net.MessagingService$Verb$12
3014:             1             24  org.apache.cassandra.net.MessagingService$Verb$13
3015:             1             24  org.apache.cassandra.net.MessagingService$Verb$2
3016:             1             24  org.apache.cassandra.net.MessagingService$Verb$3
3017:             1             24  org.apache.cassandra.net.MessagingService$Verb$4
3018:             1             24  org.apache.cassandra.net.MessagingService$Verb$5
3019:             1             24  org.apache.cassandra.net.MessagingService$Verb$6
3020:             1             24  org.apache.cassandra.net.MessagingService$Verb$7
3021:             1             24  org.apache.cassandra.net.MessagingService$Verb$8
3022:             1             24  org.apache.cassandra.net.MessagingService$Verb$9
3023:             1             24  org.apache.cassandra.schema.Indexes$Builder
3024:             1             24  org.apache.cassandra.service.CacheService
3025:             1             24  org.apache.cassandra.service.GCInspector
3026:             1             24  org.apache.cassandra.service.PendingRangeCalculatorService
3027:             1             24  org.apache.cassandra.service.StartupChecks
3028:             1             24  org.apache.cassandra.service.StartupChecks$8
3029:             1             24  org.apache.cassandra.streaming.StreamManager
3030:             1             24  org.apache.cassandra.thrift.Cassandra$Processor
3031:             1             24  org.apache.cassandra.thrift.ThriftSessionManager
3032:             1             24  org.apache.cassandra.tracing.TracingImpl
3033:             1             24  org.apache.cassandra.transport.ConnectionLimitHandler
3034:             1             24  org.apache.cassandra.transport.Frame$Compressor
3035:             1             24  org.apache.cassandra.transport.Frame$Decompressor
3036:             1             24  org.apache.cassandra.transport.Frame$Encoder
3037:             1             24  org.apache.cassandra.transport.Message$Dispatcher
3038:             1             24  org.apache.cassandra.transport.Message$ProtocolDecoder
3039:             1             24  org.apache.cassandra.transport.Message$ProtocolEncoder
3040:             1             24  org.apache.cassandra.transport.RequestThreadPoolExecutor
3041:             1             24  org.apache.cassandra.transport.Server$ConnectionTracker
3042:             1             24  org.apache.cassandra.transport.Server$EventNotifier
3043:             1             24  org.apache.cassandra.transport.Server$Initializer
3044:             1             24  org.apache.cassandra.triggers.TriggerExecutor
3045:             1             24  org.apache.cassandra.utils.ChecksumType$1
3046:             1             24  org.apache.cassandra.utils.ChecksumType$2
3047:             1             24  org.apache.cassandra.utils.ConcurrentBiMap
3048:             1             24  org.apache.cassandra.utils.ExpiringMap$1
3049:             1             24  org.apache.cassandra.utils.IntervalTree
3050:             1             24  org.apache.cassandra.utils.memory.BufferPool$Debug
3051:             1             24  org.apache.cassandra.utils.progress.jmx.JMXProgressSupport
3052:             1             24  org.apache.cassandra.utils.progress.jmx.LegacyJMXProgressSupport
3053:             1             24  org.codehaus.jackson.map.deser.BeanDeserializerFactory
3054:             1             24  org.codehaus.jackson.map.ser.BeanSerializerFactory
3055:             1             24  org.codehaus.jackson.map.ser.BeanSerializerFactory$ConfigImpl
3056:             1             24  org.codehaus.jackson.map.ser.impl.FailingSerializer
3057:             1             24  org.codehaus.jackson.map.ser.impl.SerializerCache
3058:             1             24  org.codehaus.jackson.map.ser.std.StdArraySerializers$BooleanArraySerializer
3059:             1             24  org.codehaus.jackson.map.ser.std.StdArraySerializers$DoubleArraySerializer
3060:             1             24  org.codehaus.jackson.map.ser.std.StdArraySerializers$FloatArraySerializer
3061:             1             24  org.codehaus.jackson.map.ser.std.StdArraySerializers$IntArraySerializer
3062:             1             24  org.codehaus.jackson.map.ser.std.StdArraySerializers$LongArraySerializer
3063:             1             24  org.codehaus.jackson.map.ser.std.StdArraySerializers$ShortArraySerializer
3064:             1             24  org.slf4j.helpers.FormattingTuple
3065:             1             24  org.slf4j.impl.StaticLoggerBinder
3066:             1             24  org.yaml.snakeyaml.external.com.google.gdata.util.common.base.PercentEscaper
3067:             1             24  sun.launcher.LauncherHelper
3068:             1             24  sun.management.CompilationImpl
3069:             1             24  sun.management.OperatingSystemImpl
3070:             1             24  sun.management.RuntimeImpl
3071:             1             24  sun.management.ThreadImpl
3072:             1             24  sun.management.VMManagementImpl
3073:             1             24  sun.misc.JarIndex
3074:             1             24  sun.misc.URLClassPath$FileLoader
3075:             1             24  sun.net.ProgressMonitor
3076:             1             24  sun.net.sdp.SdpProvider
3077:             1             24  sun.net.www.protocol.http.Handler
3078:             1             24  sun.nio.cs.ISO_8859_1
3079:             1             24  sun.nio.cs.US_ASCII
3080:             1             24  sun.nio.cs.UTF_16
3081:             1             24  sun.nio.cs.UTF_16BE
3082:             1             24  sun.nio.cs.UTF_16LE
3083:             1             24  sun.nio.cs.UTF_8
3084:             1             24  sun.reflect.generics.tree.Wildcard
3085:             1             24  sun.rmi.registry.RegistryImpl
3086:             1             24  sun.rmi.runtime.RuntimeUtil$1
3087:             1             24  sun.rmi.transport.DGCImpl
3088:             1             24  sun.security.ssl.CipherSuiteList
3089:             1             24  sun.security.ssl.SunX509KeyManagerImpl
3090:             1             24  sun.security.validator.EndEntityChecker
3091:             1             24  sun.security.x509.AccessDescription
3092:             1             24  sun.util.locale.BaseLocale$Cache
3093:             1             24  sun.util.locale.provider.CalendarDataProviderImpl
3094:             1             24  sun.util.locale.provider.CalendarProviderImpl
3095:             1             24  sun.util.locale.provider.CurrencyNameProviderImpl
3096:             1             24  sun.util.locale.provider.DateFormatSymbolsProviderImpl
3097:             1             24  sun.util.locale.provider.DecimalFormatSymbolsProviderImpl
3098:             1             24  sun.util.locale.provider.NumberFormatProviderImpl
3099:             1             16  [Lch.qos.logback.classic.spi.StackTraceElementProxy;
3100:             1             16  [Lch.qos.logback.classic.spi.ThrowableProxy;
3101:             1             16  [Lio.prometheus.jmx.shaded.org.eclipse.jetty.servlet.FilterHolder;
3102:             1             16  [Ljava.beans.EventSetDescriptor;
3103:             1             16  [Ljava.lang.Double;
3104:             1             16  [Ljava.lang.Float;
3105:             1             16  [Ljava.lang.Throwable;
3106:             1             16  [Ljava.net.NetworkInterface;
3107:             1             16  [Ljava.net.URL;
3108:             1             16  [Ljava.nio.file.attribute.FileAttribute;
3109:             1             16  [Ljava.security.Provider;
3110:             1             16  [Ljava.text.FieldPosition;
3111:             1             16  [Ljava.util.logging.Handler;
3112:             1             16  [Ljavax.security.cert.X509Certificate;
3113:             1             16  [Lnet.jpountz.lz4.LZ4JNI;
3114:             1             16  [Lnet.jpountz.lz4.LZ4Utils;
3115:             1             16  [Lnet.jpountz.util.ByteBufferUtils;
3116:             1             16  [Lnet.jpountz.util.Native;
3117:             1             16  [Lnet.jpountz.util.SafeUtils;
3118:             1             16  [Lorg.apache.cassandra.db.rows.Cell;
3119:             1             16  [Lorg.codehaus.jackson.map.AbstractTypeResolver;
3120:             1             16  [Lorg.codehaus.jackson.map.Deserializers;
3121:             1             16  [Lorg.codehaus.jackson.map.KeyDeserializers;
3122:             1             16  [Lorg.codehaus.jackson.map.Serializers;
3123:             1             16  [Lorg.codehaus.jackson.map.deser.BeanDeserializerModifier;
3124:             1             16  [Lorg.codehaus.jackson.map.deser.ValueInstantiators;
3125:             1             16  [Lorg.codehaus.jackson.map.introspect.AnnotationMap;
3126:             1             16  [Lorg.codehaus.jackson.map.ser.BeanSerializerModifier;
3127:             1             16  ch.qos.logback.classic.selector.DefaultContextSelector
3128:             1             16  ch.qos.logback.core.joran.spi.ConsoleTarget$1
3129:             1             16  ch.qos.logback.core.joran.spi.ConsoleTarget$2
3130:             1             16  ch.qos.logback.core.joran.spi.DefaultNestedComponentRegistry
3131:             1             16  ch.qos.logback.core.joran.util.ConfigurationWatchListUtil
3132:             1             16  ch.qos.logback.core.spi.AppenderAttachableImpl
3133:             1             16  com.codahale.metrics.Clock$UserTimeClock
3134:             1             16  com.codahale.metrics.MetricRegistry$MetricBuilder$1
3135:             1             16  com.codahale.metrics.MetricRegistry$MetricBuilder$2
3136:             1             16  com.codahale.metrics.MetricRegistry$MetricBuilder$3
3137:             1             16  com.codahale.metrics.MetricRegistry$MetricBuilder$4
3138:             1             16  com.codahale.metrics.Striped64$ThreadHashCode
3139:             1             16  com.codahale.metrics.ThreadLocalRandom$1
3140:             1             16  com.github.benmanes.caffeine.SingleConsumerQueue$$Lambda$77/552525141
3141:             1             16  com.github.benmanes.caffeine.cache.BoundedLocalCache$$Lambda$76/1149048460
3142:             1             16  com.github.benmanes.caffeine.cache.BoundedLocalCache$BoundedLocalLoadingCache$$Lambda$78/445242237
3143:             1             16  com.github.benmanes.caffeine.cache.BoundedLocalCache$BoundedPolicy$BoundedEviction
3144:             1             16  com.github.benmanes.caffeine.cache.BoundedLocalCache$EntrySetView
3145:             1             16  com.github.benmanes.caffeine.cache.BoundedLocalCache$KeySetView
3146:             1             16  com.github.benmanes.caffeine.cache.BoundedWeigher
3147:             1             16  com.github.benmanes.caffeine.cache.Caffeine$$Lambda$74/1521993250
3148:             1             16  com.google.common.base.Absent
3149:             1             16  com.google.common.base.CharMatcher$1
3150:             1             16  com.google.common.base.CharMatcher$15
3151:             1             16  com.google.common.base.CharMatcher$2
3152:             1             16  com.google.common.base.CharMatcher$3
3153:             1             16  com.google.common.base.CharMatcher$4
3154:             1             16  com.google.common.base.CharMatcher$5
3155:             1             16  com.google.common.base.CharMatcher$6
3156:             1             16  com.google.common.base.CharMatcher$7
3157:             1             16  com.google.common.base.CharMatcher$8
3158:             1             16  com.google.common.base.Equivalence$Equals
3159:             1             16  com.google.common.base.Equivalence$Identity
3160:             1             16  com.google.common.base.Suppliers$SupplierOfInstance
3161:             1             16  com.google.common.base.Ticker$1
3162:             1             16  com.google.common.cache.CacheBuilder$1
3163:             1             16  com.google.common.cache.CacheBuilder$2
3164:             1             16  com.google.common.cache.CacheBuilder$3
3165:             1             16  com.google.common.cache.LocalCache$1
3166:             1             16  com.google.common.cache.LocalCache$2
3167:             1             16  com.google.common.cache.LocalCache$LocalManualCache
3168:             1             16  com.google.common.collect.ComparatorOrdering
3169:             1             16  com.google.common.collect.EmptyImmutableSet
3170:             1             16  com.google.common.collect.Iterators$1
3171:             1             16  com.google.common.collect.Iterators$2
3172:             1             16  com.google.common.collect.MapMakerInternalMap$1
3173:             1             16  com.google.common.collect.MapMakerInternalMap$2
3174:             1             16  com.google.common.collect.Multisets$5
3175:             1             16  com.google.common.collect.NaturalOrdering
3176:             1             16  com.google.common.collect.ReverseOrdering
3177:             1             16  com.google.common.io.ByteStreams$1
3178:             1             16  com.google.common.util.concurrent.Futures$4
3179:             1             16  com.google.common.util.concurrent.Futures$7
3180:             1             16  com.google.common.util.concurrent.Runnables$1
3181:             1             16  com.google.common.util.concurrent.Striped$5
3182:             1             16  com.googlecode.concurrentlinkedhashmap.ConcurrentLinkedHashMap$DiscardingQueue
3183:             1             16  com.googlecode.concurrentlinkedhashmap.ConcurrentLinkedHashMap$Values
3184:             1             16  com.sun.jmx.interceptor.DefaultMBeanServerInterceptor$ResourceContext$1
3185:             1             16  com.sun.jmx.mbeanserver.DefaultMXBeanMappingFactory
3186:             1             16  com.sun.jmx.mbeanserver.DescriptorCache
3187:             1             16  com.sun.jmx.mbeanserver.MBeanAnalyzer$MethodOrder
3188:             1             16  com.sun.jmx.mbeanserver.MBeanInstantiator
3189:             1             16  com.sun.jmx.mbeanserver.MXBeanIntrospector
3190:             1             16  com.sun.jmx.mbeanserver.SecureClassLoaderRepository
3191:             1             16  com.sun.jmx.mbeanserver.StandardMBeanIntrospector
3192:             1             16  com.sun.jmx.remote.internal.ArrayNotificationBuffer$5
3193:             1             16  com.sun.jmx.remote.internal.ArrayNotificationBuffer$BroadcasterQuery
3194:             1             16  com.sun.jmx.remote.internal.ArrayNotificationBuffer$BufferListener
3195:             1             16  com.sun.jmx.remote.internal.ServerNotifForwarder$NotifForwarderBufferFilter
3196:             1             16  com.sun.jmx.remote.protocol.iiop.IIOPProxyImpl
3197:             1             16  com.sun.jna.Native$1
3198:             1             16  com.sun.jna.Native$2
3199:             1             16  com.sun.jna.Native$7
3200:             1             16  com.sun.jna.Structure$1
3201:             1             16  com.sun.jna.Structure$2
3202:             1             16  com.sun.jna.VarArgsChecker$RealVarArgsChecker
3203:             1             16  com.sun.org.apache.xerces.internal.impl.dv.dtd.IDDatatypeValidator
3204:             1             16  com.sun.org.apache.xerces.internal.impl.dv.dtd.IDREFDatatypeValidator
3205:             1             16  com.sun.org.apache.xerces.internal.impl.dv.dtd.NMTOKENDatatypeValidator
3206:             1             16  com.sun.org.apache.xerces.internal.impl.dv.dtd.NOTATIONDatatypeValidator
3207:             1             16  com.sun.org.apache.xerces.internal.impl.dv.dtd.StringDatatypeValidator
3208:             1             16  com.sun.org.apache.xerces.internal.utils.SecuritySupport
3209:             1             16  com.sun.proxy.$Proxy2
3210:             1             16  com.sun.proxy.$Proxy4
3211:             1             16  io.netty.buffer.ByteBufUtil$1
3212:             1             16  io.netty.buffer.ByteBufUtil$2
3213:             1             16  io.netty.channel.ChannelFutureListener$1
3214:             1             16  io.netty.channel.ChannelFutureListener$2
3215:             1             16  io.netty.channel.ChannelFutureListener$3
3216:             1             16  io.netty.channel.ChannelMetadata
3217:             1             16  io.netty.channel.ChannelOutboundBuffer$1
3218:             1             16  io.netty.channel.DefaultChannelPipeline$1
3219:             1             16  io.netty.channel.DefaultMessageSizeEstimator
3220:             1             16  io.netty.channel.DefaultMessageSizeEstimator$HandleImpl
3221:             1             16  io.netty.channel.DefaultSelectStrategy
3222:             1             16  io.netty.channel.DefaultSelectStrategyFactory
3223:             1             16  io.netty.channel.group.ChannelMatchers$1
3224:             1             16  io.netty.channel.group.ChannelMatchers$InvertMatcher
3225:             1             16  io.netty.handler.codec.ByteToMessageDecoder$1
3226:             1             16  io.netty.handler.codec.ByteToMessageDecoder$2
3227:             1             16  io.netty.util.Recycler$1
3228:             1             16  io.netty.util.Recycler$3
3229:             1             16  io.netty.util.ResourceLeakDetector$LeakEntry
3230:             1             16  io.netty.util.ResourceLeakDetectorFactory$DefaultResourceLeakDetectorFactory
3231:             1             16  io.netty.util.ThreadDeathWatcher$Watcher
3232:             1             16  io.netty.util.concurrent.DefaultPromise$CauseHolder
3233:             1             16  io.netty.util.concurrent.GlobalEventExecutor$1
3234:             1             16  io.netty.util.concurrent.GlobalEventExecutor$TaskRunner
3235:             1             16  io.netty.util.concurrent.MultithreadEventExecutorGroup$1
3236:             1             16  io.netty.util.concurrent.MultithreadEventExecutorGroup$PowerOfTwoEventExecutorChooser
3237:             1             16  io.netty.util.concurrent.RejectedExecutionHandlers$1
3238:             1             16  io.netty.util.concurrent.SingleThreadEventExecutor$1
3239:             1             16  io.netty.util.internal.NoOpTypeParameterMatcher
3240:             1             16  io.prometheus.jmx.shaded.io.prometheus.client.hotspot.ClassLoadingExports
3241:             1             16  io.prometheus.jmx.shaded.io.prometheus.client.hotspot.GarbageCollectorExports
3242:             1             16  io.prometheus.jmx.shaded.io.prometheus.client.hotspot.StandardExports$StatusReader
3243:             1             16  io.prometheus.jmx.shaded.io.prometheus.client.hotspot.ThreadExports
3244:             1             16  io.prometheus.jmx.shaded.io.prometheus.client.hotspot.VersionInfoExports
3245:             1             16  io.prometheus.jmx.shaded.org.eclipse.jetty.http.HttpFields$1
3246:             1             16  io.prometheus.jmx.shaded.org.eclipse.jetty.http.HttpFields$2
3247:             1             16  io.prometheus.jmx.shaded.org.eclipse.jetty.http.MimeTypes
3248:             1             16  io.prometheus.jmx.shaded.org.eclipse.jetty.server.Authentication$1
3249:             1             16  io.prometheus.jmx.shaded.org.eclipse.jetty.server.Authentication$2
3250:             1             16  io.prometheus.jmx.shaded.org.eclipse.jetty.server.Authentication$3
3251:             1             16  io.prometheus.jmx.shaded.org.eclipse.jetty.server.Authentication$4
3252:             1             16  io.prometheus.jmx.shaded.org.eclipse.jetty.server.Authentication$5
3253:             1             16  io.prometheus.jmx.shaded.org.eclipse.jetty.util.StringMap$NullEntry
3254:             1             16  io.prometheus.jmx.shaded.org.eclipse.jetty.util.component.Container
3255:             1             16  io.prometheus.jmx.shaded.org.eclipse.jetty.util.thread.QueuedThreadPool$3
3256:             1             16  io.prometheus.jmx.shaded.org.yaml.snakeyaml.constructor.SafeConstructor$ConstructUndefined
3257:             1             16  io.prometheus.jmx.shaded.org.yaml.snakeyaml.external.com.google.gdata.util.common.base.UnicodeEscaper$2
3258:             1             16  java.io.DeleteOnExitHook$1
3259:             1             16  java.io.FileDescriptor$1
3260:             1             16  java.lang.ApplicationShutdownHooks$1
3261:             1             16  java.lang.CharacterDataLatin1
3262:             1             16  java.lang.ClassValue$Identity
3263:             1             16  java.lang.ProcessBuilder$NullInputStream
3264:             1             16  java.lang.ProcessBuilder$NullOutputStream
3265:             1             16  java.lang.Runtime
3266:             1             16  java.lang.String$CaseInsensitiveComparator
3267:             1             16  java.lang.System$2
3268:             1             16  java.lang.Terminator$1
3269:             1             16  java.lang.UNIXProcess$$Lambda$10/837073696
3270:             1             16  java.lang.UNIXProcess$$Lambda$11/1660325375
3271:             1             16  java.lang.UNIXProcess$Platform$$Lambda$7/1470911015
3272:             1             16  java.lang.invoke.MemberName$Factory
3273:             1             16  java.lang.invoke.MethodHandleImpl$2
3274:             1             16  java.lang.invoke.MethodHandleImpl$3
3275:             1             16  java.lang.management.PlatformComponent$1
3276:             1             16  java.lang.management.PlatformComponent$10
3277:             1             16  java.lang.management.PlatformComponent$11
3278:             1             16  java.lang.management.PlatformComponent$12
3279:             1             16  java.lang.management.PlatformComponent$13
3280:             1             16  java.lang.management.PlatformComponent$14
3281:             1             16  java.lang.management.PlatformComponent$15
3282:             1             16  java.lang.management.PlatformComponent$2
3283:             1             16  java.lang.management.PlatformComponent$3
3284:             1             16  java.lang.management.PlatformComponent$4
3285:             1             16  java.lang.management.PlatformComponent$5
3286:             1             16  java.lang.management.PlatformComponent$6
3287:             1             16  java.lang.management.PlatformComponent$7
3288:             1             16  java.lang.management.PlatformComponent$8
3289:             1             16  java.lang.management.PlatformComponent$9
3290:             1             16  java.lang.ref.Reference$Lock
3291:             1             16  java.lang.reflect.Proxy$KeyFactory
3292:             1             16  java.lang.reflect.Proxy$ProxyClassFactory
3293:             1             16  java.lang.reflect.ReflectAccess
3294:             1             16  java.math.BigDecimal$1
3295:             1             16  java.net.InetAddress$2
3296:             1             16  java.net.URLClassLoader$7
3297:             1             16  java.nio.Bits$1
3298:             1             16  java.nio.Bits$1$1
3299:             1             16  java.nio.channels.spi.AbstractSelector$1
3300:             1             16  java.nio.charset.CoderResult$1
3301:             1             16  java.nio.charset.CoderResult$2
3302:             1             16  java.nio.file.Files$AcceptAllFilter
3303:             1             16  java.rmi.server.RMIClassLoader$2
3304:             1             16  java.security.AllPermission
3305:             1             16  java.security.ProtectionDomain$1
3306:             1             16  java.security.ProtectionDomain$3
3307:             1             16  java.text.DontCareFieldPosition$1
3308:             1             16  java.util.Collections$EmptyEnumeration
3309:             1             16  java.util.Collections$EmptyIterator
3310:             1             16  java.util.Collections$EmptyList
3311:             1             16  java.util.Collections$EmptySet
3312:             1             16  java.util.Currency$CurrencyNameGetter
3313:             1             16  java.util.EnumMap$1
3314:             1             16  java.util.ResourceBundle$Control
3315:             1             16  java.util.Spliterators$EmptySpliterator$OfDouble
3316:             1             16  java.util.Spliterators$EmptySpliterator$OfInt
3317:             1             16  java.util.Spliterators$EmptySpliterator$OfLong
3318:             1             16  java.util.Spliterators$EmptySpliterator$OfRef
3319:             1             16  java.util.TreeMap$EntrySpliterator$$Lambda$64/1372137902
3320:             1             16  java.util.WeakHashMap$KeySet
3321:             1             16  java.util.concurrent.CompletableFuture$AltResult
3322:             1             16  java.util.concurrent.Executors$FinalizableDelegatedExecutorService
3323:             1             16  java.util.concurrent.ForkJoinPool$DefaultForkJoinWorkerThreadFactory
3324:             1             16  java.util.concurrent.ForkJoinPool$InnocuousForkJoinWorkerThreadFactory
3325:             1             16  java.util.concurrent.ThreadPoolExecutor$AbortPolicy
3326:             1             16  java.util.function.Function$$Lambda$267/939772749
3327:             1             16  java.util.jar.JavaUtilJarAccessImpl
3328:             1             16  java.util.logging.ErrorManager
3329:             1             16  java.util.logging.LoggingProxyImpl
3330:             1             16  java.util.logging.SimpleFormatter
3331:             1             16  java.util.regex.Pattern$4
3332:             1             16  java.util.regex.Pattern$CharPropertyNames$10
3333:             1             16  java.util.regex.Pattern$CharPropertyNames$11
3334:             1             16  java.util.regex.Pattern$CharPropertyNames$12
3335:             1             16  java.util.regex.Pattern$CharPropertyNames$13
3336:             1             16  java.util.regex.Pattern$CharPropertyNames$14
3337:             1             16  java.util.regex.Pattern$CharPropertyNames$15
3338:             1             16  java.util.regex.Pattern$CharPropertyNames$16
3339:             1             16  java.util.regex.Pattern$CharPropertyNames$17
3340:             1             16  java.util.regex.Pattern$CharPropertyNames$18
3341:             1             16  java.util.regex.Pattern$CharPropertyNames$19
3342:             1             16  java.util.regex.Pattern$CharPropertyNames$20
3343:             1             16  java.util.regex.Pattern$CharPropertyNames$21
3344:             1             16  java.util.regex.Pattern$CharPropertyNames$22
3345:             1             16  java.util.regex.Pattern$CharPropertyNames$23
3346:             1             16  java.util.regex.Pattern$CharPropertyNames$5
3347:             1             16  java.util.regex.Pattern$CharPropertyNames$6
3348:             1             16  java.util.regex.Pattern$CharPropertyNames$7
3349:             1             16  java.util.regex.Pattern$CharPropertyNames$8
3350:             1             16  java.util.regex.Pattern$CharPropertyNames$9
3351:             1             16  java.util.regex.Pattern$LastNode
3352:             1             16  java.util.regex.Pattern$Node
3353:             1             16  java.util.stream.Collectors$$Lambda$173/402327634
3354:             1             16  java.util.stream.Collectors$$Lambda$174/1651044347
3355:             1             16  java.util.stream.Collectors$$Lambda$175/2016733305
3356:             1             16  java.util.stream.Collectors$$Lambda$210/951576475
3357:             1             16  java.util.stream.Collectors$$Lambda$211/550336127
3358:             1             16  java.util.stream.Collectors$$Lambda$212/1956664153
3359:             1             16  java.util.stream.Collectors$$Lambda$236/738806824
3360:             1             16  java.util.stream.Collectors$$Lambda$56/7548983
3361:             1             16  java.util.stream.Collectors$$Lambda$57/85357160
3362:             1             16  java.util.stream.Collectors$$Lambda$58/742672280
3363:             1             16  java.util.stream.Collectors$$Lambda$59/452457802
3364:             1             16  java.util.stream.FindOps$$Lambda$327/1280784217
3365:             1             16  java.util.stream.FindOps$$Lambda$328/143994149
3366:             1             16  java.util.stream.LongPipeline$$Lambda$181/1966689911
3367:             1             16  java.util.stream.Nodes$EmptyNode$OfDouble
3368:             1             16  java.util.stream.Nodes$EmptyNode$OfInt
3369:             1             16  java.util.stream.Nodes$EmptyNode$OfLong
3370:             1             16  java.util.stream.Nodes$EmptyNode$OfRef
3371:             1             16  java.util.zip.ZipFile$1
3372:             1             16  javax.crypto.JceSecurityManager
3373:             1             16  javax.management.JMX
3374:             1             16  javax.management.MBeanServerBuilder
3375:             1             16  javax.management.NotificationBroadcasterSupport$1
3376:             1             16  javax.management.remote.rmi.RMIServerImpl_Stub
3377:             1             16  javax.xml.parsers.SecuritySupport
3378:             1             16  net.jpountz.lz4.LZ4JNICompressor
3379:             1             16  net.jpountz.lz4.LZ4JNIFastDecompressor
3380:             1             16  net.jpountz.lz4.LZ4JNISafeDecompressor
3381:             1             16  org.apache.cassandra.auth.AllowAllAuthenticator$Negotiator
3382:             1             16  org.apache.cassandra.auth.AllowAllInternodeAuthenticator
3383:             1             16  org.apache.cassandra.auth.AuthMigrationListener
3384:             1             16  org.apache.cassandra.auth.CassandraRoleManager$$Lambda$257/1852901420
3385:             1             16  org.apache.cassandra.auth.CassandraRoleManager$1
3386:             1             16  org.apache.cassandra.auth.CassandraRoleManager$2
3387:             1             16  org.apache.cassandra.auth.PasswordAuthenticator$CredentialsCache$$Lambda$258/2080591248
3388:             1             16  org.apache.cassandra.auth.PasswordAuthenticator$CredentialsCache$$Lambda$259/1526566567
3389:             1             16  org.apache.cassandra.auth.PasswordAuthenticator$CredentialsCache$$Lambda$260/132809239
3390:             1             16  org.apache.cassandra.auth.PasswordAuthenticator$CredentialsCache$$Lambda$261/1633886391
3391:             1             16  org.apache.cassandra.auth.PasswordAuthenticator$CredentialsCache$$Lambda$262/1834807782
3392:             1             16  org.apache.cassandra.auth.PasswordAuthenticator$CredentialsCache$$Lambda$263/1056259168
3393:             1             16  org.apache.cassandra.auth.PasswordAuthenticator$CredentialsCache$$Lambda$264/28935184
3394:             1             16  org.apache.cassandra.auth.PasswordAuthenticator$CredentialsCache$$Lambda$265/372813435
3395:             1             16  org.apache.cassandra.auth.PermissionsCache$$Lambda$283/1617723496
3396:             1             16  org.apache.cassandra.auth.PermissionsCache$$Lambda$284/1477948611
3397:             1             16  org.apache.cassandra.auth.PermissionsCache$$Lambda$285/1992038342
3398:             1             16  org.apache.cassandra.auth.PermissionsCache$$Lambda$286/2067962413
3399:             1             16  org.apache.cassandra.auth.PermissionsCache$$Lambda$287/2141797101
3400:             1             16  org.apache.cassandra.auth.PermissionsCache$$Lambda$288/452802679
3401:             1             16  org.apache.cassandra.auth.PermissionsCache$$Lambda$289/1432182358
3402:             1             16  org.apache.cassandra.auth.PermissionsCache$$Lambda$290/647031306
3403:             1             16  org.apache.cassandra.auth.RolesCache$$Lambda$303/1586649323
3404:             1             16  org.apache.cassandra.auth.RolesCache$$Lambda$304/1811669081
3405:             1             16  org.apache.cassandra.auth.RolesCache$$Lambda$305/695291223
3406:             1             16  org.apache.cassandra.auth.RolesCache$$Lambda$306/1966653384
3407:             1             16  org.apache.cassandra.auth.RolesCache$$Lambda$307/966915204
3408:             1             16  org.apache.cassandra.auth.RolesCache$$Lambda$308/225190593
3409:             1             16  org.apache.cassandra.auth.RolesCache$$Lambda$309/1149728334
3410:             1             16  org.apache.cassandra.auth.RolesCache$$Lambda$310/1278605741
3411:             1             16  org.apache.cassandra.batchlog.Batch$Serializer
3412:             1             16  org.apache.cassandra.batchlog.BatchRemoveVerbHandler
3413:             1             16  org.apache.cassandra.batchlog.BatchStoreVerbHandler
3414:             1             16  org.apache.cassandra.batchlog.BatchlogManager$$Lambda$246/143792957
3415:             1             16  org.apache.cassandra.batchlog.BatchlogManager$$Lambda$321/283484509
3416:             1             16  org.apache.cassandra.cache.AutoSavingCache$1
3417:             1             16  org.apache.cassandra.cache.ChunkCache$$Lambda$75/347905391
3418:             1             16  org.apache.cassandra.cache.NopCacheProvider$NopCache
3419:             1             16  org.apache.cassandra.concurrent.DebuggableScheduledThreadPoolExecutor$1
3420:             1             16  org.apache.cassandra.concurrent.DebuggableThreadPoolExecutor$1
3421:             1             16  org.apache.cassandra.concurrent.StageManager$1
3422:             1             16  org.apache.cassandra.config.CFMetaData$$Lambda$202/229254724
3423:             1             16  org.apache.cassandra.config.CFMetaData$$Lambda$203/101642450
3424:             1             16  org.apache.cassandra.config.CFMetaData$$Lambda$222/1158990106
3425:             1             16  org.apache.cassandra.config.CFMetaData$$Lambda$223/2073838008
3426:             1             16  org.apache.cassandra.config.CFMetaData$Builder$$Lambda$27/2048102341
3427:             1             16  org.apache.cassandra.config.CFMetaData$Serializer
3428:             1             16  org.apache.cassandra.config.ColumnDefinition$$Lambda$22/650013863
3429:             1             16  org.apache.cassandra.config.DatabaseDescriptor$1
3430:             1             16  org.apache.cassandra.config.Schema$$Lambda$249/394584672
3431:             1             16  org.apache.cassandra.config.Schema$$Lambda$250/1384541940
3432:             1             16  org.apache.cassandra.cql3.ColumnConditions$$Lambda$111/1659948222
3433:             1             16  org.apache.cassandra.cql3.Constants$1
3434:             1             16  org.apache.cassandra.cql3.Constants$NullLiteral
3435:             1             16  org.apache.cassandra.cql3.Constants$UnsetLiteral
3436:             1             16  org.apache.cassandra.cql3.Cql_Parser$1
3437:             1             16  org.apache.cassandra.cql3.IfExistsCondition
3438:             1             16  org.apache.cassandra.cql3.IfNotExistsCondition
3439:             1             16  org.apache.cassandra.cql3.QueryOptions$Codec
3440:             1             16  org.apache.cassandra.cql3.QueryProcessor
3441:             1             16  org.apache.cassandra.cql3.QueryProcessor$$Lambda$14/597364637
3442:             1             16  org.apache.cassandra.cql3.QueryProcessor$$Lambda$15/1535026957
3443:             1             16  org.apache.cassandra.cql3.QueryProcessor$$Lambda$16/367967231
3444:             1             16  org.apache.cassandra.cql3.QueryProcessor$$Lambda$17/36531985
3445:             1             16  org.apache.cassandra.cql3.QueryProcessor$$Lambda$18/815336475
3446:             1             16  org.apache.cassandra.cql3.QueryProcessor$$Lambda$19/1088491512
3447:             1             16  org.apache.cassandra.cql3.QueryProcessor$MigrationSubscriber
3448:             1             16  org.apache.cassandra.cql3.ResultSet$Codec
3449:             1             16  org.apache.cassandra.cql3.ResultSet$PreparedMetadata$Codec
3450:             1             16  org.apache.cassandra.cql3.ResultSet$ResultMetadata$Codec
3451:             1             16  org.apache.cassandra.cql3.functions.CastFcts$$Lambda$37/827328832
3452:             1             16  org.apache.cassandra.cql3.functions.CastFcts$$Lambda$38/405252209
3453:             1             16  org.apache.cassandra.cql3.functions.CastFcts$$Lambda$39/1963974958
3454:             1             16  org.apache.cassandra.cql3.functions.CastFcts$$Lambda$40/1045985568
3455:             1             16  org.apache.cassandra.cql3.functions.CastFcts$$Lambda$41/619985571
3456:             1             16  org.apache.cassandra.cql3.functions.CastFcts$$Lambda$42/504478805
3457:             1             16  org.apache.cassandra.cql3.functions.CastFcts$$Lambda$43/1893772493
3458:             1             16  org.apache.cassandra.cql3.functions.CastFcts$$Lambda$44/2035801202
3459:             1             16  org.apache.cassandra.cql3.functions.CastFcts$$Lambda$45/1541942595
3460:             1             16  org.apache.cassandra.cql3.functions.ThreadAwareSecurityManager
3461:             1             16  org.apache.cassandra.cql3.functions.ThreadAwareSecurityManager$1
3462:             1             16  org.apache.cassandra.cql3.functions.ThreadAwareSecurityManager$2
3463:             1             16  org.apache.cassandra.cql3.restrictions.RestrictionSet$1
3464:             1             16  org.apache.cassandra.cql3.selection.Selection$1
3465:             1             16  org.apache.cassandra.cql3.statements.CreateTableStatement$$Lambda$20/67671827
3466:             1             16  org.apache.cassandra.db.CBuilder$1
3467:             1             16  org.apache.cassandra.db.Clustering$Serializer
3468:             1             16  org.apache.cassandra.db.ClusteringBoundOrBoundary$Serializer
3469:             1             16  org.apache.cassandra.db.ClusteringPrefix$Serializer
3470:             1             16  org.apache.cassandra.db.ColumnFamilyStore$$Lambda$182/1934374544
3471:             1             16  org.apache.cassandra.db.ColumnFamilyStore$2
3472:             1             16  org.apache.cassandra.db.ColumnFamilyStore$FlushLargestColumnFamily
3473:             1             16  org.apache.cassandra.db.Columns$$Lambda$201/1284423556
3474:             1             16  org.apache.cassandra.db.Columns$Serializer
3475:             1             16  org.apache.cassandra.db.CounterMutation$CounterMutationSerializer
3476:             1             16  org.apache.cassandra.db.CounterMutationVerbHandler
3477:             1             16  org.apache.cassandra.db.DataRange$Serializer
3478:             1             16  org.apache.cassandra.db.DecoratedKey$1
3479:             1             16  org.apache.cassandra.db.DefinitionsUpdateVerbHandler
3480:             1             16  org.apache.cassandra.db.DeletionPurger$$Lambda$103/1130959284
3481:             1             16  org.apache.cassandra.db.DeletionTime$Serializer
3482:             1             16  org.apache.cassandra.db.Directories$DataDirectory
3483:             1             16  org.apache.cassandra.db.EmptyIterators$EmptyPartitionIterator
3484:             1             16  org.apache.cassandra.db.HintedHandOffManager
3485:             1             16  org.apache.cassandra.db.Keyspace$$Lambda$68/1862674654
3486:             1             16  org.apache.cassandra.db.Keyspace$1
3487:             1             16  org.apache.cassandra.db.MigrationRequestVerbHandler
3488:             1             16  org.apache.cassandra.db.Mutation$MutationSerializer
3489:             1             16  org.apache.cassandra.db.MutationVerbHandler
3490:             1             16  org.apache.cassandra.db.PartitionPosition$RowPositionSerializer
3491:             1             16  org.apache.cassandra.db.PartitionRangeReadCommand$Deserializer
3492:             1             16  org.apache.cassandra.db.ReadCommand$1
3493:             1             16  org.apache.cassandra.db.ReadCommand$1WithoutPurgeableTombstones$$Lambda$200/833592779
3494:             1             16  org.apache.cassandra.db.ReadCommand$2
3495:             1             16  org.apache.cassandra.db.ReadCommand$3
3496:             1             16  org.apache.cassandra.db.ReadCommand$LegacyPagedRangeCommandSerializer
3497:             1             16  org.apache.cassandra.db.ReadCommand$LegacyRangeSliceCommandSerializer
3498:             1             16  org.apache.cassandra.db.ReadCommand$LegacyReadCommandSerializer
3499:             1             16  org.apache.cassandra.db.ReadCommand$Serializer
3500:             1             16  org.apache.cassandra.db.ReadCommandVerbHandler
3501:             1             16  org.apache.cassandra.db.ReadQuery$1
3502:             1             16  org.apache.cassandra.db.ReadRepairVerbHandler
3503:             1             16  org.apache.cassandra.db.ReadResponse$1
3504:             1             16  org.apache.cassandra.db.ReadResponse$LegacyRangeSliceReplySerializer
3505:             1             16  org.apache.cassandra.db.ReadResponse$Serializer
3506:             1             16  org.apache.cassandra.db.SchemaCheckVerbHandler
3507:             1             16  org.apache.cassandra.db.SerializationHeader$Serializer
3508:             1             16  org.apache.cassandra.db.SinglePartitionReadCommand$Deserializer
3509:             1             16  org.apache.cassandra.db.SinglePartitionReadCommand$Group$$Lambda$104/764463431
3510:             1             16  org.apache.cassandra.db.SizeEstimatesRecorder
3511:             1             16  org.apache.cassandra.db.Slice$Serializer
3512:             1             16  org.apache.cassandra.db.Slices$SelectAllSlices
3513:             1             16  org.apache.cassandra.db.Slices$SelectAllSlices$1
3514:             1             16  org.apache.cassandra.db.Slices$SelectNoSlices
3515:             1             16  org.apache.cassandra.db.Slices$SelectNoSlices$1
3516:             1             16  org.apache.cassandra.db.Slices$Serializer
3517:             1             16  org.apache.cassandra.db.SnapshotCommandSerializer
3518:             1             16  org.apache.cassandra.db.StorageHook$1
3519:             1             16  org.apache.cassandra.db.SystemKeyspace$$Lambda$183/1533415525
3520:             1             16  org.apache.cassandra.db.TruncateResponse$TruncateResponseSerializer
3521:             1             16  org.apache.cassandra.db.TruncateVerbHandler
3522:             1             16  org.apache.cassandra.db.TruncationSerializer
3523:             1             16  org.apache.cassandra.db.WriteResponse
3524:             1             16  org.apache.cassandra.db.WriteResponse$Serializer
3525:             1             16  org.apache.cassandra.db.aggregation.AggregationSpecification$1
3526:             1             16  org.apache.cassandra.db.aggregation.AggregationSpecification$Serializer
3527:             1             16  org.apache.cassandra.db.aggregation.GroupMaker$1
3528:             1             16  org.apache.cassandra.db.aggregation.GroupingState$Serializer
3529:             1             16  org.apache.cassandra.db.commitlog.AbstractCommitLogSegmentManager$$Lambda$69/536535869
3530:             1             16  org.apache.cassandra.db.commitlog.AbstractCommitLogSegmentManager$1
3531:             1             16  org.apache.cassandra.db.commitlog.CommitLog$$Lambda$217/1380426360
3532:             1             16  org.apache.cassandra.db.commitlog.CommitLogPosition$1
3533:             1             16  org.apache.cassandra.db.commitlog.CommitLogPosition$CommitLogPositionSerializer
3534:             1             16  org.apache.cassandra.db.commitlog.CommitLogReplayer$$Lambda$218/1145162536
3535:             1             16  org.apache.cassandra.db.commitlog.CommitLogReplayer$MutationInitiator
3536:             1             16  org.apache.cassandra.db.commitlog.CommitLogSegment$$Lambda$170/943278800
3537:             1             16  org.apache.cassandra.db.commitlog.IntervalSet$1
3538:             1             16  org.apache.cassandra.db.commitlog.SimpleCachedBufferPool$1
3539:             1             16  org.apache.cassandra.db.compaction.CompactionController$$Lambda$179/781976555
3540:             1             16  org.apache.cassandra.db.compaction.CompactionController$$Lambda$180/1805495749
3541:             1             16  org.apache.cassandra.db.compaction.CompactionController$$Lambda$277/63297817
3542:             1             16  org.apache.cassandra.db.compaction.CompactionManager$$Lambda$385/1362635602
3543:             1             16  org.apache.cassandra.db.compaction.CompactionManager$1
3544:             1             16  org.apache.cassandra.db.compaction.CompactionManager$ValidationCompactionController$$Lambda$415/66012337
3545:             1             16  org.apache.cassandra.db.compaction.CompactionStrategyManager$$Lambda$128/1167474269
3546:             1             16  org.apache.cassandra.db.compaction.CompactionStrategyManager$$Lambda$129/158214092
3547:             1             16  org.apache.cassandra.db.compaction.CompactionStrategyManager$$Lambda$167/711196410
3548:             1             16  org.apache.cassandra.db.compaction.CompactionStrategyManager$$Lambda$83/1563626697
3549:             1             16  org.apache.cassandra.db.compaction.CompactionStrategyManager$$Lambda$84/1127091696
3550:             1             16  org.apache.cassandra.db.compaction.CompactionStrategyManager$$Lambda$85/96892567
3551:             1             16  org.apache.cassandra.db.compaction.CompactionStrategyManager$$Lambda$86/925352258
3552:             1             16  org.apache.cassandra.db.compaction.CompactionStrategyManager$$Lambda$87/846157171
3553:             1             16  org.apache.cassandra.db.compaction.CompactionStrategyManager$$Lambda$88/1541616314
3554:             1             16  org.apache.cassandra.db.compaction.CompactionStrategyManager$$Lambda$89/563839759
3555:             1             16  org.apache.cassandra.db.compaction.CompactionStrategyManager$$Lambda$90/1970987244
3556:             1             16  org.apache.cassandra.db.compaction.CompactionStrategyManager$$Lambda$91/2143446027
3557:             1             16  org.apache.cassandra.db.compaction.CompactionStrategyManager$$Lambda$92/929174768
3558:             1             16  org.apache.cassandra.db.compaction.CompactionStrategyManager$$Lambda$93/431175022
3559:             1             16  org.apache.cassandra.db.compaction.LeveledManifest$1
3560:             1             16  org.apache.cassandra.db.compaction.SizeTieredCompactionStrategy$1
3561:             1             16  org.apache.cassandra.db.filter.AbstractClusteringIndexFilter$FilterSerializer
3562:             1             16  org.apache.cassandra.db.filter.ClusteringIndexNamesFilter$NamesDeserializer
3563:             1             16  org.apache.cassandra.db.filter.ClusteringIndexSliceFilter$SliceDeserializer
3564:             1             16  org.apache.cassandra.db.filter.ColumnFilter$Serializer
3565:             1             16  org.apache.cassandra.db.filter.DataLimits$Serializer
3566:             1             16  org.apache.cassandra.db.filter.RowFilter$Expression$Serializer
3567:             1             16  org.apache.cassandra.db.filter.RowFilter$Serializer
3568:             1             16  org.apache.cassandra.db.lifecycle.LogAwareFileLister$$Lambda$361/662194671
3569:             1             16  org.apache.cassandra.db.lifecycle.LogAwareFileLister$$Lambda$362/697313681
3570:             1             16  org.apache.cassandra.db.lifecycle.LogAwareFileLister$$Lambda$54/1498016680
3571:             1             16  org.apache.cassandra.db.lifecycle.LogAwareFileLister$$Lambda$55/1490985125
3572:             1             16  org.apache.cassandra.db.lifecycle.LogAwareFileLister$$Lambda$60/1857910993
3573:             1             16  org.apache.cassandra.db.lifecycle.LogAwareFileLister$$Lambda$62/1293252487
3574:             1             16  org.apache.cassandra.db.lifecycle.LogAwareFileLister$$Lambda$66/1088744071
3575:             1             16  org.apache.cassandra.db.lifecycle.LogFile$$Lambda$160/1075171962
3576:             1             16  org.apache.cassandra.db.lifecycle.LogFile$$Lambda$196/951116813
3577:             1             16  org.apache.cassandra.db.lifecycle.LogFile$$Lambda$197/1198520891
3578:             1             16  org.apache.cassandra.db.lifecycle.LogFile$$Lambda$354/1592539584
3579:             1             16  org.apache.cassandra.db.lifecycle.LogFile$$Lambda$355/1950141481
3580:             1             16  org.apache.cassandra.db.lifecycle.LogFile$$Lambda$357/1620674679
3581:             1             16  org.apache.cassandra.db.lifecycle.LogRecord$$Lambda$135/1643467921
3582:             1             16  org.apache.cassandra.db.lifecycle.LogRecord$$Lambda$136/1302813707
3583:             1             16  org.apache.cassandra.db.lifecycle.LogRecord$$Lambda$137/1808940393
3584:             1             16  org.apache.cassandra.db.lifecycle.LogRecord$$Lambda$172/1277873554
3585:             1             16  org.apache.cassandra.db.lifecycle.LogRecord$$Lambda$413/2094280413
3586:             1             16  org.apache.cassandra.db.lifecycle.LogReplicaSet$$Lambda$157/1677502722
3587:             1             16  org.apache.cassandra.db.lifecycle.LogReplicaSet$$Lambda$161/1188736998
3588:             1             16  org.apache.cassandra.db.lifecycle.LogReplicaSet$$Lambda$163/2146101895
3589:             1             16  org.apache.cassandra.db.lifecycle.LogReplicaSet$$Lambda$348/497030873
3590:             1             16  org.apache.cassandra.db.lifecycle.LogReplicaSet$$Lambda$349/2088533335
3591:             1             16  org.apache.cassandra.db.lifecycle.LogReplicaSet$$Lambda$350/23677356
3592:             1             16  org.apache.cassandra.db.lifecycle.LogReplicaSet$$Lambda$352/1457493152
3593:             1             16  org.apache.cassandra.db.lifecycle.LogReplicaSet$$Lambda$353/565548384
3594:             1             16  org.apache.cassandra.db.lifecycle.LogTransaction$LogFilesByName$$Lambda$48/1167327028
3595:             1             16  org.apache.cassandra.db.lifecycle.LogTransaction$LogFilesByName$$Lambda$50/36550900
3596:             1             16  org.apache.cassandra.db.lifecycle.Tracker$$Lambda$165/1740771174
3597:             1             16  org.apache.cassandra.db.marshal.CollectionType$CollectionPathSerializer
3598:             1             16  org.apache.cassandra.db.monitoring.ApproximateTime$$Lambda$106/1968225987
3599:             1             16  org.apache.cassandra.db.monitoring.MonitoringTask$$Lambda$333/1973726143
3600:             1             16  org.apache.cassandra.db.monitoring.MonitoringTask$AggregatedOperations$$Lambda$337/1849301541
3601:             1             16  org.apache.cassandra.db.partitions.PartitionUpdate$PartitionUpdateSerializer
3602:             1             16  org.apache.cassandra.db.partitions.UnfilteredPartitionIterators$$Lambda$105/2058501720
3603:             1             16  org.apache.cassandra.db.partitions.UnfilteredPartitionIterators$Serializer
3604:             1             16  org.apache.cassandra.db.rows.AbstractTypeVersionComparator
3605:             1             16  org.apache.cassandra.db.rows.BTreeRow$$Lambda$113/1932479244
3606:             1             16  org.apache.cassandra.db.rows.BTreeRow$$Lambda$118/1138102071
3607:             1             16  org.apache.cassandra.db.rows.Cell$$Lambda$98/2077558913
3608:             1             16  org.apache.cassandra.db.rows.Cell$Serializer
3609:             1             16  org.apache.cassandra.db.rows.ColumnData$$Lambda$25/1410367298
3610:             1             16  org.apache.cassandra.db.rows.EncodingStats$Serializer
3611:             1             16  org.apache.cassandra.db.rows.UnfilteredRowIteratorSerializer
3612:             1             16  org.apache.cassandra.db.rows.UnfilteredRowIterators$UnfilteredRowMergeIterator$$Lambda$272/1105131572
3613:             1             16  org.apache.cassandra.db.rows.UnfilteredSerializer
3614:             1             16  org.apache.cassandra.db.rows.UnfilteredSerializer$$Lambda$291/882065625
3615:             1             16  org.apache.cassandra.db.rows.UnfilteredSerializer$$Lambda$416/787579160
3616:             1             16  org.apache.cassandra.db.view.View$$Lambda$208/180507670
3617:             1             16  org.apache.cassandra.dht.BootStrapper$StringSerializer
3618:             1             16  org.apache.cassandra.dht.Murmur3Partitioner$2
3619:             1             16  org.apache.cassandra.dht.StreamStateStore
3620:             1             16  org.apache.cassandra.dht.Token$TokenSerializer
3621:             1             16  org.apache.cassandra.gms.EchoMessage
3622:             1             16  org.apache.cassandra.gms.EchoMessage$EchoMessageSerializer
3623:             1             16  org.apache.cassandra.gms.EndpointStateSerializer
3624:             1             16  org.apache.cassandra.gms.GossipDigestAck2Serializer
3625:             1             16  org.apache.cassandra.gms.GossipDigestAck2VerbHandler
3626:             1             16  org.apache.cassandra.gms.GossipDigestAckSerializer
3627:             1             16  org.apache.cassandra.gms.GossipDigestAckVerbHandler
3628:             1             16  org.apache.cassandra.gms.GossipDigestSerializer
3629:             1             16  org.apache.cassandra.gms.GossipDigestSynSerializer
3630:             1             16  org.apache.cassandra.gms.GossipDigestSynVerbHandler
3631:             1             16  org.apache.cassandra.gms.GossipShutdownVerbHandler
3632:             1             16  org.apache.cassandra.gms.Gossiper$$Lambda$254/2095034236
3633:             1             16  org.apache.cassandra.gms.Gossiper$$Lambda$255/70811825
3634:             1             16  org.apache.cassandra.gms.Gossiper$$Lambda$256/118298101
3635:             1             16  org.apache.cassandra.gms.Gossiper$1
3636:             1             16  org.apache.cassandra.gms.Gossiper$GossipTask
3637:             1             16  org.apache.cassandra.gms.HeartBeatStateSerializer
3638:             1             16  org.apache.cassandra.gms.VersionedValue$VersionedValueFactory
3639:             1             16  org.apache.cassandra.gms.VersionedValue$VersionedValueSerializer
3640:             1             16  org.apache.cassandra.hints.Hint$Serializer
3641:             1             16  org.apache.cassandra.hints.HintMessage$Serializer
3642:             1             16  org.apache.cassandra.hints.HintResponse
3643:             1             16  org.apache.cassandra.hints.HintResponse$Serializer
3644:             1             16  org.apache.cassandra.hints.HintVerbHandler
3645:             1             16  org.apache.cassandra.hints.HintVerbHandler$$Lambda$297/265889795
3646:             1             16  org.apache.cassandra.hints.HintVerbHandler$$Lambda$302/1441165793
3647:             1             16  org.apache.cassandra.hints.HintsCatalog$$Lambda$233/1198020092
3648:             1             16  org.apache.cassandra.hints.HintsCatalog$$Lambda$234/1921674362
3649:             1             16  org.apache.cassandra.hints.HintsCatalog$$Lambda$235/1172861322
3650:             1             16  org.apache.cassandra.hints.HintsDispatchTrigger$$Lambda$293/566172070
3651:             1             16  org.apache.cassandra.hints.HintsDispatchTrigger$$Lambda$294/1962322561
3652:             1             16  org.apache.cassandra.hints.HintsDispatchTrigger$$Lambda$295/1678836888
3653:             1             16  org.apache.cassandra.hints.HintsService$$Lambda$239/1009026172
3654:             1             16  org.apache.cassandra.hints.HintsService$$Lambda$240/1109448995
3655:             1             16  org.apache.cassandra.hints.HintsService$$Lambda$241/1237538111
3656:             1             16  org.apache.cassandra.hints.HintsWriteExecutor$FsyncWritersTask$$Lambda$320/1847391007
3657:             1             16  org.apache.cassandra.index.Index$CollatedViewIndexBuildingSupport
3658:             1             16  org.apache.cassandra.index.SecondaryIndexManager$$Lambda$147/1822689019
3659:             1             16  org.apache.cassandra.index.SecondaryIndexManager$$Lambda$148/1073792594
3660:             1             16  org.apache.cassandra.index.SecondaryIndexManager$$Lambda$177/769475692
3661:             1             16  org.apache.cassandra.index.SecondaryIndexManager$$Lambda$185/1633691698
3662:             1             16  org.apache.cassandra.index.SecondaryIndexManager$$Lambda$299/854293571
3663:             1             16  org.apache.cassandra.index.SecondaryIndexManager$$Lambda$300/1494041243
3664:             1             16  org.apache.cassandra.index.SecondaryIndexManager$$Lambda$368/1156071192
3665:             1             16  org.apache.cassandra.index.SecondaryIndexManager$$Lambda$369/1244645877
3666:             1             16  org.apache.cassandra.index.SecondaryIndexManager$$Lambda$370/185779150
3667:             1             16  org.apache.cassandra.index.SecondaryIndexManager$$Lambda$371/986918175
3668:             1             16  org.apache.cassandra.index.SecondaryIndexManager$$Lambda$375/884154296
3669:             1             16  org.apache.cassandra.index.SecondaryIndexManager$$Lambda$376/992254911
3670:             1             16  org.apache.cassandra.index.SecondaryIndexManager$$Lambda$379/918841968
3671:             1             16  org.apache.cassandra.index.SecondaryIndexManager$$Lambda$383/656995558
3672:             1             16  org.apache.cassandra.index.SecondaryIndexManager$$Lambda$384/1449350426
3673:             1             16  org.apache.cassandra.index.internal.CassandraIndex$$Lambda$329/1400262217
3674:             1             16  org.apache.cassandra.index.internal.CassandraIndex$$Lambda$419/770662572
3675:             1             16  org.apache.cassandra.index.internal.CassandraIndexFunctions$1
3676:             1             16  org.apache.cassandra.index.internal.CassandraIndexFunctions$2
3677:             1             16  org.apache.cassandra.index.internal.CassandraIndexFunctions$3
3678:             1             16  org.apache.cassandra.index.internal.CassandraIndexFunctions$4
3679:             1             16  org.apache.cassandra.index.internal.CassandraIndexFunctions$5
3680:             1             16  org.apache.cassandra.index.internal.CassandraIndexFunctions$6
3681:             1             16  org.apache.cassandra.index.internal.CassandraIndexFunctions$7
3682:             1             16  org.apache.cassandra.index.transactions.UpdateTransaction$1
3683:             1             16  org.apache.cassandra.io.compress.CompressionMetadata$ChunkSerializer
3684:             1             16  org.apache.cassandra.io.sstable.Descriptor$$Lambda$67/85121323
3685:             1             16  org.apache.cassandra.io.sstable.IndexSummary$IndexSummarySerializer
3686:             1             16  org.apache.cassandra.io.sstable.IndexSummaryManager$1
3687:             1             16  org.apache.cassandra.io.sstable.IndexSummaryRedistribution$1
3688:             1             16  org.apache.cassandra.io.sstable.IndexSummaryRedistribution$ReadRateComparator
3689:             1             16  org.apache.cassandra.io.sstable.format.SSTableReader$$Lambda$70/1935675749
3690:             1             16  org.apache.cassandra.io.sstable.format.SSTableReader$$Lambda$71/1091289191
3691:             1             16  org.apache.cassandra.io.sstable.format.SSTableReader$$Lambda$72/1445761311
3692:             1             16  org.apache.cassandra.io.sstable.format.SSTableReader$1
3693:             1             16  org.apache.cassandra.io.sstable.format.SSTableReader$Operator$Equals
3694:             1             16  org.apache.cassandra.io.sstable.format.SSTableReader$Operator$GreaterThan
3695:             1             16  org.apache.cassandra.io.sstable.format.SSTableReader$Operator$GreaterThanOrEqualTo
3696:             1             16  org.apache.cassandra.io.sstable.format.SSTableReadsListener$1
3697:             1             16  org.apache.cassandra.io.sstable.format.SSTableWriter$$Lambda$155/847447749
3698:             1             16  org.apache.cassandra.io.sstable.format.SSTableWriter$$Lambda$367/23804709
3699:             1             16  org.apache.cassandra.io.sstable.format.big.BigFormat
3700:             1             16  org.apache.cassandra.io.sstable.format.big.BigFormat$ReaderFactory
3701:             1             16  org.apache.cassandra.io.sstable.format.big.BigFormat$WriterFactory
3702:             1             16  org.apache.cassandra.io.sstable.metadata.CompactionMetadata$CompactionMetadataSerializer
3703:             1             16  org.apache.cassandra.io.sstable.metadata.StatsMetadata$StatsMetadataSerializer
3704:             1             16  org.apache.cassandra.io.sstable.metadata.ValidationMetadata$ValidationMetadataSerializer
3705:             1             16  org.apache.cassandra.io.util.DataOutputBuffer$1
3706:             1             16  org.apache.cassandra.io.util.DataOutputStreamPlus$1
3707:             1             16  org.apache.cassandra.io.util.FileHandle$$Lambda$153/1625415213
3708:             1             16  org.apache.cassandra.io.util.MmappedRegions$State$$Lambda$190/771377973
3709:             1             16  org.apache.cassandra.io.util.Rebufferer$1
3710:             1             16  org.apache.cassandra.io.util.SpinningDiskOptimizationStrategy
3711:             1             16  org.apache.cassandra.locator.DynamicEndpointSnitch$1
3712:             1             16  org.apache.cassandra.locator.DynamicEndpointSnitch$2
3713:             1             16  org.apache.cassandra.locator.EndpointSnitchInfo
3714:             1             16  org.apache.cassandra.locator.PendingRangeMaps$1
3715:             1             16  org.apache.cassandra.locator.PendingRangeMaps$2
3716:             1             16  org.apache.cassandra.locator.PendingRangeMaps$3
3717:             1             16  org.apache.cassandra.locator.PendingRangeMaps$4
3718:             1             16  org.apache.cassandra.locator.PropertyFileSnitch
3719:             1             16  org.apache.cassandra.locator.PropertyFileSnitch$1
3720:             1             16  org.apache.cassandra.locator.SimpleSeedProvider
3721:             1             16  org.apache.cassandra.locator.TokenMetadata$1
3722:             1             16  org.apache.cassandra.metrics.BufferPoolMetrics$1
3723:             1             16  org.apache.cassandra.metrics.CQLMetrics$1
3724:             1             16  org.apache.cassandra.metrics.CQLMetrics$2
3725:             1             16  org.apache.cassandra.metrics.CacheMissMetrics$$Lambda$79/1746899371
3726:             1             16  org.apache.cassandra.metrics.CacheMissMetrics$$Lambda$80/2019536705
3727:             1             16  org.apache.cassandra.metrics.CacheMissMetrics$$Lambda$81/1245108923
3728:             1             16  org.apache.cassandra.metrics.CacheMissMetrics$1
3729:             1             16  org.apache.cassandra.metrics.CacheMissMetrics$2
3730:             1             16  org.apache.cassandra.metrics.CacheMissMetrics$3
3731:             1             16  org.apache.cassandra.metrics.CacheMissMetrics$4
3732:             1             16  org.apache.cassandra.metrics.ClientMetrics
3733:             1             16  org.apache.cassandra.metrics.CompactionMetrics$1
3734:             1             16  org.apache.cassandra.metrics.CompactionMetrics$2
3735:             1             16  org.apache.cassandra.metrics.HintedHandoffMetrics$1
3736:             1             16  org.apache.cassandra.metrics.HintedHandoffMetrics$2
3737:             1             16  org.apache.cassandra.metrics.TableMetrics$1
3738:             1             16  org.apache.cassandra.metrics.TableMetrics$13
3739:             1             16  org.apache.cassandra.metrics.TableMetrics$18
3740:             1             16  org.apache.cassandra.metrics.TableMetrics$20
3741:             1             16  org.apache.cassandra.metrics.TableMetrics$22
3742:             1             16  org.apache.cassandra.metrics.TableMetrics$26
3743:             1             16  org.apache.cassandra.metrics.TableMetrics$28
3744:             1             16  org.apache.cassandra.metrics.ViewWriteMetrics$1
3745:             1             16  org.apache.cassandra.net.IAsyncCallback$1
3746:             1             16  org.apache.cassandra.net.MessagingService$4
3747:             1             16  org.apache.cassandra.net.MessagingService$5
3748:             1             16  org.apache.cassandra.net.MessagingService$CallbackDeterminedSerializer
3749:             1             16  org.apache.cassandra.repair.NodePair$NodePairSerializer
3750:             1             16  org.apache.cassandra.repair.RepairJobDesc$RepairJobDescSerializer
3751:             1             16  org.apache.cassandra.repair.RepairMessageVerbHandler
3752:             1             16  org.apache.cassandra.repair.messages.AnticompactionRequest$AnticompactionRequestSerializer
3753:             1             16  org.apache.cassandra.repair.messages.CleanupMessage$CleanupMessageSerializer
3754:             1             16  org.apache.cassandra.repair.messages.PrepareMessage$PrepareMessageSerializer
3755:             1             16  org.apache.cassandra.repair.messages.RepairMessage$RepairMessageSerializer
3756:             1             16  org.apache.cassandra.repair.messages.SnapshotMessage$SnapshotMessageSerializer
3757:             1             16  org.apache.cassandra.repair.messages.SyncComplete$SyncCompleteSerializer
3758:             1             16  org.apache.cassandra.repair.messages.SyncRequest$SyncRequestSerializer
3759:             1             16  org.apache.cassandra.repair.messages.ValidationComplete$ValidationCompleteSerializer
3760:             1             16  org.apache.cassandra.repair.messages.ValidationRequest$ValidationRequestSerializer
3761:             1             16  org.apache.cassandra.scheduler.NoScheduler
3762:             1             16  org.apache.cassandra.schema.CQLTypeParser$$Lambda$213/524098128
3763:             1             16  org.apache.cassandra.schema.CompressionParams$Serializer
3764:             1             16  org.apache.cassandra.schema.Functions$$Lambda$226/780748635
3765:             1             16  org.apache.cassandra.schema.Functions$$Lambda$227/574754805
3766:             1             16  org.apache.cassandra.schema.Functions$$Lambda$229/731522644
3767:             1             16  org.apache.cassandra.schema.Functions$$Lambda$230/341985521
3768:             1             16  org.apache.cassandra.schema.Functions$Builder$$Lambda$33/473073770
3769:             1             16  org.apache.cassandra.schema.IndexMetadata$Serializer
3770:             1             16  org.apache.cassandra.schema.LegacySchemaMigrator$$Lambda$127/1412434467
3771:             1             16  org.apache.cassandra.schema.SchemaKeyspace$$Lambda$205/1587925779
3772:             1             16  org.apache.cassandra.schema.SchemaKeyspace$$Lambda$391/1504605338
3773:             1             16  org.apache.cassandra.schema.SchemaKeyspace$$Lambda$394/131732749
3774:             1             16  org.apache.cassandra.schema.SchemaKeyspace$$Lambda$395/864918563
3775:             1             16  org.apache.cassandra.schema.SchemaKeyspace$$Lambda$402/1066196237
3776:             1             16  org.apache.cassandra.schema.SchemaKeyspace$$Lambda$403/1708019526
3777:             1             16  org.apache.cassandra.schema.Triggers$Builder
3778:             1             16  org.apache.cassandra.schema.Types
3779:             1             16  org.apache.cassandra.schema.Views$$Lambda$46/1816468636
3780:             1             16  org.apache.cassandra.serializers.BooleanSerializer
3781:             1             16  org.apache.cassandra.serializers.ByteSerializer
3782:             1             16  org.apache.cassandra.serializers.BytesSerializer
3783:             1             16  org.apache.cassandra.serializers.DoubleSerializer
3784:             1             16  org.apache.cassandra.serializers.InetAddressSerializer
3785:             1             16  org.apache.cassandra.serializers.Int32Serializer
3786:             1             16  org.apache.cassandra.serializers.IntegerSerializer
3787:             1             16  org.apache.cassandra.serializers.LongSerializer
3788:             1             16  org.apache.cassandra.serializers.TimeUUIDSerializer
3789:             1             16  org.apache.cassandra.serializers.TimestampSerializer
3790:             1             16  org.apache.cassandra.serializers.TimestampSerializer$1
3791:             1             16  org.apache.cassandra.serializers.TimestampSerializer$2
3792:             1             16  org.apache.cassandra.serializers.TimestampSerializer$3
3793:             1             16  org.apache.cassandra.serializers.UTF8Serializer
3794:             1             16  org.apache.cassandra.serializers.UUIDSerializer
3795:             1             16  org.apache.cassandra.service.CacheService$CounterCacheSerializer
3796:             1             16  org.apache.cassandra.service.CacheService$KeyCacheSerializer
3797:             1             16  org.apache.cassandra.service.CacheService$RowCacheSerializer
3798:             1             16  org.apache.cassandra.service.CassandraDaemon$$Lambda$266/1171081355
3799:             1             16  org.apache.cassandra.service.CassandraDaemon$1
3800:             1             16  org.apache.cassandra.service.CassandraDaemon$2
3801:             1             16  org.apache.cassandra.service.CassandraDaemon$NativeAccess
3802:             1             16  org.apache.cassandra.service.ClientState$$Lambda$94/752933618
3803:             1             16  org.apache.cassandra.service.ClientWarn
3804:             1             16  org.apache.cassandra.service.DefaultFSErrorHandler
3805:             1             16  org.apache.cassandra.service.EchoVerbHandler
3806:             1             16  org.apache.cassandra.service.LoadBroadcaster
3807:             1             16  org.apache.cassandra.service.LoadBroadcaster$1
3808:             1             16  org.apache.cassandra.service.MigrationManager
3809:             1             16  org.apache.cassandra.service.MigrationManager$MigrationsSerializer
3810:             1             16  org.apache.cassandra.service.NativeTransportService$$Lambda$279/314413810
3811:             1             16  org.apache.cassandra.service.NativeTransportService$$Lambda$281/1466632525
3812:             1             16  org.apache.cassandra.service.PendingRangeCalculatorService$1
3813:             1             16  org.apache.cassandra.service.SnapshotVerbHandler
3814:             1             16  org.apache.cassandra.service.StartupChecks$$Lambda$1/380242442
3815:             1             16  org.apache.cassandra.service.StartupChecks$$Lambda$109/1165782814
3816:             1             16  org.apache.cassandra.service.StartupChecks$$Lambda$2/898406901
3817:             1             16  org.apache.cassandra.service.StartupChecks$1
3818:             1             16  org.apache.cassandra.service.StartupChecks$10
3819:             1             16  org.apache.cassandra.service.StartupChecks$11
3820:             1             16  org.apache.cassandra.service.StartupChecks$12
3821:             1             16  org.apache.cassandra.service.StartupChecks$2
3822:             1             16  org.apache.cassandra.service.StartupChecks$3
3823:             1             16  org.apache.cassandra.service.StartupChecks$4
3824:             1             16  org.apache.cassandra.service.StartupChecks$5
3825:             1             16  org.apache.cassandra.service.StartupChecks$6
3826:             1             16  org.apache.cassandra.service.StartupChecks$7
3827:             1             16  org.apache.cassandra.service.StartupChecks$9
3828:             1             16  org.apache.cassandra.service.StorageProxy
3829:             1             16  org.apache.cassandra.service.StorageProxy$1
3830:             1             16  org.apache.cassandra.service.StorageProxy$2
3831:             1             16  org.apache.cassandra.service.StorageProxy$3
3832:             1             16  org.apache.cassandra.service.StorageProxy$4
3833:             1             16  org.apache.cassandra.service.StorageService$$Lambda$251/836283328
3834:             1             16  org.apache.cassandra.service.StorageService$1
3835:             1             16  org.apache.cassandra.service.paxos.Commit$CommitSerializer
3836:             1             16  org.apache.cassandra.service.paxos.CommitVerbHandler
3837:             1             16  org.apache.cassandra.service.paxos.PrepareResponse$PrepareResponseSerializer
3838:             1             16  org.apache.cassandra.service.paxos.PrepareVerbHandler
3839:             1             16  org.apache.cassandra.service.paxos.ProposeVerbHandler
3840:             1             16  org.apache.cassandra.streaming.ReplicationFinishedVerbHandler
3841:             1             16  org.apache.cassandra.streaming.StreamHook$1
3842:             1             16  org.apache.cassandra.streaming.StreamRequest$StreamRequestSerializer
3843:             1             16  org.apache.cassandra.streaming.StreamSummary$StreamSummarySerializer
3844:             1             16  org.apache.cassandra.streaming.compress.CompressionInfo$CompressionInfoSerializer
3845:             1             16  org.apache.cassandra.streaming.messages.CompleteMessage$1
3846:             1             16  org.apache.cassandra.streaming.messages.FileMessageHeader$FileMessageHeaderSerializer
3847:             1             16  org.apache.cassandra.streaming.messages.IncomingFileMessage$1
3848:             1             16  org.apache.cassandra.streaming.messages.KeepAliveMessage$1
3849:             1             16  org.apache.cassandra.streaming.messages.OutgoingFileMessage$1
3850:             1             16  org.apache.cassandra.streaming.messages.PrepareMessage$1
3851:             1             16  org.apache.cassandra.streaming.messages.ReceivedMessage$1
3852:             1             16  org.apache.cassandra.streaming.messages.RetryMessage$1
3853:             1             16  org.apache.cassandra.streaming.messages.SessionFailedMessage$1
3854:             1             16  org.apache.cassandra.streaming.messages.StreamInitMessage$StreamInitMessageSerializer
3855:             1             16  org.apache.cassandra.thrift.Cassandra$Processor$add
3856:             1             16  org.apache.cassandra.thrift.Cassandra$Processor$atomic_batch_mutate
3857:             1             16  org.apache.cassandra.thrift.Cassandra$Processor$batch_mutate
3858:             1             16  org.apache.cassandra.thrift.Cassandra$Processor$cas
3859:             1             16  org.apache.cassandra.thrift.Cassandra$Processor$describe_cluster_name
3860:             1             16  org.apache.cassandra.thrift.Cassandra$Processor$describe_keyspace
3861:             1             16  org.apache.cassandra.thrift.Cassandra$Processor$describe_keyspaces
3862:             1             16  org.apache.cassandra.thrift.Cassandra$Processor$describe_local_ring
3863:             1             16  org.apache.cassandra.thrift.Cassandra$Processor$describe_partitioner
3864:             1             16  org.apache.cassandra.thrift.Cassandra$Processor$describe_ring
3865:             1             16  org.apache.cassandra.thrift.Cassandra$Processor$describe_schema_versions
3866:             1             16  org.apache.cassandra.thrift.Cassandra$Processor$describe_snitch
3867:             1             16  org.apache.cassandra.thrift.Cassandra$Processor$describe_splits
3868:             1             16  org.apache.cassandra.thrift.Cassandra$Processor$describe_splits_ex
3869:             1             16  org.apache.cassandra.thrift.Cassandra$Processor$describe_token_map
3870:             1             16  org.apache.cassandra.thrift.Cassandra$Processor$describe_version
3871:             1             16  org.apache.cassandra.thrift.Cassandra$Processor$execute_cql3_query
3872:             1             16  org.apache.cassandra.thrift.Cassandra$Processor$execute_cql_query
3873:             1             16  org.apache.cassandra.thrift.Cassandra$Processor$execute_prepared_cql3_query
3874:             1             16  org.apache.cassandra.thrift.Cassandra$Processor$execute_prepared_cql_query
3875:             1             16  org.apache.cassandra.thrift.Cassandra$Processor$get
3876:             1             16  org.apache.cassandra.thrift.Cassandra$Processor$get_count
3877:             1             16  org.apache.cassandra.thrift.Cassandra$Processor$get_indexed_slices
3878:             1             16  org.apache.cassandra.thrift.Cassandra$Processor$get_multi_slice
3879:             1             16  org.apache.cassandra.thrift.Cassandra$Processor$get_paged_slice
3880:             1             16  org.apache.cassandra.thrift.Cassandra$Processor$get_range_slices
3881:             1             16  org.apache.cassandra.thrift.Cassandra$Processor$get_slice
3882:             1             16  org.apache.cassandra.thrift.Cassandra$Processor$insert
3883:             1             16  org.apache.cassandra.thrift.Cassandra$Processor$login
3884:             1             16  org.apache.cassandra.thrift.Cassandra$Processor$multiget_count
3885:             1             16  org.apache.cassandra.thrift.Cassandra$Processor$multiget_slice
3886:             1             16  org.apache.cassandra.thrift.Cassandra$Processor$prepare_cql3_query
3887:             1             16  org.apache.cassandra.thrift.Cassandra$Processor$prepare_cql_query
3888:             1             16  org.apache.cassandra.thrift.Cassandra$Processor$remove
3889:             1             16  org.apache.cassandra.thrift.Cassandra$Processor$remove_counter
3890:             1             16  org.apache.cassandra.thrift.Cassandra$Processor$set_cql_version
3891:             1             16  org.apache.cassandra.thrift.Cassandra$Processor$set_keyspace
3892:             1             16  org.apache.cassandra.thrift.Cassandra$Processor$system_add_column_family
3893:             1             16  org.apache.cassandra.thrift.Cassandra$Processor$system_add_keyspace
3894:             1             16  org.apache.cassandra.thrift.Cassandra$Processor$system_drop_column_family
3895:             1             16  org.apache.cassandra.thrift.Cassandra$Processor$system_drop_keyspace
3896:             1             16  org.apache.cassandra.thrift.Cassandra$Processor$system_update_column_family
3897:             1             16  org.apache.cassandra.thrift.Cassandra$Processor$system_update_keyspace
3898:             1             16  org.apache.cassandra.thrift.Cassandra$Processor$trace_next_query
3899:             1             16  org.apache.cassandra.thrift.Cassandra$Processor$truncate
3900:             1             16  org.apache.cassandra.thrift.CassandraServer
3901:             1             16  org.apache.cassandra.thrift.CassandraServer$1
3902:             1             16  org.apache.cassandra.transport.CBUtil$1
3903:             1             16  org.apache.cassandra.transport.DataType$Codec
3904:             1             16  org.apache.cassandra.transport.FrameCompressor$SnappyCompressor
3905:             1             16  org.apache.cassandra.transport.Message$ExceptionHandler
3906:             1             16  org.apache.cassandra.transport.Server$1
3907:             1             16  org.apache.cassandra.transport.messages.AuthChallenge$1
3908:             1             16  org.apache.cassandra.transport.messages.AuthResponse$1
3909:             1             16  org.apache.cassandra.transport.messages.AuthSuccess$1
3910:             1             16  org.apache.cassandra.transport.messages.AuthenticateMessage$1
3911:             1             16  org.apache.cassandra.transport.messages.BatchMessage$1
3912:             1             16  org.apache.cassandra.transport.messages.CredentialsMessage$1
3913:             1             16  org.apache.cassandra.transport.messages.ErrorMessage$1
3914:             1             16  org.apache.cassandra.transport.messages.EventMessage$1
3915:             1             16  org.apache.cassandra.transport.messages.ExecuteMessage$1
3916:             1             16  org.apache.cassandra.transport.messages.OptionsMessage$1
3917:             1             16  org.apache.cassandra.transport.messages.PrepareMessage$1
3918:             1             16  org.apache.cassandra.transport.messages.QueryMessage$1
3919:             1             16  org.apache.cassandra.transport.messages.ReadyMessage$1
3920:             1             16  org.apache.cassandra.transport.messages.RegisterMessage$1
3921:             1             16  org.apache.cassandra.transport.messages.ResultMessage$1
3922:             1             16  org.apache.cassandra.transport.messages.ResultMessage$Prepared$1
3923:             1             16  org.apache.cassandra.transport.messages.ResultMessage$Rows$1
3924:             1             16  org.apache.cassandra.transport.messages.ResultMessage$SchemaChange$1
3925:             1             16  org.apache.cassandra.transport.messages.ResultMessage$SetKeyspace$1
3926:             1             16  org.apache.cassandra.transport.messages.ResultMessage$Void$1
3927:             1             16  org.apache.cassandra.transport.messages.StartupMessage$1
3928:             1             16  org.apache.cassandra.transport.messages.SupportedMessage$1
3929:             1             16  org.apache.cassandra.utils.AlwaysPresentFilter
3930:             1             16  org.apache.cassandra.utils.AsymmetricOrdering$Reversed
3931:             1             16  org.apache.cassandra.utils.BloomFilter$1
3932:             1             16  org.apache.cassandra.utils.BooleanSerializer
3933:             1             16  org.apache.cassandra.utils.CoalescingStrategies$1
3934:             1             16  org.apache.cassandra.utils.CoalescingStrategies$2
3935:             1             16  org.apache.cassandra.utils.EstimatedHistogram$EstimatedHistogramSerializer
3936:             1             16  org.apache.cassandra.utils.FBUtilities$1
3937:             1             16  org.apache.cassandra.utils.FastByteOperations$UnsafeOperations
3938:             1             16  org.apache.cassandra.utils.Interval$1
3939:             1             16  org.apache.cassandra.utils.Interval$2
3940:             1             16  org.apache.cassandra.utils.JVMStabilityInspector$Killer
3941:             1             16  org.apache.cassandra.utils.MerkleTree$Hashable$HashableSerializer
3942:             1             16  org.apache.cassandra.utils.MerkleTree$Inner$InnerSerializer
3943:             1             16  org.apache.cassandra.utils.MerkleTree$Leaf$LeafSerializer
3944:             1             16  org.apache.cassandra.utils.MerkleTree$MerkleTreeSerializer
3945:             1             16  org.apache.cassandra.utils.MerkleTrees$MerkleTreesSerializer
3946:             1             16  org.apache.cassandra.utils.NanoTimeToCurrentTimeMillis$$Lambda$245/1294515004
3947:             1             16  org.apache.cassandra.utils.NativeLibraryLinux
3948:             1             16  org.apache.cassandra.utils.NoSpamLogger$1
3949:             1             16  org.apache.cassandra.utils.StreamingHistogram$$Lambda$73/868918287
3950:             1             16  org.apache.cassandra.utils.StreamingHistogram$StreamingHistogramBuilder$$Lambda$131/952554801
3951:             1             16  org.apache.cassandra.utils.StreamingHistogram$StreamingHistogramBuilder$$Lambda$132/489965677
3952:             1             16  org.apache.cassandra.utils.StreamingHistogram$StreamingHistogramSerializer
3953:             1             16  org.apache.cassandra.utils.SystemTimeSource
3954:             1             16  org.apache.cassandra.utils.UUIDGen
3955:             1             16  org.apache.cassandra.utils.UUIDSerializer
3956:             1             16  org.apache.cassandra.utils.btree.BTree$$Lambda$199/179832892
3957:             1             16  org.apache.cassandra.utils.btree.UpdateFunction$$Lambda$26/1163088324
3958:             1             16  org.apache.cassandra.utils.concurrent.Ref$ReferenceReaper
3959:             1             16  org.apache.cassandra.utils.memory.BufferPool$1
3960:             1             16  org.apache.cassandra.utils.memory.BufferPool$2
3961:             1             16  org.apache.cassandra.utils.memory.HeapAllocator
3962:             1             16  org.apache.cassandra.utils.vint.VIntCoding$1
3963:             1             16  org.apache.commons.lang3.ObjectUtils$Null
3964:             1             16  org.apache.thrift.TProcessorFactory
3965:             1             16  org.apache.thrift.transport.TFramedTransport$Factory
3966:             1             16  org.cliffc.high_scale_lib.NonBlockingHashMap$1
3967:             1             16  org.cliffc.high_scale_lib.NonBlockingHashMap$Prime
3968:             1             16  org.cliffc.high_scale_lib.NonBlockingHashSet
3969:             1             16  org.codehaus.jackson.map.deser.std.AtomicBooleanDeserializer
3970:             1             16  org.codehaus.jackson.map.deser.std.ClassDeserializer
3971:             1             16  org.codehaus.jackson.map.deser.std.DateDeserializer
3972:             1             16  org.codehaus.jackson.map.deser.std.FromStringDeserializer$CharsetDeserializer
3973:             1             16  org.codehaus.jackson.map.deser.std.FromStringDeserializer$CurrencyDeserializer
3974:             1             16  org.codehaus.jackson.map.deser.std.FromStringDeserializer$InetAddressDeserializer
3975:             1             16  org.codehaus.jackson.map.deser.std.FromStringDeserializer$LocaleDeserializer
3976:             1             16  org.codehaus.jackson.map.deser.std.FromStringDeserializer$PatternDeserializer
3977:             1             16  org.codehaus.jackson.map.deser.std.FromStringDeserializer$TimeZoneDeserializer
3978:             1             16  org.codehaus.jackson.map.deser.std.FromStringDeserializer$URIDeserializer
3979:             1             16  org.codehaus.jackson.map.deser.std.FromStringDeserializer$URLDeserializer
3980:             1             16  org.codehaus.jackson.map.deser.std.FromStringDeserializer$UUIDDeserializer
3981:             1             16  org.codehaus.jackson.map.deser.std.JavaTypeDeserializer
3982:             1             16  org.codehaus.jackson.map.deser.std.PrimitiveArrayDeserializers
3983:             1             16  org.codehaus.jackson.map.deser.std.PrimitiveArrayDeserializers$BooleanDeser
3984:             1             16  org.codehaus.jackson.map.deser.std.PrimitiveArrayDeserializers$ByteDeser
3985:             1             16  org.codehaus.jackson.map.deser.std.PrimitiveArrayDeserializers$CharDeser
3986:             1             16  org.codehaus.jackson.map.deser.std.PrimitiveArrayDeserializers$DoubleDeser
3987:             1             16  org.codehaus.jackson.map.deser.std.PrimitiveArrayDeserializers$FloatDeser
3988:             1             16  org.codehaus.jackson.map.deser.std.PrimitiveArrayDeserializers$IntDeser
3989:             1             16  org.codehaus.jackson.map.deser.std.PrimitiveArrayDeserializers$LongDeser
3990:             1             16  org.codehaus.jackson.map.deser.std.PrimitiveArrayDeserializers$ShortDeser
3991:             1             16  org.codehaus.jackson.map.deser.std.PrimitiveArrayDeserializers$StringDeser
3992:             1             16  org.codehaus.jackson.map.deser.std.StdDeserializer$BigDecimalDeserializer
3993:             1             16  org.codehaus.jackson.map.deser.std.StdDeserializer$BigIntegerDeserializer
3994:             1             16  org.codehaus.jackson.map.deser.std.StdDeserializer$NumberDeserializer
3995:             1             16  org.codehaus.jackson.map.deser.std.StdDeserializer$SqlDateDeserializer
3996:             1             16  org.codehaus.jackson.map.deser.std.StdDeserializer$StackTraceElementDeserializer
3997:             1             16  org.codehaus.jackson.map.deser.std.StdKeyDeserializer$BoolKD
3998:             1             16  org.codehaus.jackson.map.deser.std.StdKeyDeserializer$ByteKD
3999:             1             16  org.codehaus.jackson.map.deser.std.StdKeyDeserializer$CalendarKD
4000:             1             16  org.codehaus.jackson.map.deser.std.StdKeyDeserializer$CharKD
4001:             1             16  org.codehaus.jackson.map.deser.std.StdKeyDeserializer$DateKD
4002:             1             16  org.codehaus.jackson.map.deser.std.StdKeyDeserializer$DoubleKD
4003:             1             16  org.codehaus.jackson.map.deser.std.StdKeyDeserializer$FloatKD
4004:             1             16  org.codehaus.jackson.map.deser.std.StdKeyDeserializer$IntKD
4005:             1             16  org.codehaus.jackson.map.deser.std.StdKeyDeserializer$LongKD
4006:             1             16  org.codehaus.jackson.map.deser.std.StdKeyDeserializer$UuidKD
4007:             1             16  org.codehaus.jackson.map.deser.std.StringDeserializer
4008:             1             16  org.codehaus.jackson.map.deser.std.TimestampDeserializer
4009:             1             16  org.codehaus.jackson.map.deser.std.TokenBufferDeserializer
4010:             1             16  org.codehaus.jackson.map.deser.std.UntypedObjectDeserializer
4011:             1             16  org.codehaus.jackson.map.ext.OptionalHandlerFactory
4012:             1             16  org.codehaus.jackson.map.introspect.BasicClassIntrospector
4013:             1             16  org.codehaus.jackson.map.introspect.BasicClassIntrospector$GetterMethodFilter
4014:             1             16  org.codehaus.jackson.map.introspect.BasicClassIntrospector$MinimalMethodFilter
4015:             1             16  org.codehaus.jackson.map.introspect.BasicClassIntrospector$SetterAndGetterMethodFilter
4016:             1             16  org.codehaus.jackson.map.introspect.BasicClassIntrospector$SetterMethodFilter
4017:             1             16  org.codehaus.jackson.map.introspect.JacksonAnnotationIntrospector
4018:             1             16  org.codehaus.jackson.map.ser.StdSerializers$DoubleSerializer
4019:             1             16  org.codehaus.jackson.map.ser.StdSerializers$FloatSerializer
4020:             1             16  org.codehaus.jackson.map.ser.StdSerializers$IntLikeSerializer
4021:             1             16  org.codehaus.jackson.map.ser.StdSerializers$IntegerSerializer
4022:             1             16  org.codehaus.jackson.map.ser.StdSerializers$LongSerializer
4023:             1             16  org.codehaus.jackson.map.ser.StdSerializers$SqlDateSerializer
4024:             1             16  org.codehaus.jackson.map.ser.StdSerializers$SqlTimeSerializer
4025:             1             16  org.codehaus.jackson.map.ser.impl.UnknownSerializer
4026:             1             16  org.codehaus.jackson.map.ser.std.CalendarSerializer
4027:             1             16  org.codehaus.jackson.map.ser.std.DateSerializer
4028:             1             16  org.codehaus.jackson.map.ser.std.NullSerializer
4029:             1             16  org.codehaus.jackson.map.ser.std.StdArraySerializers$ByteArraySerializer
4030:             1             16  org.codehaus.jackson.map.ser.std.StdArraySerializers$CharArraySerializer
4031:             1             16  org.codehaus.jackson.map.ser.std.StringSerializer
4032:             1             16  org.codehaus.jackson.map.ser.std.ToStringSerializer
4033:             1             16  org.codehaus.jackson.map.type.TypeParser
4034:             1             16  org.codehaus.jackson.node.JsonNodeFactory
4035:             1             16  org.github.jamm.MemoryLayoutSpecification$2
4036:             1             16  org.github.jamm.MemoryMeter$1
4037:             1             16  org.github.jamm.NoopMemoryMeterListener
4038:             1             16  org.github.jamm.NoopMemoryMeterListener$1
4039:             1             16  org.slf4j.helpers.NOPLoggerFactory
4040:             1             16  org.slf4j.helpers.SubstituteLoggerFactory
4041:             1             16  org.slf4j.impl.StaticMDCBinder
4042:             1             16  org.xerial.snappy.SnappyNative
4043:             1             16  org.yaml.snakeyaml.constructor.SafeConstructor$ConstructUndefined
4044:             1             16  org.yaml.snakeyaml.external.com.google.gdata.util.common.base.UnicodeEscaper$2
4045:             1             16  sun.management.ClassLoadingImpl
4046:             1             16  sun.management.GarbageCollectionNotifInfoCompositeData$1
4047:             1             16  sun.management.GcInfoCompositeData$1
4048:             1             16  sun.management.GcInfoCompositeData$2
4049:             1             16  sun.management.HotSpotDiagnostic
4050:             1             16  sun.management.ManagementFactoryHelper$PlatformLoggingImpl
4051:             1             16  sun.misc.ASCIICaseInsensitiveComparator
4052:             1             16  sun.misc.FloatingDecimal$1
4053:             1             16  sun.misc.FormattedFloatingDecimal$1
4054:             1             16  sun.misc.Launcher
4055:             1             16  sun.misc.Launcher$Factory
4056:             1             16  sun.misc.Perf
4057:             1             16  sun.misc.Unsafe
4058:             1             16  sun.net.DefaultProgressMeteringPolicy
4059:             1             16  sun.net.ExtendedOptionsImpl$$Lambda$242/263375929
4060:             1             16  sun.net.www.protocol.file.Handler
4061:             1             16  sun.net.www.protocol.jar.JarFileFactory
4062:             1             16  sun.nio.ch.EPollSelectorProvider
4063:             1             16  sun.nio.ch.ExtendedSocketOption$1
4064:             1             16  sun.nio.ch.FileChannelImpl$1
4065:             1             16  sun.nio.ch.Net$1
4066:             1             16  sun.nio.ch.Util$1
4067:             1             16  sun.nio.ch.Util$2
4068:             1             16  sun.nio.fs.LinuxFileSystemProvider
4069:             1             16  sun.reflect.GeneratedConstructorAccessor1
4070:             1             16  sun.reflect.GeneratedConstructorAccessor10
4071:             1             16  sun.reflect.GeneratedConstructorAccessor11
4072:             1             16  sun.reflect.GeneratedConstructorAccessor12
4073:             1             16  sun.reflect.GeneratedConstructorAccessor15
4074:             1             16  sun.reflect.GeneratedConstructorAccessor16
4075:             1             16  sun.reflect.GeneratedConstructorAccessor17
4076:             1             16  sun.reflect.GeneratedConstructorAccessor18
4077:             1             16  sun.reflect.GeneratedConstructorAccessor19
4078:             1             16  sun.reflect.GeneratedConstructorAccessor2
4079:             1             16  sun.reflect.GeneratedConstructorAccessor20
4080:             1             16  sun.reflect.GeneratedConstructorAccessor21
4081:             1             16  sun.reflect.GeneratedConstructorAccessor22
4082:             1             16  sun.reflect.GeneratedConstructorAccessor23
4083:             1             16  sun.reflect.GeneratedConstructorAccessor24
4084:             1             16  sun.reflect.GeneratedConstructorAccessor3
4085:             1             16  sun.reflect.GeneratedConstructorAccessor4
4086:             1             16  sun.reflect.GeneratedConstructorAccessor5
4087:             1             16  sun.reflect.GeneratedConstructorAccessor6
4088:             1             16  sun.reflect.GeneratedConstructorAccessor7
4089:             1             16  sun.reflect.GeneratedConstructorAccessor8
4090:             1             16  sun.reflect.GeneratedConstructorAccessor9
4091:             1             16  sun.reflect.GeneratedMethodAccessor1
4092:             1             16  sun.reflect.GeneratedMethodAccessor10
4093:             1             16  sun.reflect.GeneratedMethodAccessor11
4094:             1             16  sun.reflect.GeneratedMethodAccessor12
4095:             1             16  sun.reflect.GeneratedMethodAccessor13
4096:             1             16  sun.reflect.GeneratedMethodAccessor14
4097:             1             16  sun.reflect.GeneratedMethodAccessor15
4098:             1             16  sun.reflect.GeneratedMethodAccessor16
4099:             1             16  sun.reflect.GeneratedMethodAccessor17
4100:             1             16  sun.reflect.GeneratedMethodAccessor18
4101:             1             16  sun.reflect.GeneratedMethodAccessor19
4102:             1             16  sun.reflect.GeneratedMethodAccessor2
4103:             1             16  sun.reflect.GeneratedMethodAccessor20
4104:             1             16  sun.reflect.GeneratedMethodAccessor21
4105:             1             16  sun.reflect.GeneratedMethodAccessor22
4106:             1             16  sun.reflect.GeneratedMethodAccessor23
4107:             1             16  sun.reflect.GeneratedMethodAccessor24
4108:             1             16  sun.reflect.GeneratedMethodAccessor25
4109:             1             16  sun.reflect.GeneratedMethodAccessor26
4110:             1             16  sun.reflect.GeneratedMethodAccessor27
4111:             1             16  sun.reflect.GeneratedMethodAccessor28
4112:             1             16  sun.reflect.GeneratedMethodAccessor29
4113:             1             16  sun.reflect.GeneratedMethodAccessor3
4114:             1             16  sun.reflect.GeneratedMethodAccessor30
4115:             1             16  sun.reflect.GeneratedMethodAccessor31
4116:             1             16  sun.reflect.GeneratedMethodAccessor32
4117:             1             16  sun.reflect.GeneratedMethodAccessor33
4118:             1             16  sun.reflect.GeneratedMethodAccessor34
4119:             1             16  sun.reflect.GeneratedMethodAccessor35
4120:             1             16  sun.reflect.GeneratedMethodAccessor36
4121:             1             16  sun.reflect.GeneratedMethodAccessor37
4122:             1             16  sun.reflect.GeneratedMethodAccessor38
4123:             1             16  sun.reflect.GeneratedMethodAccessor39
4124:             1             16  sun.reflect.GeneratedMethodAccessor4
4125:             1             16  sun.reflect.GeneratedMethodAccessor40
4126:             1             16  sun.reflect.GeneratedMethodAccessor41
4127:             1             16  sun.reflect.GeneratedMethodAccessor42
4128:             1             16  sun.reflect.GeneratedMethodAccessor43
4129:             1             16  sun.reflect.GeneratedMethodAccessor44
4130:             1             16  sun.reflect.GeneratedMethodAccessor45
4131:             1             16  sun.reflect.GeneratedMethodAccessor46
4132:             1             16  sun.reflect.GeneratedMethodAccessor47
4133:             1             16  sun.reflect.GeneratedMethodAccessor48
4134:             1             16  sun.reflect.GeneratedMethodAccessor49
4135:             1             16  sun.reflect.GeneratedMethodAccessor5
4136:             1             16  sun.reflect.GeneratedMethodAccessor50
4137:             1             16  sun.reflect.GeneratedMethodAccessor51
4138:             1             16  sun.reflect.GeneratedMethodAccessor52
4139:             1             16  sun.reflect.GeneratedMethodAccessor53
4140:             1             16  sun.reflect.GeneratedMethodAccessor54
4141:             1             16  sun.reflect.GeneratedMethodAccessor55
4142:             1             16  sun.reflect.GeneratedMethodAccessor56
4143:             1             16  sun.reflect.GeneratedMethodAccessor57
4144:             1             16  sun.reflect.GeneratedMethodAccessor58
4145:             1             16  sun.reflect.GeneratedMethodAccessor59
4146:             1             16  sun.reflect.GeneratedMethodAccessor6
4147:             1             16  sun.reflect.GeneratedMethodAccessor60
4148:             1             16  sun.reflect.GeneratedMethodAccessor61
4149:             1             16  sun.reflect.GeneratedMethodAccessor62
4150:             1             16  sun.reflect.GeneratedMethodAccessor63
4151:             1             16  sun.reflect.GeneratedMethodAccessor64
4152:             1             16  sun.reflect.GeneratedMethodAccessor65
4153:             1             16  sun.reflect.GeneratedMethodAccessor66
4154:             1             16  sun.reflect.GeneratedMethodAccessor67
4155:             1             16  sun.reflect.GeneratedMethodAccessor68
4156:             1             16  sun.reflect.GeneratedMethodAccessor69
4157:             1             16  sun.reflect.GeneratedMethodAccessor7
4158:             1             16  sun.reflect.GeneratedMethodAccessor70
4159:             1             16  sun.reflect.GeneratedMethodAccessor71
4160:             1             16  sun.reflect.GeneratedMethodAccessor72
4161:             1             16  sun.reflect.GeneratedMethodAccessor73
4162:             1             16  sun.reflect.GeneratedMethodAccessor74
4163:             1             16  sun.reflect.GeneratedMethodAccessor75
4164:             1             16  sun.reflect.GeneratedMethodAccessor76
4165:             1             16  sun.reflect.GeneratedMethodAccessor77
4166:             1             16  sun.reflect.GeneratedMethodAccessor78
4167:             1             16  sun.reflect.GeneratedMethodAccessor79
4168:             1             16  sun.reflect.GeneratedMethodAccessor8
4169:             1             16  sun.reflect.GeneratedMethodAccessor80
4170:             1             16  sun.reflect.GeneratedMethodAccessor81
4171:             1             16  sun.reflect.GeneratedMethodAccessor82
4172:             1             16  sun.reflect.GeneratedMethodAccessor83
4173:             1             16  sun.reflect.GeneratedMethodAccessor84
4174:             1             16  sun.reflect.GeneratedMethodAccessor85
4175:             1             16  sun.reflect.GeneratedMethodAccessor86
4176:             1             16  sun.reflect.GeneratedMethodAccessor87
4177:             1             16  sun.reflect.GeneratedMethodAccessor88
4178:             1             16  sun.reflect.GeneratedMethodAccessor89
4179:             1             16  sun.reflect.GeneratedMethodAccessor9
4180:             1             16  sun.reflect.GeneratedMethodAccessor90
4181:             1             16  sun.reflect.GeneratedMethodAccessor91
4182:             1             16  sun.reflect.GeneratedMethodAccessor92
4183:             1             16  sun.reflect.GeneratedSerializationConstructorAccessor1
4184:             1             16  sun.reflect.GeneratedSerializationConstructorAccessor10
4185:             1             16  sun.reflect.GeneratedSerializationConstructorAccessor11
4186:             1             16  sun.reflect.GeneratedSerializationConstructorAccessor12
4187:             1             16  sun.reflect.GeneratedSerializationConstructorAccessor13
4188:             1             16  sun.reflect.GeneratedSerializationConstructorAccessor14
4189:             1             16  sun.reflect.GeneratedSerializationConstructorAccessor15
4190:             1             16  sun.reflect.GeneratedSerializationConstructorAccessor16
4191:             1             16  sun.reflect.GeneratedSerializationConstructorAccessor17
4192:             1             16  sun.reflect.GeneratedSerializationConstructorAccessor18
4193:             1             16  sun.reflect.GeneratedSerializationConstructorAccessor19
4194:             1             16  sun.reflect.GeneratedSerializationConstructorAccessor2
4195:             1             16  sun.reflect.GeneratedSerializationConstructorAccessor20
4196:             1             16  sun.reflect.GeneratedSerializationConstructorAccessor21
4197:             1             16  sun.reflect.GeneratedSerializationConstructorAccessor22
4198:             1             16  sun.reflect.GeneratedSerializationConstructorAccessor23
4199:             1             16  sun.reflect.GeneratedSerializationConstructorAccessor24
4200:             1             16  sun.reflect.GeneratedSerializationConstructorAccessor25
4201:             1             16  sun.reflect.GeneratedSerializationConstructorAccessor26
4202:             1             16  sun.reflect.GeneratedSerializationConstructorAccessor27
4203:             1             16  sun.reflect.GeneratedSerializationConstructorAccessor28
4204:             1             16  sun.reflect.GeneratedSerializationConstructorAccessor29
4205:             1             16  sun.reflect.GeneratedSerializationConstructorAccessor3
4206:             1             16  sun.reflect.GeneratedSerializationConstructorAccessor30
4207:             1             16  sun.reflect.GeneratedSerializationConstructorAccessor31
4208:             1             16  sun.reflect.GeneratedSerializationConstructorAccessor32
4209:             1             16  sun.reflect.GeneratedSerializationConstructorAccessor33
4210:             1             16  sun.reflect.GeneratedSerializationConstructorAccessor34
4211:             1             16  sun.reflect.GeneratedSerializationConstructorAccessor35
4212:             1             16  sun.reflect.GeneratedSerializationConstructorAccessor36
4213:             1             16  sun.reflect.GeneratedSerializationConstructorAccessor37
4214:             1             16  sun.reflect.GeneratedSerializationConstructorAccessor38
4215:             1             16  sun.reflect.GeneratedSerializationConstructorAccessor39
4216:             1             16  sun.reflect.GeneratedSerializationConstructorAccessor4
4217:             1             16  sun.reflect.GeneratedSerializationConstructorAccessor40
4218:             1             16  sun.reflect.GeneratedSerializationConstructorAccessor41
4219:             1             16  sun.reflect.GeneratedSerializationConstructorAccessor42
4220:             1             16  sun.reflect.GeneratedSerializationConstructorAccessor43
4221:             1             16  sun.reflect.GeneratedSerializationConstructorAccessor44
4222:             1             16  sun.reflect.GeneratedSerializationConstructorAccessor45
4223:             1             16  sun.reflect.GeneratedSerializationConstructorAccessor46
4224:             1             16  sun.reflect.GeneratedSerializationConstructorAccessor47
4225:             1             16  sun.reflect.GeneratedSerializationConstructorAccessor48
4226:             1             16  sun.reflect.GeneratedSerializationConstructorAccessor49
4227:             1             16  sun.reflect.GeneratedSerializationConstructorAccessor5
4228:             1             16  sun.reflect.GeneratedSerializationConstructorAccessor50
4229:             1             16  sun.reflect.GeneratedSerializationConstructorAccessor51
4230:             1             16  sun.reflect.GeneratedSerializationConstructorAccessor52
4231:             1             16  sun.reflect.GeneratedSerializationConstructorAccessor6
4232:             1             16  sun.reflect.GeneratedSerializationConstructorAccessor7
4233:             1             16  sun.reflect.GeneratedSerializationConstructorAccessor8
4234:             1             16  sun.reflect.GeneratedSerializationConstructorAccessor9
4235:             1             16  sun.reflect.ReflectionFactory
4236:             1             16  sun.reflect.generics.tree.BooleanSignature
4237:             1             16  sun.reflect.generics.tree.BottomSignature
4238:             1             16  sun.reflect.generics.tree.VoidDescriptor
4239:             1             16  sun.rmi.registry.RegistryImpl_Skel
4240:             1             16  sun.rmi.registry.RegistryImpl_Stub
4241:             1             16  sun.rmi.runtime.Log$LoggerLogFactory
4242:             1             16  sun.rmi.runtime.RuntimeUtil
4243:             1             16  sun.rmi.server.UnicastRef2
4244:             1             16  sun.rmi.server.UnicastServerRef$HashToMethod_Maps
4245:             1             16  sun.rmi.transport.DGCImpl$1
4246:             1             16  sun.rmi.transport.DGCImpl_Skel
4247:             1             16  sun.rmi.transport.DGCImpl_Stub
4248:             1             16  sun.rmi.transport.proxy.RMIDirectSocketFactory
4249:             1             16  sun.rmi.transport.tcp.TCPTransport$1
4250:             1             16  sun.security.rsa.RSAKeyFactory
4251:             1             16  sun.security.ssl.EphemeralKeyManager
4252:             1             16  sun.security.util.AlgorithmDecomposer
4253:             1             16  sun.security.util.ByteArrayLexOrder
4254:             1             16  sun.security.util.ByteArrayTagOrder
4255:             1             16  sun.text.normalizer.NormalizerBase$Mode
4256:             1             16  sun.text.normalizer.NormalizerBase$NFCMode
4257:             1             16  sun.text.normalizer.NormalizerBase$NFDMode
4258:             1             16  sun.text.normalizer.NormalizerBase$NFKCMode
4259:             1             16  sun.text.normalizer.NormalizerBase$NFKDMode
4260:             1             16  sun.util.calendar.Gregorian
4261:             1             16  sun.util.locale.provider.AuxLocaleProviderAdapter$NullProvider
4262:             1             16  sun.util.locale.provider.CalendarDataUtility$CalendarWeekParameterGetter
4263:             1             16  sun.util.locale.provider.SPILocaleProviderAdapter
4264:             1             16  sun.util.resources.LocaleData
4265:             1             16  sun.util.resources.LocaleData$LocaleDataResourceBundleControl
